###############################################################################
#
# IAR ELF Linker V2.20.1.176 for STM8                     17/Jul/2018  10:20:12
# Copyright 2010-2015 IAR Systems AB.
#
#    Output file  =  
#        F:\0中科君达\0项目\NB水表\IAP\BLD\PROJECT\Debug\Exe\project.out
#    Map file     =  
#        F:\0中科君达\0项目\NB水表\IAP\BLD\PROJECT\Debug\List\project.map
#    Command line =  
#        F:\0中科君达\0项目\NB水表\IAP\BLD\PROJECT\Debug\Obj\BC95.o
#        F:\0中科君达\0项目\NB水表\IAP\BLD\PROJECT\Debug\Obj\Globaldata.o
#        F:\0中科君达\0项目\NB水表\IAP\BLD\PROJECT\Debug\Obj\IAP.o
#        F:\0中科君达\0项目\NB水表\IAP\BLD\PROJECT\Debug\Obj\main.o
#        F:\0中科君达\0项目\NB水表\IAP\BLD\PROJECT\Debug\Obj\mcu_init.o
#        F:\0中科君达\0项目\NB水表\IAP\BLD\PROJECT\Debug\Obj\Pulse_Acquire.o
#        F:\0中科君达\0项目\NB水表\IAP\BLD\PROJECT\Debug\Obj\rtc.o
#        F:\0中科君达\0项目\NB水表\IAP\BLD\PROJECT\Debug\Obj\Save.o
#        F:\0中科君达\0项目\NB水表\IAP\BLD\PROJECT\Debug\Obj\stm8l15x_adc.o
#        F:\0中科君达\0项目\NB水表\IAP\BLD\PROJECT\Debug\Obj\stm8l15x_clk.o
#        F:\0中科君达\0项目\NB水表\IAP\BLD\PROJECT\Debug\Obj\stm8l15x_exti.o
#        F:\0中科君达\0项目\NB水表\IAP\BLD\PROJECT\Debug\Obj\stm8l15x_flash.o
#        F:\0中科君达\0项目\NB水表\IAP\BLD\PROJECT\Debug\Obj\stm8l15x_gpio.o
#        F:\0中科君达\0项目\NB水表\IAP\BLD\PROJECT\Debug\Obj\stm8l15x_it.o
#        F:\0中科君达\0项目\NB水表\IAP\BLD\PROJECT\Debug\Obj\stm8l15x_itc.o
#        F:\0中科君达\0项目\NB水表\IAP\BLD\PROJECT\Debug\Obj\stm8l15x_iwdg.o
#        F:\0中科君达\0项目\NB水表\IAP\BLD\PROJECT\Debug\Obj\stm8l15x_pwr.o
#        F:\0中科君达\0项目\NB水表\IAP\BLD\PROJECT\Debug\Obj\stm8l15x_rtc.o
#        F:\0中科君达\0项目\NB水表\IAP\BLD\PROJECT\Debug\Obj\stm8l15x_syscfg.o
#        F:\0中科君达\0项目\NB水表\IAP\BLD\PROJECT\Debug\Obj\stm8l15x_usart.o
#        F:\0中科君达\0项目\NB水表\IAP\BLD\PROJECT\Debug\Obj\Sys_Timer.o
#        F:\0中科君达\0项目\NB水表\IAP\BLD\PROJECT\Debug\Obj\Temperature.o
#        F:\0中科君达\0项目\NB水表\IAP\BLD\PROJECT\Debug\Obj\uart.o --redirect
#        _Printf=_PrintfSmall --redirect _Scanf=_ScanfSmall -o
#        F:\0中科君达\0项目\NB水表\IAP\BLD\PROJECT\Debug\Exe\project.out --map
#        F:\0中科君达\0项目\NB水表\IAP\BLD\PROJECT\Debug\List\project.map
#        --config
#        F:\0中科君达\0项目\NB水表\IAP\BLD\PROJECT\..\Linker\lnkstm8l151c8.icf
#        --config_def _CSTACK_SIZE=0x100 --config_def _HEAP_SIZE=0x100 --entry
#        __iar_program_start --debug_lib
#
###############################################################################

*******************************************************************************
*** RUNTIME MODEL ATTRIBUTES
***

__SystemLibrary            = DLib
__code_model               = medium_or_large
__core                     = stm8
__data_model               = medium
__dlib_file_descriptor     = 0
__dlib_full_locale_support = 0
__rt_version               = 4


*******************************************************************************
*** PLACEMENT SUMMARY
***

"A1":  place at start of [0x000000-0x0000ff] { rw section .vregs };
"A2":  place at end of [0x000000-0x000fff] { block CSTACK };
"P2":  place in [from 0x000000 to 0x000fff] {
          block HEAP, rw section __DLIB_PERTHREAD, rw section .far.bss,
          rw section .far.data, rw section .far.noinit,
          rw section .far_func.textrw, rw section .huge.bss,
          rw section .huge.data, rw section .huge.noinit,
          rw section .huge_func.textrw, rw section .iar.dynexit,
          rw section .near.bss, rw section .near.data, rw section .near.noinit,
          rw section .near_func.textrw };
"A3":  place at start of [0x008000-0x00dfff] { block INTVEC };
"P3":  place in [from 0x008000 to 0x00dfff] {
          ro section __DLIB_PERTHREAD_init, ro section .far.data_init,
          ro section .far_func.textrw_init, ro section .huge.data_init,
          ro section .huge_func.textrw_init, ro section .iar.init_table,
          ro section .init_array, ro section .near.data_init,
          ro section .near.rodata, ro section .near_func.text,
          ro section .near_func.textrw_init, ro section .tiny.data_init,
          ro section .tiny.rodata_init };
"P4":  place in [from 0x008000 to 0x00dfff] {
          ro section .far.rodata, ro section .far_func.text };
"P5":  place in [from 0x008000 to 0x00dfff] {
          ro section .huge.rodata, ro section .huge_func.text };

  Section          Kind      Address    Size  Object
  -------          ----      -------    ----  ------
"A1":                                   0x10
  .vregs           uninit   0x000000    0x10  vregs.o [4]
                          - 0x000010    0x10

"P2":                                  0x883
  .near.bss        zero     0x000010   0x2d1  uart.o [1]
  .near.bss        zero     0x0002e1   0x2c6  BC95.o [1]
  .near.bss        zero     0x0005a7   0x211  uart.o [1]
  .near.bss        zero     0x0007b8    0xaa  Sys_Timer.o [1]
  .near.bss        zero     0x000862     0x7  Globaldata.o [1]
  .near.bss        zero     0x000869     0x7  rtc.o [1]
  .near.bss        zero     0x000870     0x5  Pulse_Acquire.o [1]
  .near.bss        zero     0x000875     0x4  Globaldata.o [1]
  .near.bss        zero     0x000879     0x4  IAP.o [1]
  .near.bss        zero     0x00087d     0x4  rtc.o [1]
  .near.bss        zero     0x000881     0x4  rtc.o [1]
  .near.bss        zero     0x000885     0x2  Globaldata.o [1]
  .near.bss        zero     0x000887     0x2  Globaldata.o [1]
  .near.bss        zero     0x000889     0x2  Globaldata.o [1]
  .near.bss        zero     0x00088b     0x2  rtc.o [1]
  .near.bss        zero     0x00088d     0x1  Globaldata.o [1]
  .near.bss        zero     0x00088e     0x1  Globaldata.o [1]
  .near.bss        zero     0x00088f     0x1  Globaldata.o [1]
  .near.bss        zero     0x000890     0x1  Globaldata.o [1]
  .near.bss        zero     0x000891     0x1  Globaldata.o [1]
  .near.bss        zero     0x000892     0x1  Sys_Timer.o [1]
                          - 0x000893   0x883

"A2":                                  0x100
  CSTACK                    0x000f00   0x100  <Block>
    CSTACK         uninit   0x000f00   0x100  <Block tail>
                          - 0x001000   0x100

"A3":                                   0x80
  INTVEC                    0x008000    0x80  <Block>
    .intvec        const    0x008000    0x80  interrupt.o [4]
                          - 0x008080    0x80

"P3":                                  0x522
  .near.rodata     const    0x008080   0x14c  Temperature.o [1]
  .near.rodata     const    0x0081cc   0x140  BC95.o [1]
  .near.rodata     const    0x00830c    0x80  BC95.o [1]
  .near.rodata     const    0x00838c    0x80  IAP.o [1]
  .near.rodata     const    0x00840c    0x40  BC95.o [1]
  .iar.init_table  const    0x00844c     0x9  - Linker created -
  .near.rodata     const    0x008455    0x1f  BC95.o [1]
  .near.rodata     const    0x008474    0x1b  BC95.o [1]
  .near.rodata     const    0x00848f     0xc  BC95.o [1]
  .near.rodata     const    0x00849b     0xc  BC95.o [1]
  .near.rodata     const    0x0084a7     0xc  BC95.o [1]
  .near.rodata     const    0x0084b3     0xc  BC95.o [1]
  .near.rodata     const    0x0084bf     0xc  BC95.o [1]
  .near.rodata     const    0x0084cb     0xc  IAP.o [1]
  .near.rodata     const    0x0084d7     0xb  BC95.o [1]
  .near.rodata     const    0x0084e2     0xb  BC95.o [1]
  .near.rodata     const    0x0084ed     0xb  BC95.o [1]
  .near.rodata     const    0x0084f8     0xb  BC95.o [1]
  .near.rodata     const    0x008503     0xb  BC95.o [1]
  .near.rodata     const    0x00850e     0xb  BC95.o [1]
  .near.rodata     const    0x008519     0xb  BC95.o [1]
  .near.rodata     const    0x008524     0xb  IAP.o [1]
  .near.rodata     const    0x00852f     0xb  Save.o [1]
  .near.rodata     const    0x00853a     0xa  BC95.o [1]
  .near.rodata     const    0x008544     0x9  BC95.o [1]
  .near.rodata     const    0x00854d     0x9  BC95.o [1]
  .near.rodata     const    0x008556     0x9  BC95.o [1]
  .near.rodata     const    0x00855f     0x9  BC95.o [1]
  .near.rodata     const    0x008568     0x9  BC95.o [1]
  .near.rodata     const    0x008571     0x8  BC95.o [1]
  .near.rodata     const    0x008579     0x7  BC95.o [1]
  .near.rodata     const    0x008580     0x6  BC95.o [1]
  .near.rodata     const    0x008586     0x6  BC95.o [1]
  .near.rodata     const    0x00858c     0x5  BC95.o [1]
  .near.rodata     const    0x008591     0x5  BC95.o [1]
  .near.rodata     const    0x008596     0x5  stm8l15x_clk.o [1]
  .near.rodata     const    0x00859b     0x4  BC95.o [1]
  .near.rodata     const    0x00859f     0x3  BC95.o [1]
                          - 0x0085a2   0x522

"P4":                                  0x728
  .far_func.text   ro code  0x0085a2   0x296  float.o [4]
  .far_func.text   ro code  0x008838   0x166  vreg_util.o [4]
  .far_func.text   ro code  0x00899e    0xe1  long.o [4]
  .far_func.text   ro code  0x008a7f    0x58  dc_util.o [4]
  .far_func.text   ro code  0x008ad7    0x48  long_util.o [4]
  .far_func.text   ro code  0x008b1f    0x44  strstr.o [4]
  .far_func.text   ro code  0x008b63    0x3a  short.o [4]
  .far_func.text   ro code  0x008b9d    0x2a  far_util.o [4]
  .far_func.text   ro code  0x008bc7    0x26  memcpy.o [4]
  .far_func.text   ro code  0x008bed    0x1f  move.o [4]
  .far_func.text   ro code  0x008c0c    0x1e  init.o [4]
  .far_func.text   ro code  0x008c2a    0x1e  init_small.o [4]
  .far_func.text   ro code  0x008c48    0x17  cstartup.o [4]
  .far_func.text   ro code  0x008c5f    0x17  memset.o [4]
  .far_func.text   ro code  0x008c76    0x16  __dbg_xxexit.o [3]
  .far_func.text   ro code  0x008c8c    0x14  char.o [4]
  .far_func.text   ro code  0x008ca0     0xb  abs.o [4]
  .far_func.text   ro code  0x008cab     0xa  far.o [4]
  .far_func.text   ro code  0x008cb5     0x6  cexit.o [4]
  .far_func.text   ro code  0x008cbb     0x4  interrupt.o [4]
  .far_func.text   ro code  0x008cbf     0x4  exit.o [4]
  .far_func.text   ro code  0x008cc3     0x3  low_level_init.o [4]
  .far_func.text   ro code  0x008cc6     0x3  unhandled_exception.o [4]
  .far_func.text   ro code  0x008cc9     0x1  __dbg_break.o [3]
                          - 0x008cca   0x728

"P5":                                 0x47e8
  .huge_func.text  ro code  0x008cca   0xc05  BC95.o [1]
  .huge_func.text  ro code  0x0098cf   0x868  BC95.o [1]
  .huge_func.text  ro code  0x00a137   0x7c6  BC95.o [1]
  .huge_func.text  ro code  0x00a8fd   0x5a1  BC95.o [1]
  .huge_func.text  ro code  0x00ae9e   0x1b1  Sys_Timer.o [1]
  .huge_func.text  ro code  0x00b04f   0x1a1  stm8l15x_itc.o [1]
  .huge_func.text  ro code  0x00b1f0   0x157  stm8l15x_rtc.o [1]
  .huge_func.text  ro code  0x00b347   0x130  stm8l15x_exti.o [1]
  .huge_func.text  ro code  0x00b477   0x130  Sys_Timer.o [1]
  .huge_func.text  ro code  0x00b5a7    0xfe  IAP.o [1]
  .huge_func.text  ro code  0x00b6a5    0xe2  Save.o [1]
  .huge_func.text  ro code  0x00b787    0xde  stm8l15x_usart.o [1]
  .huge_func.text  ro code  0x00b865    0xdb  Temperature.o [1]
  .huge_func.text  ro code  0x00b940    0xd4  IAP.o [1]
  .huge_func.text  ro code  0x00ba14    0xc0  main.o [1]
  .huge_func.text  ro code  0x00bad4    0xbe  stm8l15x_rtc.o [1]
  .huge_func.text  ro code  0x00bb92    0xbc  mcu_init.o [1]
  .huge_func.text  ro code  0x00bc4e    0xb0  stm8l15x_rtc.o [1]
  .huge_func.text  ro code  0x00bcfe    0xaf  stm8l15x_gpio.o [1]
  .huge_func.text  ro code  0x00bdad    0xae  Save.o [1]
  .huge_func.text  ro code  0x00be5b    0xae  stm8l15x_usart.o [1]
  .huge_func.text  ro code  0x00bf09    0xa8  rtc.o [1]
  .huge_func.text  ro code  0x00bfb1    0x9f  Pulse_Acquire.o [1]
  .huge_func.text  ro code  0x00c050    0x9e  stm8l15x_clk.o [1]
  .huge_func.text  ro code  0x00c0ee    0x9a  stm8l15x_clk.o [1]
  .huge_func.text  ro code  0x00c188    0x96  BC95.o [1]
  .huge_func.text  ro code  0x00c21e    0x96  uart.o [1]
  .huge_func.text  ro code  0x00c2b4    0x96  uart.o [1]
  .huge_func.text  ro code  0x00c34a    0x95  stm8l15x_usart.o [1]
  .huge_func.text  ro code  0x00c3df    0x94  stm8l15x_clk.o [1]
  .huge_func.text  ro code  0x00c473    0x8d  uart.o [1]
  .huge_func.text  ro code  0x00c500    0x6a  mcu_init.o [1]
  .huge_func.text  ro code  0x00c56a    0x6a  Pulse_Acquire.o [1]
  .huge_func.text  ro code  0x00c5d4    0x6a  rtc.o [1]
  .huge_func.text  ro code  0x00c63e    0x63  Sys_Timer.o [1]
  .huge_func.text  ro code  0x00c6a1    0x60  stm8l15x_rtc.o [1]
  .huge_func.text  ro code  0x00c701    0x5f  stm8l15x_rtc.o [1]
  .huge_func.text  ro code  0x00c760    0x5b  uart.o [1]
  .huge_func.text  ro code  0x00c7bb    0x5b  uart.o [1]
  .huge_func.text  ro code  0x00c816    0x5a  main.o [1]
  .huge_func.text  ro code  0x00c870    0x5a  mcu_init.o [1]
  .huge_func.text  ro code  0x00c8ca    0x59  stm8l15x_exti.o [1]
  .huge_func.text  ro code  0x00c923    0x59  stm8l15x_flash.o [1]
  .huge_func.text  ro code  0x00c97c    0x58  stm8l15x_rtc.o [1]
  .huge_func.text  ro code  0x00c9d4    0x58  Sys_Timer.o [1]
  .huge_func.text  ro code  0x00ca2c    0x55  stm8l15x_rtc.o [1]
  .huge_func.text  ro code  0x00ca81    0x51  stm8l15x_adc.o [1]
  .huge_func.text  ro code  0x00cad2    0x4f  mcu_init.o [1]
  .huge_func.text  ro code  0x00cb21    0x4e  stm8l15x_adc.o [1]
  .huge_func.text  ro code  0x00cb6f    0x46  Globaldata.o [1]
  .huge_func.text  ro code  0x00cbb5    0x45  stm8l15x_rtc.o [1]
  .huge_func.text  ro code  0x00cbfa    0x3f  stm8l15x_exti.o [1]
  .huge_func.text  ro code  0x00cc39    0x3e  stm8l15x_usart.o [1]
  .huge_func.text  ro code  0x00cc77    0x3c  rtc.o [1]
  .huge_func.text  ro code  0x00ccb3    0x3b  BC95.o [1]
  .huge_func.text  ro code  0x00ccee    0x3b  stm8l15x_rtc.o [1]
  .huge_func.text  ro code  0x00cd29    0x37  stm8l15x_rtc.o [1]
  .huge_func.text  ro code  0x00cd60    0x36  main.o [1]
  .huge_func.text  ro code  0x00cd96    0x36  main.o [1]
  .huge_func.text  ro code  0x00cdcc    0x36  stm8l15x_exti.o [1]
  .huge_func.text  ro code  0x00ce02    0x33  Pulse_Acquire.o [1]
  .huge_func.text  ro code  0x00ce35    0x32  Save.o [1]
  .huge_func.text  ro code  0x00ce67    0x32  uart.o [1]
  .huge_func.text  ro code  0x00ce99    0x2f  stm8l15x_adc.o [1]
  .huge_func.text  ro code  0x00cec8    0x2e  stm8l15x_rtc.o [1]
  .huge_func.text  ro code  0x00cef6    0x2d  rtc.o [1]
  .huge_func.text  ro code  0x00cf23    0x2c  rtc.o [1]
  .huge_func.text  ro code  0x00cf4f    0x2c  stm8l15x_rtc.o [1]
  .huge_func.text  ro code  0x00cf7b    0x2b  stm8l15x_usart.o [1]
  .huge_func.text  ro code  0x00cfa6    0x29  rtc.o [1]
  .huge_func.text  ro code  0x00cfcf    0x28  BC95.o [1]
  .huge_func.text  ro code  0x00cff7    0x28  stm8l15x_adc.o [1]
  .huge_func.text  ro code  0x00d01f    0x24  BC95.o [1]
  .huge_func.text  ro code  0x00d043    0x24  IAP.o [1]
  .huge_func.text  ro code  0x00d067    0x24  Save.o [1]
  .huge_func.text  ro code  0x00d08b    0x24  Save.o [1]
  .huge_func.text  ro code  0x00d0af    0x23  Globaldata.o [1]
  .huge_func.text  ro code  0x00d0d2    0x23  stm8l15x_it.o [1]
  .huge_func.text  ro code  0x00d0f5    0x23  stm8l15x_rtc.o [1]
  .huge_func.text  ro code  0x00d118    0x22  stm8l15x_exti.o [1]
  .huge_func.text  ro code  0x00d13a    0x20  stm8l15x_rtc.o [1]
  .huge_func.text  ro code  0x00d15a    0x1e  stm8l15x_adc.o [1]
  .huge_func.text  ro code  0x00d178    0x1d  BC95.o [1]
  .huge_func.text  ro code  0x00d195    0x1b  Globaldata.o [1]
  .huge_func.text  ro code  0x00d1b0    0x1b  stm8l15x_it.o [1]
  .huge_func.text  ro code  0x00d1cb    0x1b  stm8l15x_it.o [1]
  .huge_func.text  ro code  0x00d1e6    0x1b  stm8l15x_it.o [1]
  .huge_func.text  ro code  0x00d201    0x1b  stm8l15x_it.o [1]
  .huge_func.text  ro code  0x00d21c    0x1b  stm8l15x_it.o [1]
  .huge_func.text  ro code  0x00d237    0x1b  stm8l15x_it.o [1]
  .huge_func.text  ro code  0x00d252    0x1b  stm8l15x_rtc.o [1]
  .huge_func.text  ro code  0x00d26d    0x1a  stm8l15x_clk.o [1]
  .huge_func.text  ro code  0x00d287    0x19  BC95.o [1]
  .huge_func.text  ro code  0x00d2a0    0x19  stm8l15x_flash.o [1]
  .huge_func.text  ro code  0x00d2b9    0x19  stm8l15x_flash.o [1]
  .huge_func.text  ro code  0x00d2d2    0x18  Save.o [1]
  .huge_func.text  ro code  0x00d2ea    0x16  BC95.o [1]
  .huge_func.text  ro code  0x00d300    0x15  stm8l15x_rtc.o [1]
  .huge_func.text  ro code  0x00d315    0x13  Save.o [1]
  .huge_func.text  ro code  0x00d328    0x13  Save.o [1]
  .huge_func.text  ro code  0x00d33b    0x13  stm8l15x_clk.o [1]
  .huge_func.text  ro code  0x00d34e    0x12  Save.o [1]
  .huge_func.text  ro code  0x00d360    0x11  stm8l15x_adc.o [1]
  .huge_func.text  ro code  0x00d371    0x10  Save.o [1]
  .huge_func.text  ro code  0x00d381     0xe  Save.o [1]
  .huge_func.text  ro code  0x00d38f     0xe  Save.o [1]
  .huge_func.text  ro code  0x00d39d     0xe  Save.o [1]
  .huge_func.text  ro code  0x00d3ab     0xe  Save.o [1]
  .huge_func.text  ro code  0x00d3b9     0xe  stm8l15x_adc.o [1]
  .huge_func.text  ro code  0x00d3c7     0xe  stm8l15x_clk.o [1]
  .huge_func.text  ro code  0x00d3d5     0xe  stm8l15x_pwr.o [1]
  .huge_func.text  ro code  0x00d3e3     0xe  stm8l15x_pwr.o [1]
  .huge_func.text  ro code  0x00d3f1     0xd  BC95.o [1]
  .huge_func.text  ro code  0x00d3fe     0xd  stm8l15x_adc.o [1]
  .huge_func.text  ro code  0x00d40b     0xd  stm8l15x_rtc.o [1]
  .huge_func.text  ro code  0x00d418     0xc  mcu_init.o [1]
  .huge_func.text  ro code  0x00d424     0xc  stm8l15x_flash.o [1]
  .huge_func.text  ro code  0x00d430     0xb  IAP.o [1]
  .huge_func.text  ro code  0x00d43b     0xb  stm8l15x_flash.o [1]
  .huge_func.text  ro code  0x00d446     0xa  BC95.o [1]
  .huge_func.text  ro code  0x00d450     0xa  stm8l15x_clk.o [1]
  .huge_func.text  ro code  0x00d45a     0x9  stm8l15x_gpio.o [1]
  .huge_func.text  ro code  0x00d463     0x8  stm8l15x_gpio.o [1]
  .huge_func.text  ro code  0x00d46b     0x8  stm8l15x_usart.o [1]
  .huge_func.text  ro code  0x00d473     0x7  stm8l15x_gpio.o [1]
  .huge_func.text  ro code  0x00d47a     0x5  BC95.o [1]
  .huge_func.text  ro code  0x00d47f     0x5  stm8l15x_adc.o [1]
  .huge_func.text  ro code  0x00d484     0x5  stm8l15x_flash.o [1]
  .huge_func.text  ro code  0x00d489     0x5  stm8l15x_usart.o [1]
  .huge_func.text  ro code  0x00d48e     0x5  stm8l15x_usart.o [1]
  .huge_func.text  ro code  0x00d493     0x4  stm8l15x_clk.o [1]
  .huge_func.text  ro code  0x00d497     0x4  stm8l15x_clk.o [1]
  .huge_func.text  ro code  0x00d49b     0x1  stm8l15x_it.o [1]
  .huge_func.text  ro code  0x00d49c     0x1  stm8l15x_it.o [1]
  .huge_func.text  ro code  0x00d49d     0x1  stm8l15x_it.o [1]
  .huge_func.text  ro code  0x00d49e     0x1  stm8l15x_it.o [1]
  .huge_func.text  ro code  0x00d49f     0x1  stm8l15x_it.o [1]
  .huge_func.text  ro code  0x00d4a0     0x1  stm8l15x_it.o [1]
  .huge_func.text  ro code  0x00d4a1     0x1  stm8l15x_it.o [1]
  .huge_func.text  ro code  0x00d4a2     0x1  stm8l15x_it.o [1]
  .huge_func.text  ro code  0x00d4a3     0x1  stm8l15x_it.o [1]
  .huge_func.text  ro code  0x00d4a4     0x1  stm8l15x_it.o [1]
  .huge_func.text  ro code  0x00d4a5     0x1  stm8l15x_it.o [1]
  .huge_func.text  ro code  0x00d4a6     0x1  stm8l15x_it.o [1]
  .huge_func.text  ro code  0x00d4a7     0x1  stm8l15x_it.o [1]
  .huge_func.text  ro code  0x00d4a8     0x1  stm8l15x_it.o [1]
  .huge_func.text  ro code  0x00d4a9     0x1  stm8l15x_it.o [1]
  .huge_func.text  ro code  0x00d4aa     0x1  stm8l15x_it.o [1]
  .huge_func.text  ro code  0x00d4ab     0x1  stm8l15x_it.o [1]
  .huge_func.text  ro code  0x00d4ac     0x1  stm8l15x_it.o [1]
  .huge_func.text  ro code  0x00d4ad     0x1  stm8l15x_it.o [1]
  .huge_func.text  ro code  0x00d4ae     0x1  stm8l15x_it.o [1]
  .huge_func.text  ro code  0x00d4af     0x1  stm8l15x_it.o [1]
  .huge_func.text  ro code  0x00d4b0     0x1  stm8l15x_it.o [1]
  .huge_func.text  ro code  0x00d4b1     0x1  stm8l15x_it.o [1]
                          - 0x00d4b2  0x47e8


*******************************************************************************
*** INIT TABLE
***

          Address   Size
          -------   ----
Zero (__iar_zero_init2)
    1 destination range, total size 0x883:
          0x000010  0x883



*******************************************************************************
*** MODULE SUMMARY
***

    Module                 ro code  ro data  rw data
    ------                 -------  -------  -------
F:\0中科君达\0项目\NB水表\IAP\BLD\PROJECT\Debug\Obj: [1]
    BC95.o                   9 049      806      710
    Globaldata.o               132                22
    IAP.o                      513      151        4
    Pulse_Acquire.o            316                 5
    Save.o                     674       11
    Sys_Timer.o                924               171
    Temperature.o              219      332
    main.o                     390
    mcu_init.o                 475
    rtc.o                      464                17
    stm8l15x_adc.o             325
    stm8l15x_clk.o             537        5
    stm8l15x_exti.o            544
    stm8l15x_flash.o           167
    stm8l15x_gpio.o            199
    stm8l15x_it.o              220
    stm8l15x_itc.o             417
    stm8l15x_pwr.o              28
    stm8l15x_rtc.o           1 474
    stm8l15x_usart.o           668
    uart.o                     673             1 250
    ------------------------------------------------
    Total:                  18 408    1 305    2 179

command line: [2]
    ------------------------------------------------
    Total:

dbgstm8mmd.a: [3]
    __dbg_break.o                1
    __dbg_xxexit.o              22
    ------------------------------------------------
    Total:                      23

dlstm8mmn.a: [4]
    abs.o                       11
    cexit.o                      6
    char.o                      20
    cstartup.o                  23
    dc_util.o                   88
    exit.o                       4
    far.o                       10
    far_util.o                  42
    float.o                    662
    init.o                      30
    init_small.o                30
    interrupt.o                  4      128
    long.o                     225
    long_util.o                 72
    low_level_init.o             3
    memcpy.o                    38
    memset.o                    23
    move.o                      31
    short.o                     58
    strstr.o                    68
    unhandled_exception.o        3
    vreg_util.o                358
    vregs.o                                       16
    ------------------------------------------------
    Total:                   1 809      128       16

    Linker created                        9      256
----------------------------------------------------
    Grand Total:            20 240    1 442    2 451


*******************************************************************************
*** ENTRY LIST
***

Entry                    Address   Size  Type      Object
-----                    -------   ----  ----      ------
.iar.init_table$$Base   0x00844c          --   Gb  - Linker created -
.iar.init_table$$Limit  0x008455          --   Gb  - Linker created -
?add32_l0_l0_0x         0x0089b9         Code  Gb  long.o [4]
?add32_l0_l0_l1         0x0089b6         Code  Gb  long.o [4]
?b0                     0x000000         Data  Gb  vregs.o [4]
?b1                     0x000001         Data  Gb  vregs.o [4]
?b10                    0x00000a         Data  Gb  vregs.o [4]
?b11                    0x00000b         Data  Gb  vregs.o [4]
?b12                    0x00000c         Data  Gb  vregs.o [4]
?b13                    0x00000d         Data  Gb  vregs.o [4]
?b14                    0x00000e         Data  Gb  vregs.o [4]
?b15                    0x00000f         Data  Gb  vregs.o [4]
?b2                     0x000002         Data  Gb  vregs.o [4]
?b3                     0x000003         Data  Gb  vregs.o [4]
?b4                     0x000004         Data  Gb  vregs.o [4]
?b5                     0x000005         Data  Gb  vregs.o [4]
?b6                     0x000006         Data  Gb  vregs.o [4]
?b7                     0x000007         Data  Gb  vregs.o [4]
?b8                     0x000008         Data  Gb  vregs.o [4]
?b9                     0x000009         Data  Gb  vregs.o [4]
?dc32_l0                0x008a7f         Code  Gb  dc_util.o [4]
?dc32_l1                0x008aab         Code  Gb  dc_util.o [4]
?e0                     0x000001         Data  Gb  vregs.o [4]
?e1                     0x000005         Data  Gb  vregs.o [4]
?e2                     0x000009         Data  Gb  vregs.o [4]
?e3                     0x00000d         Data  Gb  vregs.o [4]
?epilogue_l2            0x00891e         Code  Gb  vreg_util.o [4]
?epilogue_l2_l3         0x00891a         Code  Gb  vreg_util.o [4]
?epilogue_l2_w6         0x008923         Code  Gb  vreg_util.o [4]
?epilogue_w4            0x00892c         Code  Gb  vreg_util.o [4]
?fcastf32u16_l0_x       0x0086f7         Code  Gb  float.o [4]
?fcasts16f32_x_l0       0x008715         Code  Gb  float.o [4]
?fdiv32_l0_dc32_l1      0x008643         Code  Gb  float.o [4]
?fdiv32_l0_l0_l1        0x008649         Code  Gb  float.o [4]
?fmul32_l0_l0_dc32      0x0085a2         Code  Gb  float.o [4]
?fmul32_l0_l0_l1        0x0085a8         Code  Gb  float.o [4]
?inc32_0x_0x            0x0089a8         Code  Gb  long.o [4]
?inc32_l0_l0            0x00899e         Code  Gb  long.o [4]
?inc32_l1_l1            0x0089a3         Code  Gb  long.o [4]
?l0                     0x000000         Data  Gb  vregs.o [4]
?l1                     0x000004         Data  Gb  vregs.o [4]
?l2                     0x000008         Data  Gb  vregs.o [4]
?l3                     0x00000c         Data  Gb  vregs.o [4]
?load24_0x_e3           0x008bb9         Code  Gb  far_util.o [4]
?load24_e0_0x           0x008b9d         Code  Gb  far_util.o [4]
?load24_e1_0x           0x008bab         Code  Gb  far_util.o [4]
?load32_0x_l0           0x008b03         Code  Gb  long_util.o [4]
?load32_0x_l1           0x008b11         Code  Gb  long_util.o [4]
?load32_l0_0x           0x008ae1         Code  Gb  long_util.o [4]
?load32_l0_xsp          0x008ad7         Code  Gb  long_util.o [4]
?load32_l1_0x           0x008af7         Code  Gb  long_util.o [4]
?load32_l1_xsp          0x008aed         Code  Gb  long_util.o [4]
?mov_e0_e1              0x008949         Code  Gb  vreg_util.o [4]
?mov_e0_e2              0x008956         Code  Gb  vreg_util.o [4]
?mov_e0_e3              0x008963         Code  Gb  vreg_util.o [4]
?mov_e1_e0              0x008970         Code  Gb  vreg_util.o [4]
?mov_e2_e0              0x00897d         Code  Gb  vreg_util.o [4]
?mov_e3_e0              0x00898a         Code  Gb  vreg_util.o [4]
?mov_e3_e1              0x008994         Code  Gb  vreg_util.o [4]
?mov_l0_l1              0x008946         Code  Gb  vreg_util.o [4]
?mov_l0_l2              0x008953         Code  Gb  vreg_util.o [4]
?mov_l0_l3              0x008960         Code  Gb  vreg_util.o [4]
?mov_l1_l0              0x00896d         Code  Gb  vreg_util.o [4]
?mov_l2_l0              0x00897a         Code  Gb  vreg_util.o [4]
?mov_l3_l0              0x008987         Code  Gb  vreg_util.o [4]
?mov_w0_w1              0x008931         Code  Gb  vreg_util.o [4]
?mov_w1_w3              0x00894c         Code  Gb  vreg_util.o [4]
?mov_w1_w5              0x008959         Code  Gb  vreg_util.o [4]
?mov_w1_w6              0x008938         Code  Gb  vreg_util.o [4]
?mov_w1_w7              0x008966         Code  Gb  vreg_util.o [4]
?mov_w2_w1              0x00893f         Code  Gb  vreg_util.o [4]
?mov_w3_w1              0x008973         Code  Gb  vreg_util.o [4]
?mov_w5_w1              0x008980         Code  Gb  vreg_util.o [4]
?mov_w7_w1              0x00898d         Code  Gb  vreg_util.o [4]
?mov_w7_w3              0x008997         Code  Gb  vreg_util.o [4]
?move1616_v_x_y_a       0x008bff         Code  Gb  move.o [4]
?move1616_v_x_y_tos16   0x008bed         Code  Gb  move.o [4]
?mul16_x_x_w0           0x008b63         Code  Gb  short.o [4]
?pop_e3                 0x00888f         Code  Gb  vreg_util.o [4]
?pop_l0                 0x0088e2         Code  Gb  vreg_util.o [4]
?pop_l1                 0x0088ed         Code  Gb  vreg_util.o [4]
?pop_l2                 0x0088f8         Code  Gb  vreg_util.o [4]
?pop_l3                 0x008903         Code  Gb  vreg_util.o [4]
?pop_w4                 0x008859         Code  Gb  vreg_util.o [4]
?pop_w6                 0x008860         Code  Gb  vreg_util.o [4]
?push_e3                0x008873         Code  Gb  vreg_util.o [4]
?push_l0                0x0088ad         Code  Gb  vreg_util.o [4]
?push_l1                0x0088b2         Code  Gb  vreg_util.o [4]
?push_l2                0x0088b7         Code  Gb  vreg_util.o [4]
?push_l3                0x0088bc         Code  Gb  vreg_util.o [4]
?push_w4                0x008838         Code  Gb  vreg_util.o [4]
?push_w6                0x00883d         Code  Gb  vreg_util.o [4]
?sext16_x_a             0x008b96         Code  Gb  short.o [4]
?sext32_l0_x            0x008a74         Code  Gb  long.o [4]
?sll16_x_x_a            0x008b81         Code  Gb  short.o [4]
?smod8_a_b0_a           0x008c8c         Code  Gb  char.o [4]
?srl16_x_x_10           0x008b8b         Code  Gb  short.o [4]
?srl16_x_x_11           0x008b8a         Code  Gb  short.o [4]
?srl16_x_x_12           0x008b89         Code  Gb  short.o [4]
?srl16_x_x_4            0x008b91         Code  Gb  short.o [4]
?srl16_x_x_5            0x008b90         Code  Gb  short.o [4]
?srl16_x_x_6            0x008b8f         Code  Gb  short.o [4]
?srl16_x_x_7            0x008b8e         Code  Gb  short.o [4]
?srl16_x_x_8            0x008b8d         Code  Gb  short.o [4]
?srl16_x_x_9            0x008b8c         Code  Gb  short.o [4]
?srl32_0x_0x_a          0x008a66         Code  Gb  long.o [4]
?srl32_l0_l0_a          0x008a63         Code  Gb  long.o [4]
?ucmp24_c_0x_e0         0x008cab         Code  Gb  far.o [4]
?ucmp32_c_l0_0x         0x008a48         Code  Gb  long.o [4]
?ucmp32_c_l0_l1         0x008a58         Code  Gb  long.o [4]
?udiv32_l0_l0_dl        0x0089d7         Code  Gb  long.o [4]
?udiv32_l0_l0_l1        0x0089db         Code  Gb  long.o [4]
?umod32_l1_l0_dl        0x0089d1         Code  Gb  long.o [4]
?umod32_l1_l0_l1        0x0089db         Code  Gb  long.o [4]
?w0                     0x000000         Data  Gb  vregs.o [4]
?w1                     0x000002         Data  Gb  vregs.o [4]
?w2                     0x000004         Data  Gb  vregs.o [4]
?w3                     0x000006         Data  Gb  vregs.o [4]
?w4                     0x000008         Data  Gb  vregs.o [4]
?w5                     0x00000a         Data  Gb  vregs.o [4]
?w6                     0x00000c         Data  Gb  vregs.o [4]
?w7                     0x00000e         Data  Gb  vregs.o [4]
ACK                     0x00c188   0x96  Code  Gb  BC95.o [1]
ADC1_COMP_IRQHandler    0x00d4aa    0x1  Code  Gb  stm8l15x_it.o [1]
ADC_ChannelCmd          0x00cb21   0x4e  Code  Gb  stm8l15x_adc.o [1]
ADC_ClearFlag           0x00d3fe    0xd  Code  Gb  stm8l15x_adc.o [1]
ADC_Cmd                 0x00d360   0x11  Code  Gb  stm8l15x_adc.o [1]
ADC_GetConversionValue  0x00cff7   0x28  Code  Gb  stm8l15x_adc.o [1]
ADC_GetFlagStatus       0x00d15a   0x1e  Code  Gb  stm8l15x_adc.o [1]
ADC_Init                0x00ce99   0x2f  Code  Gb  stm8l15x_adc.o [1]
ADC_SamplingTimeConfig  0x00ca81   0x51  Code  Gb  stm8l15x_adc.o [1]
ADC_SoftwareStartConv   0x00d47f    0x5  Code  Gb  stm8l15x_adc.o [1]
ADC_VrefintCmd          0x00d3b9    0xe  Code  Gb  stm8l15x_adc.o [1]
ASCLL_to_Int            0x00cb6f   0x46  Code  Gb  Globaldata.o [1]
Alarm_Interrupt         0x00cf23   0x2c  Code  Gb  rtc.o [1]
BAT_Alarm_Vol           0x000887    0x2  Data  Gb  Globaldata.o [1]
BAT_Vol                 0x000885    0x2  Data  Gb  Globaldata.o [1]
BC95                    0x0002e1  0x2c6  Data  Gb  BC95.o [1]
BC95_Data_Send          0x00d01f   0x24  Code  Gb  BC95.o [1]
BC95_Delay_CallBalk     0x00d47a    0x5  Code  Gb  BC95.o [1]
BC95_Power_Off          0x00d446    0xa  Code  Gb  BC95.o [1]
BC95_Power_On           0x00ccb3   0x3b  Code  Gb  BC95.o [1]
BC95_Process            0x00a137  0x7c6  Code  Gb  BC95.o [1]
BC95_Reset              0x00cfcf   0x28  Code  Gb  BC95.o [1]
BC95_Start              0x00d3f1    0xd  Code  Gb  BC95.o [1]
BC95_Start_Timeout_CallBalk
                        0x00d178   0x1d  Code  Gb  BC95.o [1]
BCD_to_Int              0x00d0af   0x23  Code  Gb  Globaldata.o [1]
Bcd2ToByte              0x00d252   0x1b  Code  Lc  stm8l15x_rtc.o [1]
BootFlag                0x00088d    0x1  Data  Gb  Globaldata.o [1]
ByteToBcd2              0x00d13a   0x20  Code  Lc  stm8l15x_rtc.o [1]
CLK_GetClockFreq        0x00c050   0x9e  Code  Gb  stm8l15x_clk.o [1]
CLK_GetFlagStatus       0x00c0ee   0x9a  Code  Gb  stm8l15x_clk.o [1]
CLK_HSICmd              0x00d3c7    0xe  Code  Gb  stm8l15x_clk.o [1]
CLK_HaltConfig          0x00d26d   0x1a  Code  Gb  stm8l15x_clk.o [1]
CLK_LSEConfig           0x00d33b   0x13  Code  Gb  stm8l15x_clk.o [1]
CLK_PeripheralClockConfig
                        0x00c3df   0x94  Code  Gb  stm8l15x_clk.o [1]
CLK_RTCClockConfig      0x00d450    0xa  Code  Gb  stm8l15x_clk.o [1]
CLK_SYSCLKDivConfig     0x00d497    0x4  Code  Gb  stm8l15x_clk.o [1]
CLK_SYSCLKSourceConfig  0x00d493    0x4  Code  Gb  stm8l15x_clk.o [1]
CSTACK$$Base            0x000f00          --   Gb  - Linker created -
CSTACK$$Limit           0x001000          --   Gb  - Linker created -
Cal                     0x000870    0x5  Data  Gb  Pulse_Acquire.o [1]
Create_Timer            0x00b477  0x130  Code  Gb  Sys_Timer.o [1]
DMA1_CHANNEL0_1_IRQHandler
                        0x00d49d    0x1  Code  Gb  stm8l15x_it.o [1]
DMA1_CHANNEL2_3_IRQHandler
                        0x00d49e    0x1  Code  Gb  stm8l15x_it.o [1]
Delete_Timer            0x00c63e   0x63  Code  Gb  Sys_Timer.o [1]
Device_Status           0x00088e    0x1  Data  Gb  Globaldata.o [1]
EXTI0_IRQHandler        0x00d1cb   0x1b  Code  Gb  stm8l15x_it.o [1]
EXTI1_IRQHandler        0x00d4a1    0x1  Code  Gb  stm8l15x_it.o [1]
EXTI2_IRQHandler        0x00d4a2    0x1  Code  Gb  stm8l15x_it.o [1]
EXTI3_IRQHandler        0x00d4a3    0x1  Code  Gb  stm8l15x_it.o [1]
EXTI4_IRQHandler        0x00d4a4    0x1  Code  Gb  stm8l15x_it.o [1]
EXTI5_IRQHandler        0x00d4a5    0x1  Code  Gb  stm8l15x_it.o [1]
EXTI6_IRQHandler        0x00d4a6    0x1  Code  Gb  stm8l15x_it.o [1]
EXTI7_IRQHandler        0x00d4a7    0x1  Code  Gb  stm8l15x_it.o [1]
EXTIB_G_IRQHandler      0x00d4a0    0x1  Code  Gb  stm8l15x_it.o [1]
EXTID_H_IRQHandler      0x00d1b0   0x1b  Code  Gb  stm8l15x_it.o [1]
EXTIE_F_PVD_IRQHandler  0x00d49f    0x1  Code  Gb  stm8l15x_it.o [1]
EXTI_ClearITPendingBit  0x00d118   0x22  Code  Gb  stm8l15x_exti.o [1]
EXTI_SelectPort         0x00cdcc   0x36  Code  Gb  stm8l15x_exti.o [1]
EXTI_SetHalfPortSelection
                        0x00cbfa   0x3f  Code  Gb  stm8l15x_exti.o [1]
EXTI_SetPinSensitivity  0x00b347  0x130  Code  Gb  stm8l15x_exti.o [1]
EXTI_SetPortSensitivity
                        0x00c8ca   0x59  Code  Gb  stm8l15x_exti.o [1]
Exti0_Interrupt         0x00ce02   0x33  Code  Gb  Pulse_Acquire.o [1]
ExtiD_Interrupt         0x00bfb1   0x9f  Code  Gb  Pulse_Acquire.o [1]
FLASH_GetFlagStatus     0x00d2b9   0x19  Code  Gb  stm8l15x_flash.o [1]
FLASH_IRQHandler        0x00d49c    0x1  Code  Gb  stm8l15x_it.o [1]
FLASH_Lock              0x00d43b    0xb  Code  Gb  stm8l15x_flash.o [1]
FLASH_ProgramByte       0x00d424    0xc  Code  Gb  stm8l15x_flash.o [1]
FLASH_ProgramWord       0x00c923   0x59  Code  Gb  stm8l15x_flash.o [1]
FLASH_ReadByte          0x00d484    0x5  Code  Gb  stm8l15x_flash.o [1]
FLASH_ReadWord          0x00d043   0x24  Code  Gb  IAP.o [1]
FLASH_Unlock            0x00d2a0   0x19  Code  Gb  stm8l15x_flash.o [1]
GPIO_Configuration      0x00cad2   0x4f  Code  Gb  mcu_init.o [1]
GPIO_Init               0x00bcfe   0xaf  Code  Gb  stm8l15x_gpio.o [1]
GPIO_ReadInputDataBit   0x00d45a    0x9  Code  Gb  stm8l15x_gpio.o [1]
GPIO_ResetBits          0x00d463    0x8  Code  Gb  stm8l15x_gpio.o [1]
GPIO_SetBits            0x00d473    0x7  Code  Gb  stm8l15x_gpio.o [1]
Gather_Cycle_counter    0x000891    0x1  Data  Gb  Globaldata.o [1]
I2C1_SPI2_IRQHandler    0x00d4b1    0x1  Code  Gb  stm8l15x_it.o [1]
INTVEC$$Base            0x008000          --   Gb  - Linker created -
INTVEC$$Limit           0x008080          --   Gb  - Linker created -
ITC_SetSoftwarePriority
                        0x00b04f  0x1a1  Code  Gb  stm8l15x_itc.o [1]
Int_to_ASCLL            0x00d195   0x1b  Code  Gb  Globaldata.o [1]
JumptoAPP               0x00d430    0xb  Code  Gb  IAP.o [1]
LCD_AES_IRQHandler      0x00d4a8    0x1  Code  Gb  stm8l15x_it.o [1]
Last_Vol                0x00088b    0x2  Data  Gb  rtc.o [1]
Meter_Number            0x000862    0x7  Data  Gb  Globaldata.o [1]
PWR_FastWakeUpCmd       0x00d3d5    0xe  Code  Gb  stm8l15x_pwr.o [1]
PWR_UltraLowPowerCmd    0x00d3e3    0xe  Code  Gb  stm8l15x_pwr.o [1]
Pulse_Acquire_Config    0x00c56a   0x6a  Code  Gb  Pulse_Acquire.o [1]
RCC_Configuration       0x00d418    0xc  Code  Gb  mcu_init.o [1]
RTC_AlarmCmd            0x00ca2c   0x55  Code  Gb  stm8l15x_rtc.o [1]
RTC_AlarmStr            0x000869    0x7  Data  Gb  rtc.o [1]
RTC_CSSLSE_IRQHandler   0x00d0d2   0x23  Code  Gb  stm8l15x_it.o [1]
RTC_ClearITPendingBit   0x00d40b    0xd  Code  Gb  stm8l15x_rtc.o [1]
RTC_DateStr             0x000881    0x4  Data  Gb  rtc.o [1]
RTC_EnterInitMode       0x00cf4f   0x2c  Code  Gb  stm8l15x_rtc.o [1]
RTC_GetDate             0x00c6a1   0x60  Code  Gb  stm8l15x_rtc.o [1]
RTC_GetITStatus         0x00cec8   0x2e  Code  Gb  stm8l15x_rtc.o [1]
RTC_GetTime             0x00c97c   0x58  Code  Gb  stm8l15x_rtc.o [1]
RTC_ITConfig            0x00ccee   0x3b  Code  Gb  stm8l15x_rtc.o [1]
RTC_Init                0x00c701   0x5f  Code  Gb  stm8l15x_rtc.o [1]
RTC_SetAlarm            0x00b1f0  0x157  Code  Gb  stm8l15x_rtc.o [1]
RTC_SetDate             0x00bad4   0xbe  Code  Gb  stm8l15x_rtc.o [1]
RTC_SetTime             0x00bc4e   0xb0  Code  Gb  stm8l15x_rtc.o [1]
RTC_SetWakeUpCounter    0x00d300   0x15  Code  Gb  stm8l15x_rtc.o [1]
RTC_TimeStr             0x00087d    0x4  Data  Gb  rtc.o [1]
RTC_WaitForSynchro      0x00cd29   0x37  Code  Gb  stm8l15x_rtc.o [1]
RTC_WakeUpClockConfig   0x00d0f5   0x23  Code  Gb  stm8l15x_rtc.o [1]
RTC_WakeUpCmd           0x00cbb5   0x45  Code  Gb  stm8l15x_rtc.o [1]
Read_ACUM_Flow          0x00d34e   0x12  Code  Gb  Save.o [1]
Read_BAT_Alarm_Value    0x00d315   0x13  Code  Gb  Save.o [1]
Read_Meter_Number       0x00d08b   0x24  Code  Gb  Save.o [1]
Read_Report_Cycle       0x00d328   0x13  Code  Gb  Save.o [1]
Read_Settle_Date        0x00d371   0x10  Code  Gb  Save.o [1]
Read_Temp               0x00b865   0xdb  Code  Gb  Temperature.o [1]
Read_Version            0x00ce35   0x32  Code  Gb  Save.o [1]
Read_Voltage            0x00bb92   0xbc  Code  Gb  mcu_init.o [1]
Recv_Data_Process       0x00a8fd  0x5a1  Code  Gb  BC95.o [1]
Region$$Table$$Base     0x00844c          --   Gb  - Linker created -
Region$$Table$$Limit    0x008455          --   Gb  - Linker created -
Report_All_Parameters   0x008cca  0xc05  Code  Gb  BC95.o [1]
Report_Cycle            0x000889    0x2  Data  Gb  Globaldata.o [1]
Report_Cycle_counter    0x000875    0x4  Data  Gb  Globaldata.o [1]
Report_HC_Flow          0x0098cf  0x868  Code  Gb  BC95.o [1]
Rtc_Config              0x00c5d4   0x6a  Code  Gb  rtc.o [1]
SPI1_IRQHandler         0x00d4ae    0x1  Code  Gb  stm8l15x_it.o [1]
STM8_Interrupt_Vector_Table_Init
                        0x00b940   0xd4  Code  Gb  IAP.o [1]
STM8_Interrupt_Vector_Table_Redirection
                        0x00b5a7   0xfe  Code  Gb  IAP.o [1]
SWITCH_CSS_BREAK_DAC_IRQHandler
                        0x00d4a9    0x1  Code  Gb  stm8l15x_it.o [1]
SYSDivFactor            0x008596    0x5  Data  Gb  stm8l15x_clk.o [1]
Save_Add_Flow           0x00d2d2   0x18  Code  Gb  Save.o [1]
Save_BAT_Alarm_Value    0x00d381    0xe  Code  Gb  Save.o [1]
Save_Meter_Number       0x00d3ab    0xe  Code  Gb  Save.o [1]
Save_Report_Cycle       0x00d39d    0xe  Code  Gb  Save.o [1]
Save_SDCF_Flow          0x00b6a5   0xe2  Code  Gb  Save.o [1]
Save_Settle_Date        0x00d38f    0xe  Code  Gb  Save.o [1]
Save_Version            0x00d067   0x24  Code  Gb  Save.o [1]
Send_Data_Process       0x00d287   0x19  Code  Gb  BC95.o [1]
Set_Alarm               0x00cc77   0x3c  Code  Gb  rtc.o [1]
Settle_Date             0x000890    0x1  Data  Gb  Globaldata.o [1]
Sleep                   0x00ba14   0xc0  Code  Gb  main.o [1]
SysTick_Handler         0x00ae9e  0x1b1  Code  Gb  Sys_Timer.o [1]
Sys_Timer               0x0007b8   0xaa  Data  Lc  Sys_Timer.o [1]
Sys_Timer_Process       0x00c9d4   0x58  Code  Gb  Sys_Timer.o [1]
TIM1_CC_IRQHandler      0x00d4ac    0x1  Code  Gb  stm8l15x_it.o [1]
TIM1_UPD_OVF_TRG_COM_IRQHandler
                        0x00d4ab    0x1  Code  Gb  stm8l15x_it.o [1]
TIM2_CC_USART2_RX_IRQHandler
                        0x00d201   0x1b  Code  Gb  stm8l15x_it.o [1]
TIM2_UPD_OVF_TRG_BRK_USART2_TX_IRQHandler
                        0x00d1e6   0x1b  Code  Gb  stm8l15x_it.o [1]
TIM3_CC_USART3_RX_IRQHandler
                        0x00d237   0x1b  Code  Gb  stm8l15x_it.o [1]
TIM3_UPD_OVF_TRG_BRK_USART3_TX_IRQHandler
                        0x00d21c   0x1b  Code  Gb  stm8l15x_it.o [1]
TIM4_UPD_OVF_TRG_IRQHandler
                        0x00d4ad    0x1  Code  Gb  stm8l15x_it.o [1]
TRAP_IRQHandler         0x00d49b    0x1  Code  Gb  stm8l15x_it.o [1]
Temp                    0x00088f    0x1  Data  Gb  Globaldata.o [1]
Temp_Table              0x008080  0x14c  Data  Gb  Temperature.o [1]
USART1_RX_TIM5_CC_IRQHandler
                        0x00d4b0    0x1  Code  Gb  stm8l15x_it.o [1]
USART1_TX_TIM5_UPD_OVF_TRG_BRK_IRQHandler
                        0x00d4af    0x1  Code  Gb  stm8l15x_it.o [1]
USART2_Configuration    0x00c500   0x6a  Code  Gb  mcu_init.o [1]
USART2_IRQHandler       0x00c21e   0x96  Code  Gb  uart.o [1]
USART2_TX_IRQHandler    0x00c760   0x5b  Code  Gb  uart.o [1]
USART3_Configuration    0x00c870   0x5a  Code  Gb  mcu_init.o [1]
USART3_IRQHandler       0x00c2b4   0x96  Code  Gb  uart.o [1]
USART3_TX_IRQHandler    0x00c7bb   0x5b  Code  Gb  uart.o [1]
USART_ClearITPendingBit
                        0x00d48e    0x5  Code  Gb  stm8l15x_usart.o [1]
USART_Cmd               0x00cf7b   0x2b  Code  Gb  stm8l15x_usart.o [1]
USART_DeInit            0x00cc39   0x3e  Code  Gb  stm8l15x_usart.o [1]
USART_GetITStatus       0x00be5b   0xae  Code  Gb  stm8l15x_usart.o [1]
USART_ITConfig          0x00c34a   0x95  Code  Gb  stm8l15x_usart.o [1]
USART_Init              0x00b787   0xde  Code  Gb  stm8l15x_usart.o [1]
USART_ReceiveData8      0x00d489    0x5  Code  Gb  stm8l15x_usart.o [1]
USART_SendData8         0x00d46b    0x8  Code  Gb  stm8l15x_usart.o [1]
Uart2                   0x000010  0x2d1  Data  Gb  uart.o [1]
Uart2_Receive           0x00ce67   0x32  Code  Gb  uart.o [1]
Uart2_Send              0x00c473   0x8d  Code  Gb  uart.o [1]
Uart3                   0x0005a7  0x211  Data  Gb  uart.o [1]
Wake_Interrupt          0x00bf09   0xa8  Code  Gb  rtc.o [1]
WriteRom                0x00bdad   0xae  Code  Gb  Save.o [1]
YellowOFF               0x00cd96   0x36  Code  Gb  main.o [1]
YellowON                0x00cd60   0x36  Code  Gb  main.o [1]
__DebugBreak            0x008cc9    0x1  Code  Gb  __dbg_break.o [3]
__exit                  0x008c76   0x16  Code  Gb  __dbg_xxexit.o [3]
__iar_Strstr            0x008b1f   0x44  Code  Gb  strstr.o [4]
__iar_data_init2        0x008c0c   0x1e  Code  Gb  init.o [4]
__iar_program_start     0x008c48         Code  Gb  cstartup.o [4]
__iar_unhandled_exception
                        0x008cc6         Code  Gb  unhandled_exception.o [4]
__iar_zero_init2        0x008c2a         Code  Gb  init_small.o [4]
__intvec                0x008000         Data  Gb  interrupt.o [4]
__low_level_init        0x008cc3    0x3  Code  Gb  low_level_init.o [4]
_exit                   0x008cb5         Code  Gb  cexit.o [4]
_interrupt_1            0x00d49b         Code  Gb  stm8l15x_it.o [1]
_interrupt_10           0x00d1cb         Code  Gb  stm8l15x_it.o [1]
_interrupt_11           0x00d4a1         Code  Gb  stm8l15x_it.o [1]
_interrupt_12           0x00d4a2         Code  Gb  stm8l15x_it.o [1]
_interrupt_13           0x00d4a3         Code  Gb  stm8l15x_it.o [1]
_interrupt_14           0x00d4a4         Code  Gb  stm8l15x_it.o [1]
_interrupt_15           0x00d4a5         Code  Gb  stm8l15x_it.o [1]
_interrupt_16           0x00d4a6         Code  Gb  stm8l15x_it.o [1]
_interrupt_17           0x00d4a7         Code  Gb  stm8l15x_it.o [1]
_interrupt_18           0x00d4a8         Code  Gb  stm8l15x_it.o [1]
_interrupt_19           0x00d4a9         Code  Gb  stm8l15x_it.o [1]
_interrupt_20           0x00d4aa         Code  Gb  stm8l15x_it.o [1]
_interrupt_21           0x00d1e6         Code  Gb  stm8l15x_it.o [1]
_interrupt_22           0x00d201         Code  Gb  stm8l15x_it.o [1]
_interrupt_23           0x00d21c         Code  Gb  stm8l15x_it.o [1]
_interrupt_24           0x00d237         Code  Gb  stm8l15x_it.o [1]
_interrupt_25           0x00d4ab         Code  Gb  stm8l15x_it.o [1]
_interrupt_26           0x00d4ac         Code  Gb  stm8l15x_it.o [1]
_interrupt_27           0x00d4ad         Code  Gb  stm8l15x_it.o [1]
_interrupt_28           0x00d4ae         Code  Gb  stm8l15x_it.o [1]
_interrupt_29           0x00d4af         Code  Gb  stm8l15x_it.o [1]
_interrupt_3            0x00d49c         Code  Gb  stm8l15x_it.o [1]
_interrupt_30           0x00d4b0         Code  Gb  stm8l15x_it.o [1]
_interrupt_31           0x00d4b1         Code  Gb  stm8l15x_it.o [1]
_interrupt_4            0x00d49d         Code  Gb  stm8l15x_it.o [1]
_interrupt_5            0x00d49e         Code  Gb  stm8l15x_it.o [1]
_interrupt_6            0x00d0d2         Code  Gb  stm8l15x_it.o [1]
_interrupt_7            0x00d49f         Code  Gb  stm8l15x_it.o [1]
_interrupt_8            0x00d4a0         Code  Gb  stm8l15x_it.o [1]
_interrupt_9            0x00d1b0         Code  Gb  stm8l15x_it.o [1]
aaa                     0x000879    0x4  Data  Gb  IAP.o [1]
abs                     0x008ca0    0xb  Code  Gb  abs.o [4]
delay_ms                0x00cfa6   0x29  Code  Gb  rtc.o [1]
exit                    0x008cbf    0x4  Code  Gb  exit.o [4]
main                    0x00c816   0x5a  Code  Gb  main.o [1]
memcpy                  0x008bc7   0x26  Code  Gb  memcpy.o [4]
memset                  0x008c5f   0x17  Code  Gb  memset.o [4]
rtc_interrupt           0x00cef6   0x2d  Code  Gb  rtc.o [1]
strstr                  0x00d2ea   0x16  Code  Gb  BC95.o [1]


[1] = F:\0中科君达\0项目\NB水表\IAP\BLD\PROJECT\Debug\Obj
[2] = command line
[3] = dbgstm8mmd.a
[4] = dlstm8mmn.a

  20 240 bytes of readonly  code memory
   1 442 bytes of readonly  data memory
   2 451 bytes of readwrite data memory

Errors: none
Warnings: none
