###############################################################################
#
# IAR ELF Linker V2.20.1.176 for STM8                     17/Sep/2018  10:27:47
# Copyright 2010-2015 IAR Systems AB.
#
#    Output file  =  
#        F:\0中科君达\0项目\NB水表\IAP\BLD\PROJECT\Debug\Exe\project.out
#    Map file     =  
#        F:\0中科君达\0项目\NB水表\IAP\BLD\PROJECT\Debug\List\project.map
#    Command line =  
#        F:\0中科君达\0项目\NB水表\IAP\BLD\PROJECT\Debug\Obj\BC95.o
#        F:\0中科君达\0项目\NB水表\IAP\BLD\PROJECT\Debug\Obj\Globaldata.o
#        F:\0中科君达\0项目\NB水表\IAP\BLD\PROJECT\Debug\Obj\IAP.o
#        F:\0中科君达\0项目\NB水表\IAP\BLD\PROJECT\Debug\Obj\main.o
#        F:\0中科君达\0项目\NB水表\IAP\BLD\PROJECT\Debug\Obj\mcu_init.o
#        F:\0中科君达\0项目\NB水表\IAP\BLD\PROJECT\Debug\Obj\Pulse_Acquire.o
#        F:\0中科君达\0项目\NB水表\IAP\BLD\PROJECT\Debug\Obj\rtc.o
#        F:\0中科君达\0项目\NB水表\IAP\BLD\PROJECT\Debug\Obj\Save.o
#        F:\0中科君达\0项目\NB水表\IAP\BLD\PROJECT\Debug\Obj\stm8l15x_clk.o
#        F:\0中科君达\0项目\NB水表\IAP\BLD\PROJECT\Debug\Obj\stm8l15x_exti.o
#        F:\0中科君达\0项目\NB水表\IAP\BLD\PROJECT\Debug\Obj\stm8l15x_flash.o
#        F:\0中科君达\0项目\NB水表\IAP\BLD\PROJECT\Debug\Obj\stm8l15x_gpio.o
#        F:\0中科君达\0项目\NB水表\IAP\BLD\PROJECT\Debug\Obj\stm8l15x_it.o
#        F:\0中科君达\0项目\NB水表\IAP\BLD\PROJECT\Debug\Obj\stm8l15x_itc.o
#        F:\0中科君达\0项目\NB水表\IAP\BLD\PROJECT\Debug\Obj\stm8l15x_iwdg.o
#        F:\0中科君达\0项目\NB水表\IAP\BLD\PROJECT\Debug\Obj\stm8l15x_pwr.o
#        F:\0中科君达\0项目\NB水表\IAP\BLD\PROJECT\Debug\Obj\stm8l15x_rtc.o
#        F:\0中科君达\0项目\NB水表\IAP\BLD\PROJECT\Debug\Obj\stm8l15x_syscfg.o
#        F:\0中科君达\0项目\NB水表\IAP\BLD\PROJECT\Debug\Obj\stm8l15x_usart.o
#        F:\0中科君达\0项目\NB水表\IAP\BLD\PROJECT\Debug\Obj\Sys_Timer.o
#        F:\0中科君达\0项目\NB水表\IAP\BLD\PROJECT\Debug\Obj\uart.o --redirect
#        _Printf=_PrintfSmall --redirect _Scanf=_ScanfSmall -o
#        F:\0中科君达\0项目\NB水表\IAP\BLD\PROJECT\Debug\Exe\project.out --map
#        F:\0中科君达\0项目\NB水表\IAP\BLD\PROJECT\Debug\List\project.map
#        --config
#        F:\0中科君达\0项目\NB水表\IAP\BLD\PROJECT\..\Linker\lnkstm8l151c8.icf
#        --config_def _CSTACK_SIZE=0x100 --config_def _HEAP_SIZE=0x100 --entry
#        __iar_program_start --debug_lib
#
###############################################################################

*******************************************************************************
*** RUNTIME MODEL ATTRIBUTES
***

__SystemLibrary            = DLib
__code_model               = medium_or_large
__core                     = stm8
__data_model               = medium
__dlib_file_descriptor     = 0
__dlib_full_locale_support = 0
__rt_version               = 4


*******************************************************************************
*** PLACEMENT SUMMARY
***

"A1":  place at start of [0x000000-0x0000ff] { rw section .vregs };
"A2":  place at end of [0x000000-0x000fff] { block CSTACK };
"P2":  place in [from 0x000000 to 0x000fff] {
          block HEAP, rw section __DLIB_PERTHREAD, rw section .far.bss,
          rw section .far.data, rw section .far.noinit,
          rw section .far_func.textrw, rw section .huge.bss,
          rw section .huge.data, rw section .huge.noinit,
          rw section .huge_func.textrw, rw section .iar.dynexit,
          rw section .near.bss, rw section .near.data, rw section .near.noinit,
          rw section .near_func.textrw };
"A3":  place at start of [0x008000-0x00cfff] { block INTVEC };
"P3":  place in [from 0x008000 to 0x00cfff] {
          ro section __DLIB_PERTHREAD_init, ro section .far.data_init,
          ro section .far_func.textrw_init, ro section .huge.data_init,
          ro section .huge_func.textrw_init, ro section .iar.init_table,
          ro section .init_array, ro section .near.data_init,
          ro section .near.rodata, ro section .near_func.text,
          ro section .near_func.textrw_init, ro section .tiny.data_init,
          ro section .tiny.rodata_init };
"P4":  place in [from 0x008000 to 0x00cfff] {
          ro section .far.rodata, ro section .far_func.text };
"P5":  place in [from 0x008000 to 0x00cfff] {
          ro section .huge.rodata, ro section .huge_func.text };

  Section            Kind      Address    Size  Object
  -------            ----      -------    ----  ------
"A1":                                     0x10
  .vregs             uninit   0x000000    0x10  vregs.o [4]
                            - 0x000010    0x10

"P2", part 1 of 2:                       0x200
  P2-1                        0x000010   0x200  <Init block>
    .near.data       inited   0x000010   0x200  Globaldata.o [1]
                            - 0x000210   0x200

"P2", part 2 of 2:                       0x78e
  .near.bss          zero     0x000210   0x4a5  uart.o [1]
  .near.bss          zero     0x0006b5   0x21a  IAP.o [1]
  .near.bss          zero     0x0008cf    0xaa  Sys_Timer.o [1]
  .near.bss          zero     0x000979     0xb  Globaldata.o [1]
  .near.bss          zero     0x000984     0x9  BC95.o [1]
  .near.bss          zero     0x00098d     0x7  Pulse_Acquire.o [1]
  .near.bss          zero     0x000994     0x4  Globaldata.o [1]
  .near.bss          zero     0x000998     0x4  Globaldata.o [1]
  .near.bss          zero     0x00099c     0x1  IAP.o [1]
  .near.bss          zero     0x00099d     0x1  Sys_Timer.o [1]
                            - 0x00099e   0x78e

"A2":                                    0x100
  CSTACK                      0x000f00   0x100  <Block>
    CSTACK           uninit   0x000f00   0x100  <Block tail>
                            - 0x001000   0x100

"A3":                                     0x80
  INTVEC                      0x008000    0x80  <Block>
    .intvec          const    0x008000    0x80  interrupt.o [4]
                            - 0x008080    0x80

"P3":                                    0x585
  Initializer bytes  const    0x008080   0x200  <for P2-1>
  .near.rodata       const    0x008280    0x80  IAP.o [1]
  .near.rodata       const    0x008300    0x41  IAP.o [1]
  .near.rodata       const    0x008341    0x40  IAP.o [1]
  .near.rodata       const    0x008381    0x40  IAP.o [1]
  .near.rodata       const    0x0083c1    0x40  IAP.o [1]
  .near.rodata       const    0x008401    0x40  IAP.o [1]
  .near.rodata       const    0x008441    0x28  BC95.o [1]
  .iar.init_table    const    0x008469    0x14  - Linker created -
  .near.rodata       const    0x00847d    0x1f  BC95.o [1]
  .near.rodata       const    0x00849c    0x1b  BC95.o [1]
  .near.rodata       const    0x0084b7    0x1a  IAP.o [1]
  .near.rodata       const    0x0084d1    0x1a  IAP.o [1]
  .near.rodata       const    0x0084eb    0x11  BC95.o [1]
  .near.rodata       const    0x0084fc     0xc  BC95.o [1]
  .near.rodata       const    0x008508     0xc  BC95.o [1]
  .near.rodata       const    0x008514     0xc  BC95.o [1]
  .near.rodata       const    0x008520     0xc  BC95.o [1]
  .near.rodata       const    0x00852c     0xc  BC95.o [1]
  .near.rodata       const    0x008538     0xc  BC95.o [1]
  .near.rodata       const    0x008544     0xb  BC95.o [1]
  .near.rodata       const    0x00854f     0xb  BC95.o [1]
  .near.rodata       const    0x00855a     0xb  BC95.o [1]
  .near.rodata       const    0x008565     0xb  BC95.o [1]
  .near.rodata       const    0x008570     0xb  BC95.o [1]
  .near.rodata       const    0x00857b     0xb  IAP.o [1]
  .near.rodata       const    0x008586     0xb  IAP.o [1]
  .near.rodata       const    0x008591     0xa  IAP.o [1]
  .near.rodata       const    0x00859b     0xa  IAP.o [1]
  .near.rodata       const    0x0085a5     0xa  IAP.o [1]
  .near.rodata       const    0x0085af     0x9  BC95.o [1]
  .near.rodata       const    0x0085b8     0x9  BC95.o [1]
  .near.rodata       const    0x0085c1     0x9  BC95.o [1]
  .near.rodata       const    0x0085ca     0x8  BC95.o [1]
  .near.rodata       const    0x0085d2     0x7  BC95.o [1]
  .near.rodata       const    0x0085d9     0x7  BC95.o [1]
  .near.rodata       const    0x0085e0     0x7  BC95.o [1]
  .near.rodata       const    0x0085e7     0x6  BC95.o [1]
  .near.rodata       const    0x0085ed     0x6  BC95.o [1]
  .near.rodata       const    0x0085f3     0x5  BC95.o [1]
  .near.rodata       const    0x0085f8     0x5  BC95.o [1]
  .near.rodata       const    0x0085fd     0x5  stm8l15x_clk.o [1]
  .near.rodata       const    0x008602     0x3  BC95.o [1]
                            - 0x008605   0x585

"P4":                                    0x4bb
  .far_func.text     ro code  0x008605   0x17e  vreg_util.o [4]
  .far_func.text     ro code  0x008783    0xca  long.o [4]
  .far_func.text     ro code  0x00884d    0x4f  short.o [4]
  .far_func.text     ro code  0x00889c    0x48  long_util.o [4]
  .far_func.text     ro code  0x0088e4    0x44  strstr.o [4]
  .far_func.text     ro code  0x008928    0x36  memcmp.o [4]
  .far_func.text     ro code  0x00895e    0x2c  dc_util.o [4]
  .far_func.text     ro code  0x00898a    0x2a  far_util.o [4]
  .far_func.text     ro code  0x0089b4    0x28  init_small.o [4]
  .far_func.text     ro code  0x0089dc    0x26  memcpy.o [4]
  .far_func.text     ro code  0x008a02    0x1e  init.o [4]
  .far_func.text     ro code  0x008a20    0x1e  init_small.o [4]
  .far_func.text     ro code  0x008a3e    0x17  cstartup.o [4]
  .far_func.text     ro code  0x008a55    0x17  memset.o [4]
  .far_func.text     ro code  0x008a6c    0x16  __dbg_xxexit.o [3]
  .far_func.text     ro code  0x008a82    0x12  strlen.o [4]
  .far_func.text     ro code  0x008a94     0xd  move.o [4]
  .far_func.text     ro code  0x008aa1     0xa  far.o [4]
  .far_func.text     ro code  0x008aab     0x6  cexit.o [4]
  .far_func.text     ro code  0x008ab1     0x4  interrupt.o [4]
  .far_func.text     ro code  0x008ab5     0x4  exit.o [4]
  .far_func.text     ro code  0x008ab9     0x3  low_level_init.o [4]
  .far_func.text     ro code  0x008abc     0x3  unhandled_exception.o [4]
  .far_func.text     ro code  0x008abf     0x1  __dbg_break.o [3]
                            - 0x008ac0   0x4bb

"P5":                                   0x3248
  .huge_func.text    ro code  0x008ac0   0x72c  BC95.o [1]
  .huge_func.text    ro code  0x0091ec   0x2ed  IAP.o [1]
  .huge_func.text    ro code  0x0094d9   0x215  rtc.o [1]
  .huge_func.text    ro code  0x0096ee   0x1c2  BC95.o [1]
  .huge_func.text    ro code  0x0098b0   0x1b1  Sys_Timer.o [1]
  .huge_func.text    ro code  0x009a61   0x1a1  stm8l15x_itc.o [1]
  .huge_func.text    ro code  0x009c02   0x147  IAP.o [1]
  .huge_func.text    ro code  0x009d49   0x130  stm8l15x_exti.o [1]
  .huge_func.text    ro code  0x009e79   0x130  Sys_Timer.o [1]
  .huge_func.text    ro code  0x009fa9   0x11b  IAP.o [1]
  .huge_func.text    ro code  0x00a0c4   0x106  IAP.o [1]
  .huge_func.text    ro code  0x00a1ca    0xfd  IAP.o [1]
  .huge_func.text    ro code  0x00a2c7    0xe6  IAP.o [1]
  .huge_func.text    ro code  0x00a3ad    0xe6  IAP.o [1]
  .huge_func.text    ro code  0x00a493    0xe4  IAP.o [1]
  .huge_func.text    ro code  0x00a577    0xde  stm8l15x_usart.o [1]
  .huge_func.text    ro code  0x00a655    0xbe  IAP.o [1]
  .huge_func.text    ro code  0x00a713    0xbe  stm8l15x_rtc.o [1]
  .huge_func.text    ro code  0x00a7d1    0xb3  rtc.o [1]
  .huge_func.text    ro code  0x00a884    0xb0  stm8l15x_rtc.o [1]
  .huge_func.text    ro code  0x00a934    0xaf  IAP.o [1]
  .huge_func.text    ro code  0x00a9e3    0xaf  stm8l15x_gpio.o [1]
  .huge_func.text    ro code  0x00aa92    0xae  Save.o [1]
  .huge_func.text    ro code  0x00ab40    0xae  stm8l15x_usart.o [1]
  .huge_func.text    ro code  0x00abee    0xac  uart.o [1]
  .huge_func.text    ro code  0x00ac9a    0x9e  stm8l15x_clk.o [1]
  .huge_func.text    ro code  0x00ad38    0x9a  stm8l15x_clk.o [1]
  .huge_func.text    ro code  0x00add2    0x95  stm8l15x_usart.o [1]
  .huge_func.text    ro code  0x00ae67    0x94  stm8l15x_clk.o [1]
  .huge_func.text    ro code  0x00aefb    0x8b  mcu_init.o [1]
  .huge_func.text    ro code  0x00af86    0x86  Pulse_Acquire.o [1]
  .huge_func.text    ro code  0x00b00c    0x85  uart.o [1]
  .huge_func.text    ro code  0x00b091    0x7b  main.o [1]
  .huge_func.text    ro code  0x00b10c    0x71  Globaldata.o [1]
  .huge_func.text    ro code  0x00b17d    0x6a  mcu_init.o [1]
  .huge_func.text    ro code  0x00b1e7    0x6a  Pulse_Acquire.o [1]
  .huge_func.text    ro code  0x00b251    0x6a  rtc.o [1]
  .huge_func.text    ro code  0x00b2bb    0x63  Sys_Timer.o [1]
  .huge_func.text    ro code  0x00b31e    0x60  stm8l15x_rtc.o [1]
  .huge_func.text    ro code  0x00b37e    0x5f  stm8l15x_rtc.o [1]
  .huge_func.text    ro code  0x00b3dd    0x5b  uart.o [1]
  .huge_func.text    ro code  0x00b438    0x59  stm8l15x_exti.o [1]
  .huge_func.text    ro code  0x00b491    0x59  stm8l15x_flash.o [1]
  .huge_func.text    ro code  0x00b4ea    0x58  stm8l15x_rtc.o [1]
  .huge_func.text    ro code  0x00b542    0x58  Sys_Timer.o [1]
  .huge_func.text    ro code  0x00b59a    0x4f  BC95.o [1]
  .huge_func.text    ro code  0x00b5e9    0x4f  mcu_init.o [1]
  .huge_func.text    ro code  0x00b638    0x4b  Globaldata.o [1]
  .huge_func.text    ro code  0x00b683    0x46  Globaldata.o [1]
  .huge_func.text    ro code  0x00b6c9    0x45  stm8l15x_rtc.o [1]
  .huge_func.text    ro code  0x00b70e    0x3f  stm8l15x_exti.o [1]
  .huge_func.text    ro code  0x00b74d    0x3e  stm8l15x_usart.o [1]
  .huge_func.text    ro code  0x00b78b    0x3b  stm8l15x_rtc.o [1]
  .huge_func.text    ro code  0x00b7c6    0x37  stm8l15x_rtc.o [1]
  .huge_func.text    ro code  0x00b7fd    0x36  stm8l15x_exti.o [1]
  .huge_func.text    ro code  0x00b833    0x31  IAP.o [1]
  .huge_func.text    ro code  0x00b864    0x2f  Save.o [1]
  .huge_func.text    ro code  0x00b893    0x2e  stm8l15x_rtc.o [1]
  .huge_func.text    ro code  0x00b8c1    0x2c  stm8l15x_rtc.o [1]
  .huge_func.text    ro code  0x00b8ed    0x2b  stm8l15x_usart.o [1]
  .huge_func.text    ro code  0x00b918    0x28  BC95.o [1]
  .huge_func.text    ro code  0x00b940    0x27  Pulse_Acquire.o [1]
  .huge_func.text    ro code  0x00b967    0x24  IAP.o [1]
  .huge_func.text    ro code  0x00b98b    0x24  IAP.o [1]
  .huge_func.text    ro code  0x00b9af    0x23  stm8l15x_rtc.o [1]
  .huge_func.text    ro code  0x00b9d2    0x22  stm8l15x_exti.o [1]
  .huge_func.text    ro code  0x00b9f4    0x20  stm8l15x_rtc.o [1]
  .huge_func.text    ro code  0x00ba14    0x1e  IAP.o [1]
  .huge_func.text    ro code  0x00ba32    0x1d  BC95.o [1]
  .huge_func.text    ro code  0x00ba4f    0x1c  main.o [1]
  .huge_func.text    ro code  0x00ba6b    0x1b  Globaldata.o [1]
  .huge_func.text    ro code  0x00ba86    0x1b  stm8l15x_it.o [1]
  .huge_func.text    ro code  0x00baa1    0x1b  stm8l15x_it.o [1]
  .huge_func.text    ro code  0x00babc    0x1b  stm8l15x_it.o [1]
  .huge_func.text    ro code  0x00bad7    0x1b  stm8l15x_it.o [1]
  .huge_func.text    ro code  0x00baf2    0x1b  stm8l15x_it.o [1]
  .huge_func.text    ro code  0x00bb0d    0x1b  stm8l15x_rtc.o [1]
  .huge_func.text    ro code  0x00bb28    0x19  stm8l15x_flash.o [1]
  .huge_func.text    ro code  0x00bb41    0x19  stm8l15x_flash.o [1]
  .huge_func.text    ro code  0x00bb5a    0x18  Save.o [1]
  .huge_func.text    ro code  0x00bb72    0x18  Save.o [1]
  .huge_func.text    ro code  0x00bb8a    0x16  BC95.o [1]
  .huge_func.text    ro code  0x00bba0    0x16  BC95.o [1]
  .huge_func.text    ro code  0x00bbb6    0x15  Save.o [1]
  .huge_func.text    ro code  0x00bbcb    0x15  stm8l15x_rtc.o [1]
  .huge_func.text    ro code  0x00bbe0    0x14  Save.o [1]
  .huge_func.text    ro code  0x00bbf4    0x13  stm8l15x_clk.o [1]
  .huge_func.text    ro code  0x00bc07    0x12  Save.o [1]
  .huge_func.text    ro code  0x00bc19     0xe  Save.o [1]
  .huge_func.text    ro code  0x00bc27     0xe  Save.o [1]
  .huge_func.text    ro code  0x00bc35     0xe  stm8l15x_pwr.o [1]
  .huge_func.text    ro code  0x00bc43     0xd  BC95.o [1]
  .huge_func.text    ro code  0x00bc50     0xd  stm8l15x_rtc.o [1]
  .huge_func.text    ro code  0x00bc5d     0xc  mcu_init.o [1]
  .huge_func.text    ro code  0x00bc69     0xc  stm8l15x_flash.o [1]
  .huge_func.text    ro code  0x00bc75     0xb  IAP.o [1]
  .huge_func.text    ro code  0x00bc80     0xb  stm8l15x_flash.o [1]
  .huge_func.text    ro code  0x00bc8b     0xa  BC95.o [1]
  .huge_func.text    ro code  0x00bc95     0xa  stm8l15x_clk.o [1]
  .huge_func.text    ro code  0x00bc9f     0x9  IAP.o [1]
  .huge_func.text    ro code  0x00bca8     0x9  stm8l15x_gpio.o [1]
  .huge_func.text    ro code  0x00bcb1     0x8  stm8l15x_gpio.o [1]
  .huge_func.text    ro code  0x00bcb9     0x8  stm8l15x_usart.o [1]
  .huge_func.text    ro code  0x00bcc1     0x7  stm8l15x_gpio.o [1]
  .huge_func.text    ro code  0x00bcc8     0x6  Save.o [1]
  .huge_func.text    ro code  0x00bcce     0x5  IAP.o [1]
  .huge_func.text    ro code  0x00bcd3     0x5  stm8l15x_flash.o [1]
  .huge_func.text    ro code  0x00bcd8     0x5  stm8l15x_iwdg.o [1]
  .huge_func.text    ro code  0x00bcdd     0x5  stm8l15x_usart.o [1]
  .huge_func.text    ro code  0x00bce2     0x5  stm8l15x_usart.o [1]
  .huge_func.text    ro code  0x00bce7     0x4  stm8l15x_clk.o [1]
  .huge_func.text    ro code  0x00bceb     0x4  stm8l15x_clk.o [1]
  .huge_func.text    ro code  0x00bcef     0x1  stm8l15x_it.o [1]
  .huge_func.text    ro code  0x00bcf0     0x1  stm8l15x_it.o [1]
  .huge_func.text    ro code  0x00bcf1     0x1  stm8l15x_it.o [1]
  .huge_func.text    ro code  0x00bcf2     0x1  stm8l15x_it.o [1]
  .huge_func.text    ro code  0x00bcf3     0x1  stm8l15x_it.o [1]
  .huge_func.text    ro code  0x00bcf4     0x1  stm8l15x_it.o [1]
  .huge_func.text    ro code  0x00bcf5     0x1  stm8l15x_it.o [1]
  .huge_func.text    ro code  0x00bcf6     0x1  stm8l15x_it.o [1]
  .huge_func.text    ro code  0x00bcf7     0x1  stm8l15x_it.o [1]
  .huge_func.text    ro code  0x00bcf8     0x1  stm8l15x_it.o [1]
  .huge_func.text    ro code  0x00bcf9     0x1  stm8l15x_it.o [1]
  .huge_func.text    ro code  0x00bcfa     0x1  stm8l15x_it.o [1]
  .huge_func.text    ro code  0x00bcfb     0x1  stm8l15x_it.o [1]
  .huge_func.text    ro code  0x00bcfc     0x1  stm8l15x_it.o [1]
  .huge_func.text    ro code  0x00bcfd     0x1  stm8l15x_it.o [1]
  .huge_func.text    ro code  0x00bcfe     0x1  stm8l15x_it.o [1]
  .huge_func.text    ro code  0x00bcff     0x1  stm8l15x_it.o [1]
  .huge_func.text    ro code  0x00bd00     0x1  stm8l15x_it.o [1]
  .huge_func.text    ro code  0x00bd01     0x1  stm8l15x_it.o [1]
  .huge_func.text    ro code  0x00bd02     0x1  stm8l15x_it.o [1]
  .huge_func.text    ro code  0x00bd03     0x1  stm8l15x_it.o [1]
  .huge_func.text    ro code  0x00bd04     0x1  stm8l15x_it.o [1]
  .huge_func.text    ro code  0x00bd05     0x1  stm8l15x_it.o [1]
  .huge_func.text    ro code  0x00bd06     0x1  stm8l15x_it.o [1]
  .huge_func.text    ro code  0x00bd07     0x1  stm8l15x_it.o [1]
                            - 0x00bd08  0x3248


*******************************************************************************
*** INIT TABLE
***

          Address   Size
          -------   ----
Zero (__iar_zero_init2)
    1 destination range, total size 0x78e:
          0x000210  0x78e

Copy (__iar_copy_init2)
    1 source range, total size 0x200:
          0x008080  0x200
    1 destination range, total size 0x200:
          0x000010  0x200



*******************************************************************************
*** MODULE SUMMARY
***

    Module                 ro code  ro data  rw data
    ------                 -------  -------  -------
F:\0中科君达\0项目\NB水表\IAP\BLD\PROJECT\Debug\Obj: [1]
    BC95.o                   2 501      323        9
    Globaldata.o               285      512      531
    IAP.o                    3 103      553      539
    Pulse_Acquire.o            279                 7
    Save.o                     362
    Sys_Timer.o                924               171
    main.o                     151
    mcu_init.o                 336
    rtc.o                      818
    stm8l15x_clk.o             497        5
    stm8l15x_exti.o            544
    stm8l15x_flash.o           167
    stm8l15x_gpio.o            199
    stm8l15x_it.o              160
    stm8l15x_itc.o             417
    stm8l15x_iwdg.o              5
    stm8l15x_pwr.o              14
    stm8l15x_rtc.o           1 046
    stm8l15x_usart.o           668
    uart.o                     396             1 189
    ------------------------------------------------
    Total:                  12 872    1 393    2 446

command line: [2]
    ------------------------------------------------
    Total:

dbgstm8mmd.a: [3]
    __dbg_break.o                1
    __dbg_xxexit.o              22
    ------------------------------------------------
    Total:                      23

dlstm8mmn.a: [4]
    cexit.o                      6
    cstartup.o                  23
    dc_util.o                   44
    exit.o                       4
    far.o                       10
    far_util.o                  42
    init.o                      30
    init_small.o                70
    interrupt.o                  4      128
    long.o                     202
    long_util.o                 72
    low_level_init.o             3
    memcmp.o                    54
    memcpy.o                    38
    memset.o                    23
    move.o                      13
    short.o                     79
    strlen.o                    18
    strstr.o                    68
    unhandled_exception.o        3
    vreg_util.o                382
    vregs.o                                       16
    ------------------------------------------------
    Total:                   1 188      128       16

    Linker created                       20      256
----------------------------------------------------
    Grand Total:            14 083    1 541    2 718


*******************************************************************************
*** ENTRY LIST
***

Entry                    Address   Size  Type      Object
-----                    -------   ----  ----      ------
.iar.init_table$$Base   0x008469          --   Gb  - Linker created -
.iar.init_table$$Limit  0x00847d          --   Gb  - Linker created -
?add32_l0_l0_0x         0x00879e         Code  Gb  long.o [4]
?add32_l0_l0_l1         0x00879b         Code  Gb  long.o [4]
?b0                     0x000000         Data  Gb  vregs.o [4]
?b1                     0x000001         Data  Gb  vregs.o [4]
?b10                    0x00000a         Data  Gb  vregs.o [4]
?b11                    0x00000b         Data  Gb  vregs.o [4]
?b12                    0x00000c         Data  Gb  vregs.o [4]
?b13                    0x00000d         Data  Gb  vregs.o [4]
?b14                    0x00000e         Data  Gb  vregs.o [4]
?b15                    0x00000f         Data  Gb  vregs.o [4]
?b2                     0x000002         Data  Gb  vregs.o [4]
?b3                     0x000003         Data  Gb  vregs.o [4]
?b4                     0x000004         Data  Gb  vregs.o [4]
?b5                     0x000005         Data  Gb  vregs.o [4]
?b6                     0x000006         Data  Gb  vregs.o [4]
?b7                     0x000007         Data  Gb  vregs.o [4]
?b8                     0x000008         Data  Gb  vregs.o [4]
?b9                     0x000009         Data  Gb  vregs.o [4]
?dc32_l1                0x00895e         Code  Gb  dc_util.o [4]
?e0                     0x000001         Data  Gb  vregs.o [4]
?e1                     0x000005         Data  Gb  vregs.o [4]
?e2                     0x000009         Data  Gb  vregs.o [4]
?e3                     0x00000d         Data  Gb  vregs.o [4]
?epilogue_l2            0x0086eb         Code  Gb  vreg_util.o [4]
?epilogue_l2_l3         0x0086e7         Code  Gb  vreg_util.o [4]
?epilogue_l2_w6         0x0086f0         Code  Gb  vreg_util.o [4]
?epilogue_w4            0x0086f9         Code  Gb  vreg_util.o [4]
?inc32_0x_0x            0x00878d         Code  Gb  long.o [4]
?inc32_l0_l0            0x008783         Code  Gb  long.o [4]
?inc32_l1_l1            0x008788         Code  Gb  long.o [4]
?l0                     0x000000         Data  Gb  vregs.o [4]
?l1                     0x000004         Data  Gb  vregs.o [4]
?l2                     0x000008         Data  Gb  vregs.o [4]
?l3                     0x00000c         Data  Gb  vregs.o [4]
?load24_0x_e3           0x0089a6         Code  Gb  far_util.o [4]
?load24_e0_0x           0x00898a         Code  Gb  far_util.o [4]
?load24_e1_0x           0x008998         Code  Gb  far_util.o [4]
?load32_0x_l0           0x0088c8         Code  Gb  long_util.o [4]
?load32_0x_l1           0x0088d6         Code  Gb  long_util.o [4]
?load32_l0_0x           0x0088a6         Code  Gb  long_util.o [4]
?load32_l0_xsp          0x00889c         Code  Gb  long_util.o [4]
?load32_l1_0x           0x0088bc         Code  Gb  long_util.o [4]
?load32_l1_xsp          0x0088b2         Code  Gb  long_util.o [4]
?mov_e0_e1              0x008721         Code  Gb  vreg_util.o [4]
?mov_e0_e2              0x00872e         Code  Gb  vreg_util.o [4]
?mov_e0_e3              0x00873b         Code  Gb  vreg_util.o [4]
?mov_e1_e0              0x008748         Code  Gb  vreg_util.o [4]
?mov_e1_e3              0x008755         Code  Gb  vreg_util.o [4]
?mov_e2_e0              0x008762         Code  Gb  vreg_util.o [4]
?mov_e3_e0              0x00876f         Code  Gb  vreg_util.o [4]
?mov_e3_e1              0x008779         Code  Gb  vreg_util.o [4]
?mov_l0_l2              0x00872b         Code  Gb  vreg_util.o [4]
?mov_l0_l3              0x008738         Code  Gb  vreg_util.o [4]
?mov_l1_l0              0x008745         Code  Gb  vreg_util.o [4]
?mov_l1_l3              0x008752         Code  Gb  vreg_util.o [4]
?mov_l2_l0              0x00875f         Code  Gb  vreg_util.o [4]
?mov_l3_l0              0x00876c         Code  Gb  vreg_util.o [4]
?mov_w0_w1              0x0086fe         Code  Gb  vreg_util.o [4]
?mov_w0_w5              0x008705         Code  Gb  vreg_util.o [4]
?mov_w1_w3              0x008724         Code  Gb  vreg_util.o [4]
?mov_w1_w5              0x008731         Code  Gb  vreg_util.o [4]
?mov_w1_w6              0x00870c         Code  Gb  vreg_util.o [4]
?mov_w1_w7              0x00873e         Code  Gb  vreg_util.o [4]
?mov_w2_w1              0x008713         Code  Gb  vreg_util.o [4]
?mov_w3_w1              0x00874b         Code  Gb  vreg_util.o [4]
?mov_w3_w7              0x008758         Code  Gb  vreg_util.o [4]
?mov_w5_w1              0x008765         Code  Gb  vreg_util.o [4]
?mov_w5_w6              0x00871a         Code  Gb  vreg_util.o [4]
?mov_w7_w1              0x008772         Code  Gb  vreg_util.o [4]
?mov_w7_w3              0x00877c         Code  Gb  vreg_util.o [4]
?move1616_v_x_y_a       0x008a94         Code  Gb  move.o [4]
?mul16_x_x_w0           0x00884d         Code  Gb  short.o [4]
?pop_e3                 0x00865c         Code  Gb  vreg_util.o [4]
?pop_l0                 0x0086af         Code  Gb  vreg_util.o [4]
?pop_l1                 0x0086ba         Code  Gb  vreg_util.o [4]
?pop_l2                 0x0086c5         Code  Gb  vreg_util.o [4]
?pop_l3                 0x0086d0         Code  Gb  vreg_util.o [4]
?pop_w4                 0x008626         Code  Gb  vreg_util.o [4]
?pop_w6                 0x00862d         Code  Gb  vreg_util.o [4]
?push_e3                0x008640         Code  Gb  vreg_util.o [4]
?push_l0                0x00867a         Code  Gb  vreg_util.o [4]
?push_l1                0x00867f         Code  Gb  vreg_util.o [4]
?push_l2                0x008684         Code  Gb  vreg_util.o [4]
?push_l3                0x008689         Code  Gb  vreg_util.o [4]
?push_w4                0x008605         Code  Gb  vreg_util.o [4]
?push_w6                0x00860a         Code  Gb  vreg_util.o [4]
?sdiv16_x_x_y           0x00886b         Code  Gb  short.o [4]
?sext32_l0_x            0x008842         Code  Gb  long.o [4]
?sll16_x_x_a            0x008894         Code  Gb  short.o [4]
?smod16_y_x_y           0x008884         Code  Gb  short.o [4]
?ucmp24_c_0x_e0         0x008aa1         Code  Gb  far.o [4]
?ucmp32_c_l0_0x         0x008827         Code  Gb  long.o [4]
?ucmp32_c_l0_l1         0x008837         Code  Gb  long.o [4]
?udiv32_l0_l0_dl        0x0087b6         Code  Gb  long.o [4]
?udiv32_l0_l0_l1        0x0087ba         Code  Gb  long.o [4]
?umod32_l1_l0_l1        0x0087ba         Code  Gb  long.o [4]
?w0                     0x000000         Data  Gb  vregs.o [4]
?w1                     0x000002         Data  Gb  vregs.o [4]
?w2                     0x000004         Data  Gb  vregs.o [4]
?w3                     0x000006         Data  Gb  vregs.o [4]
?w4                     0x000008         Data  Gb  vregs.o [4]
?w5                     0x00000a         Data  Gb  vregs.o [4]
?w6                     0x00000c         Data  Gb  vregs.o [4]
?w7                     0x00000e         Data  Gb  vregs.o [4]
ADC1_COMP_IRQHandler    0x00bcfe    0x1  Code  Gb  stm8l15x_it.o [1]
APPValid                0x00099c    0x1  Data  Gb  IAP.o [1]
ASCLL_to_Int            0x00b683   0x46  Code  Gb  Globaldata.o [1]
BC95                    0x000984    0x9  Data  Gb  BC95.o [1]
BC95_Data_Send          0x00bba0   0x16  Code  Gb  BC95.o [1]
BC95_Power_Off          0x00bc8b    0xa  Code  Gb  BC95.o [1]
BC95_Power_On           0x00b59a   0x4f  Code  Gb  BC95.o [1]
BC95_Process            0x008ac0  0x72c  Code  Gb  BC95.o [1]
BC95_Recv_Timeout_CallBack
                        0x00ba32   0x1d  Code  Gb  BC95.o [1]
BC95_Reset              0x00b918   0x28  Code  Gb  BC95.o [1]
BC95_Start              0x00bc43    0xd  Code  Gb  BC95.o [1]
Bcd2ToByte              0x00bb0d   0x1b  Code  Lc  stm8l15x_rtc.o [1]
ByteToBcd2              0x00b9f4   0x20  Code  Lc  stm8l15x_rtc.o [1]
CLK_GetClockFreq        0x00ac9a   0x9e  Code  Gb  stm8l15x_clk.o [1]
CLK_GetFlagStatus       0x00ad38   0x9a  Code  Gb  stm8l15x_clk.o [1]
CLK_LSEConfig           0x00bbf4   0x13  Code  Gb  stm8l15x_clk.o [1]
CLK_PeripheralClockConfig
                        0x00ae67   0x94  Code  Gb  stm8l15x_clk.o [1]
CLK_RTCClockConfig      0x00bc95    0xa  Code  Gb  stm8l15x_clk.o [1]
CLK_SYSCLKDivConfig     0x00bceb    0x4  Code  Gb  stm8l15x_clk.o [1]
CLK_SYSCLKSourceConfig  0x00bce7    0x4  Code  Gb  stm8l15x_clk.o [1]
CRC16                   0x00b638   0x4b  Code  Gb  Globaldata.o [1]
CSTACK$$Base            0x000f00          --   Gb  - Linker created -
CSTACK$$Limit           0x001000          --   Gb  - Linker created -
Cal                     0x00098d    0x7  Data  Gb  Pulse_Acquire.o [1]
Check_Run_APP           0x00ba14   0x1e  Code  Gb  IAP.o [1]
Create_Timer            0x009e79  0x130  Code  Gb  Sys_Timer.o [1]
DMA1_CHANNEL0_1_IRQHandler
                        0x00bcf1    0x1  Code  Gb  stm8l15x_it.o [1]
DMA1_CHANNEL2_3_IRQHandler
                        0x00bcf2    0x1  Code  Gb  stm8l15x_it.o [1]
Delete_Timer            0x00b2bb   0x63  Code  Gb  Sys_Timer.o [1]
EEPROM_ReadWord         0x00b967   0x24  Code  Gb  IAP.o [1]
EXTI0_IRQHandler        0x00babc   0x1b  Code  Gb  stm8l15x_it.o [1]
EXTI1_IRQHandler        0x00bcf5    0x1  Code  Gb  stm8l15x_it.o [1]
EXTI2_IRQHandler        0x00bcf6    0x1  Code  Gb  stm8l15x_it.o [1]
EXTI3_IRQHandler        0x00bcf7    0x1  Code  Gb  stm8l15x_it.o [1]
EXTI4_IRQHandler        0x00bcf8    0x1  Code  Gb  stm8l15x_it.o [1]
EXTI5_IRQHandler        0x00bcf9    0x1  Code  Gb  stm8l15x_it.o [1]
EXTI6_IRQHandler        0x00bcfa    0x1  Code  Gb  stm8l15x_it.o [1]
EXTI7_IRQHandler        0x00bcfb    0x1  Code  Gb  stm8l15x_it.o [1]
EXTIB_G_IRQHandler      0x00bcf4    0x1  Code  Gb  stm8l15x_it.o [1]
EXTID_H_IRQHandler      0x00baa1   0x1b  Code  Gb  stm8l15x_it.o [1]
EXTIE_F_PVD_IRQHandler  0x00bcf3    0x1  Code  Gb  stm8l15x_it.o [1]
EXTI_ClearITPendingBit  0x00b9d2   0x22  Code  Gb  stm8l15x_exti.o [1]
EXTI_SelectPort         0x00b7fd   0x36  Code  Gb  stm8l15x_exti.o [1]
EXTI_SetHalfPortSelection
                        0x00b70e   0x3f  Code  Gb  stm8l15x_exti.o [1]
EXTI_SetPinSensitivity  0x009d49  0x130  Code  Gb  stm8l15x_exti.o [1]
EXTI_SetPortSensitivity
                        0x00b438   0x59  Code  Gb  stm8l15x_exti.o [1]
Exti0_Interrupt         0x00b940   0x27  Code  Gb  Pulse_Acquire.o [1]
ExtiD_Interrupt         0x00af86   0x86  Code  Gb  Pulse_Acquire.o [1]
FLASH_GetFlagStatus     0x00bb41   0x19  Code  Gb  stm8l15x_flash.o [1]
FLASH_IRQHandler        0x00bcf0    0x1  Code  Gb  stm8l15x_it.o [1]
FLASH_Lock              0x00bc80    0xb  Code  Gb  stm8l15x_flash.o [1]
FLASH_ProgramByte       0x00bc69    0xc  Code  Gb  stm8l15x_flash.o [1]
FLASH_ProgramWord       0x00b491   0x59  Code  Gb  stm8l15x_flash.o [1]
FLASH_ReadByte          0x00bcd3    0x5  Code  Gb  stm8l15x_flash.o [1]
FLASH_ReadWord          0x00b98b   0x24  Code  Gb  IAP.o [1]
FLASH_Unlock            0x00bb28   0x19  Code  Gb  stm8l15x_flash.o [1]
FlashWrite              0x00a934   0xaf  Code  Gb  IAP.o [1]
GMT_to_BT               0x0094d9  0x215  Code  Gb  rtc.o [1]
GPIO_Configuration      0x00b5e9   0x4f  Code  Gb  mcu_init.o [1]
GPIO_Init               0x00a9e3   0xaf  Code  Gb  stm8l15x_gpio.o [1]
GPIO_ReadInputDataBit   0x00bca8    0x9  Code  Gb  stm8l15x_gpio.o [1]
GPIO_ResetBits          0x00bcb1    0x8  Code  Gb  stm8l15x_gpio.o [1]
GPIO_SetBits            0x00bcc1    0x7  Code  Gb  stm8l15x_gpio.o [1]
I2C1_SPI2_IRQHandler    0x00bd07    0x1  Code  Gb  stm8l15x_it.o [1]
INTVEC$$Base            0x008000          --   Gb  - Linker created -
INTVEC$$Limit           0x008080          --   Gb  - Linker created -
ITC_SetSoftwarePriority
                        0x009a61  0x1a1  Code  Gb  stm8l15x_itc.o [1]
IWDG_ReloadCounter      0x00bcd8    0x5  Code  Gb  stm8l15x_iwdg.o [1]
Int_to_ASCLL            0x00ba6b   0x1b  Code  Gb  Globaldata.o [1]
JumptoAPP               0x00bc75    0xb  Code  Gb  IAP.o [1]
LCD_AES_IRQHandler      0x00bcfc    0x1  Code  Gb  stm8l15x_it.o [1]
MCU_DeInit              0x00aefb   0x8b  Code  Gb  mcu_init.o [1]
MeterParameter          0x000979    0xb  Data  Gb  Globaldata.o [1]
PWR_UltraLowPowerCmd    0x00bc35    0xe  Code  Gb  stm8l15x_pwr.o [1]
Pulse_Acquire_Config    0x00b1e7   0x6a  Code  Gb  Pulse_Acquire.o [1]
RCC_Configuration       0x00bc5d    0xc  Code  Gb  mcu_init.o [1]
RTC_CSSLSE_IRQHandler   0x00ba86   0x1b  Code  Gb  stm8l15x_it.o [1]
RTC_ClearITPendingBit   0x00bc50    0xd  Code  Gb  stm8l15x_rtc.o [1]
RTC_DateStr             0x000998    0x4  Data  Gb  Globaldata.o [1]
RTC_EnterInitMode       0x00b8c1   0x2c  Code  Gb  stm8l15x_rtc.o [1]
RTC_GetDate             0x00b31e   0x60  Code  Gb  stm8l15x_rtc.o [1]
RTC_GetITStatus         0x00b893   0x2e  Code  Gb  stm8l15x_rtc.o [1]
RTC_GetTime             0x00b4ea   0x58  Code  Gb  stm8l15x_rtc.o [1]
RTC_ITConfig            0x00b78b   0x3b  Code  Gb  stm8l15x_rtc.o [1]
RTC_Init                0x00b37e   0x5f  Code  Gb  stm8l15x_rtc.o [1]
RTC_SetDate             0x00a713   0xbe  Code  Gb  stm8l15x_rtc.o [1]
RTC_SetTime             0x00a884   0xb0  Code  Gb  stm8l15x_rtc.o [1]
RTC_SetWakeUpCounter    0x00bbcb   0x15  Code  Gb  stm8l15x_rtc.o [1]
RTC_TimeStr             0x000994    0x4  Data  Gb  Globaldata.o [1]
RTC_WaitForSynchro      0x00b7c6   0x37  Code  Gb  stm8l15x_rtc.o [1]
RTC_WakeUpClockConfig   0x00b9af   0x23  Code  Gb  stm8l15x_rtc.o [1]
RTC_WakeUpCmd           0x00b6c9   0x45  Code  Gb  stm8l15x_rtc.o [1]
Read_ACUM_Flow          0x00bc07   0x12  Code  Gb  Save.o [1]
Read_APP_Valid          0x00bcc8    0x6  Code  Gb  Save.o [1]
Read_Meter_Parameter    0x00bbb6   0x15  Code  Gb  Save.o [1]
Read_Upgrade_Info       0x00bbe0   0x14  Code  Gb  Save.o [1]
Read_Version            0x00b864   0x2f  Code  Gb  Save.o [1]
Region$$Table$$Base     0x008469          --   Gb  - Linker created -
Region$$Table$$Limit    0x00847d          --   Gb  - Linker created -
Report_History_Data     0x0096ee  0x1c2  Code  Gb  BC95.o [1]
Rtc_Config              0x00b251   0x6a  Code  Gb  rtc.o [1]
Run_APP                 0x00bc9f    0x9  Code  Gb  IAP.o [1]
SPI1_IRQHandler         0x00bd04    0x1  Code  Gb  stm8l15x_it.o [1]
STM8_Interrupt_Vector_Table_Init
                        0x00a1ca   0xfd  Code  Gb  IAP.o [1]
STM8_Interrupt_Vector_Table_Redirection
                        0x00a655   0xbe  Code  Gb  IAP.o [1]
SWITCH_CSS_BREAK_DAC_IRQHandler
                        0x00bcfd    0x1  Code  Gb  stm8l15x_it.o [1]
SYSDivFactor            0x0085fd    0x5  Data  Gb  stm8l15x_clk.o [1]
Save_APP_Valid          0x00bc19    0xe  Code  Gb  Save.o [1]
Save_Add_Flow           0x00bb72   0x18  Code  Gb  Save.o [1]
Save_Upgrade_Info       0x00bc27    0xe  Code  Gb  Save.o [1]
Save_Version            0x00bb5a   0x18  Code  Gb  Save.o [1]
SendUpgradeMessage19    0x009fa9  0x11b  Code  Gb  IAP.o [1]
SendUpgradeMessage20    0x00a2c7   0xe6  Code  Gb  IAP.o [1]
SendUpgradeMessage21    0x00a0c4  0x106  Code  Gb  IAP.o [1]
SendUpgradeMessage22    0x00a3ad   0xe6  Code  Gb  IAP.o [1]
SendUpgradeMessage23    0x00a493   0xe4  Code  Gb  IAP.o [1]
Sleep                   0x00ba4f   0x1c  Code  Gb  main.o [1]
SysTick_Handler         0x0098b0  0x1b1  Code  Gb  Sys_Timer.o [1]
Sys_Timer               0x0008cf   0xaa  Data  Lc  Sys_Timer.o [1]
Sys_Timer_Process       0x00b542   0x58  Code  Gb  Sys_Timer.o [1]
TIM1_CC_IRQHandler      0x00bd02    0x1  Code  Gb  stm8l15x_it.o [1]
TIM1_UPD_OVF_TRG_COM_IRQHandler
                        0x00bd01    0x1  Code  Gb  stm8l15x_it.o [1]
TIM2_CC_USART2_RX_IRQHandler
                        0x00baf2   0x1b  Code  Gb  stm8l15x_it.o [1]
TIM2_UPD_OVF_TRG_BRK_USART2_TX_IRQHandler
                        0x00bad7   0x1b  Code  Gb  stm8l15x_it.o [1]
TIM3_CC_USART3_RX_IRQHandler
                        0x00bd00    0x1  Code  Gb  stm8l15x_it.o [1]
TIM3_UPD_OVF_TRG_BRK_USART3_TX_IRQHandler
                        0x00bcff    0x1  Code  Gb  stm8l15x_it.o [1]
TIM4_UPD_OVF_TRG_IRQHandler
                        0x00bd03    0x1  Code  Gb  stm8l15x_it.o [1]
TRAP_IRQHandler         0x00bcef    0x1  Code  Gb  stm8l15x_it.o [1]
USART1_RX_TIM5_CC_IRQHandler
                        0x00bd06    0x1  Code  Gb  stm8l15x_it.o [1]
USART1_TX_TIM5_UPD_OVF_TRG_BRK_IRQHandler
                        0x00bd05    0x1  Code  Gb  stm8l15x_it.o [1]
USART2_Configuration    0x00b17d   0x6a  Code  Gb  mcu_init.o [1]
USART2_IRQHandler       0x00abee   0xac  Code  Gb  uart.o [1]
USART2_TX_IRQHandler    0x00b3dd   0x5b  Code  Gb  uart.o [1]
USART_ClearITPendingBit
                        0x00bce2    0x5  Code  Gb  stm8l15x_usart.o [1]
USART_Cmd               0x00b8ed   0x2b  Code  Gb  stm8l15x_usart.o [1]
USART_DeInit            0x00b74d   0x3e  Code  Gb  stm8l15x_usart.o [1]
USART_GetITStatus       0x00ab40   0xae  Code  Gb  stm8l15x_usart.o [1]
USART_ITConfig          0x00add2   0x95  Code  Gb  stm8l15x_usart.o [1]
USART_Init              0x00a577   0xde  Code  Gb  stm8l15x_usart.o [1]
USART_ReceiveData8      0x00bcdd    0x5  Code  Gb  stm8l15x_usart.o [1]
USART_SendData8         0x00bcb9    0x8  Code  Gb  stm8l15x_usart.o [1]
Uart2                   0x000210  0x4a5  Data  Gb  uart.o [1]
Uart2_Send              0x00b00c   0x85  Code  Gb  uart.o [1]
Upgrade                 0x0006b5  0x21a  Data  Gb  IAP.o [1]
Upgrade_Delay_CallBack  0x00bcce    0x5  Code  Gb  IAP.o [1]
Upgrade_Recv_Process    0x0091ec  0x2ed  Code  Gb  IAP.o [1]
Upgrade_Send_Process    0x009c02  0x147  Code  Gb  IAP.o [1]
Upgrade_TimeOut_CallBack
                        0x00b833   0x31  Code  Gb  IAP.o [1]
Wake_Interrupt          0x00a7d1   0xb3  Code  Gb  rtc.o [1]
WriteRom                0x00aa92   0xae  Code  Gb  Save.o [1]
__DebugBreak            0x008abf    0x1  Code  Gb  __dbg_break.o [3]
__exit                  0x008a6c   0x16  Code  Gb  __dbg_xxexit.o [3]
__iar_Strstr            0x0088e4   0x44  Code  Gb  strstr.o [4]
__iar_copy_init2        0x0089b4         Code  Gb  init_small.o [4]
__iar_data_init2        0x008a02   0x1e  Code  Gb  init.o [4]
__iar_program_start     0x008a3e         Code  Gb  cstartup.o [4]
__iar_unhandled_exception
                        0x008abc         Code  Gb  unhandled_exception.o [4]
__iar_zero_init2        0x008a20         Code  Gb  init_small.o [4]
__intvec                0x008000         Data  Gb  interrupt.o [4]
__low_level_init        0x008ab9    0x3  Code  Gb  low_level_init.o [4]
_exit                   0x008aab         Code  Gb  cexit.o [4]
_interrupt_1            0x00bcef         Code  Gb  stm8l15x_it.o [1]
_interrupt_10           0x00babc         Code  Gb  stm8l15x_it.o [1]
_interrupt_11           0x00bcf5         Code  Gb  stm8l15x_it.o [1]
_interrupt_12           0x00bcf6         Code  Gb  stm8l15x_it.o [1]
_interrupt_13           0x00bcf7         Code  Gb  stm8l15x_it.o [1]
_interrupt_14           0x00bcf8         Code  Gb  stm8l15x_it.o [1]
_interrupt_15           0x00bcf9         Code  Gb  stm8l15x_it.o [1]
_interrupt_16           0x00bcfa         Code  Gb  stm8l15x_it.o [1]
_interrupt_17           0x00bcfb         Code  Gb  stm8l15x_it.o [1]
_interrupt_18           0x00bcfc         Code  Gb  stm8l15x_it.o [1]
_interrupt_19           0x00bcfd         Code  Gb  stm8l15x_it.o [1]
_interrupt_20           0x00bcfe         Code  Gb  stm8l15x_it.o [1]
_interrupt_21           0x00bad7         Code  Gb  stm8l15x_it.o [1]
_interrupt_22           0x00baf2         Code  Gb  stm8l15x_it.o [1]
_interrupt_23           0x00bcff         Code  Gb  stm8l15x_it.o [1]
_interrupt_24           0x00bd00         Code  Gb  stm8l15x_it.o [1]
_interrupt_25           0x00bd01         Code  Gb  stm8l15x_it.o [1]
_interrupt_26           0x00bd02         Code  Gb  stm8l15x_it.o [1]
_interrupt_27           0x00bd03         Code  Gb  stm8l15x_it.o [1]
_interrupt_28           0x00bd04         Code  Gb  stm8l15x_it.o [1]
_interrupt_29           0x00bd05         Code  Gb  stm8l15x_it.o [1]
_interrupt_3            0x00bcf0         Code  Gb  stm8l15x_it.o [1]
_interrupt_30           0x00bd06         Code  Gb  stm8l15x_it.o [1]
_interrupt_31           0x00bd07         Code  Gb  stm8l15x_it.o [1]
_interrupt_4            0x00bcf1         Code  Gb  stm8l15x_it.o [1]
_interrupt_5            0x00bcf2         Code  Gb  stm8l15x_it.o [1]
_interrupt_6            0x00ba86         Code  Gb  stm8l15x_it.o [1]
_interrupt_7            0x00bcf3         Code  Gb  stm8l15x_it.o [1]
_interrupt_8            0x00bcf4         Code  Gb  stm8l15x_it.o [1]
_interrupt_9            0x00baa1         Code  Gb  stm8l15x_it.o [1]
crc16_table             0x000010  0x200  Data  Lc  Globaldata.o [1]
exit                    0x008ab5    0x4  Code  Gb  exit.o [4]
main                    0x00b091   0x7b  Code  Gb  main.o [1]
memcmp                  0x008928   0x36  Code  Gb  memcmp.o [4]
memcpy                  0x0089dc   0x26  Code  Gb  memcpy.o [4]
memset                  0x008a55   0x17  Code  Gb  memset.o [4]
strlen                  0x008a82   0x12  Code  Gb  strlen.o [4]
strnstr                 0x00b10c   0x71  Code  Gb  Globaldata.o [1]
strstr                  0x00bb8a   0x16  Code  Gb  BC95.o [1]


[1] = F:\0中科君达\0项目\NB水表\IAP\BLD\PROJECT\Debug\Obj
[2] = command line
[3] = dbgstm8mmd.a
[4] = dlstm8mmn.a

  14 083 bytes of readonly  code memory
   1 541 bytes of readonly  data memory
   2 718 bytes of readwrite data memory

Errors: none
Warnings: none
