###############################################################################
#
# IAR ELF Linker V2.20.1.176 for STM8                     17/Jul/2018  09:09:49
# Copyright 2010-2015 IAR Systems AB.
#
#    Output file  =  
#        F:\0中科君达\0项目\NB水表\IAP\APP\PROJECT\Debug\Exe\project.out
#    Map file     =  
#        F:\0中科君达\0项目\NB水表\IAP\APP\PROJECT\Debug\List\project.map
#    Command line =  
#        F:\0中科君达\0项目\NB水表\IAP\APP\PROJECT\Debug\Obj\BC95.o
#        F:\0中科君达\0项目\NB水表\IAP\APP\PROJECT\Debug\Obj\Globaldata.o
#        F:\0中科君达\0项目\NB水表\IAP\APP\PROJECT\Debug\Obj\IAP.o
#        F:\0中科君达\0项目\NB水表\IAP\APP\PROJECT\Debug\Obj\main.o
#        F:\0中科君达\0项目\NB水表\IAP\APP\PROJECT\Debug\Obj\mcu_init.o
#        F:\0中科君达\0项目\NB水表\IAP\APP\PROJECT\Debug\Obj\Pulse_Acquire.o
#        F:\0中科君达\0项目\NB水表\IAP\APP\PROJECT\Debug\Obj\rtc.o
#        F:\0中科君达\0项目\NB水表\IAP\APP\PROJECT\Debug\Obj\Save.o
#        F:\0中科君达\0项目\NB水表\IAP\APP\PROJECT\Debug\Obj\stm8l15x_adc.o
#        F:\0中科君达\0项目\NB水表\IAP\APP\PROJECT\Debug\Obj\stm8l15x_clk.o
#        F:\0中科君达\0项目\NB水表\IAP\APP\PROJECT\Debug\Obj\stm8l15x_exti.o
#        F:\0中科君达\0项目\NB水表\IAP\APP\PROJECT\Debug\Obj\stm8l15x_flash.o
#        F:\0中科君达\0项目\NB水表\IAP\APP\PROJECT\Debug\Obj\stm8l15x_gpio.o
#        F:\0中科君达\0项目\NB水表\IAP\APP\PROJECT\Debug\Obj\stm8l15x_it.o
#        F:\0中科君达\0项目\NB水表\IAP\APP\PROJECT\Debug\Obj\stm8l15x_itc.o
#        F:\0中科君达\0项目\NB水表\IAP\APP\PROJECT\Debug\Obj\stm8l15x_iwdg.o
#        F:\0中科君达\0项目\NB水表\IAP\APP\PROJECT\Debug\Obj\stm8l15x_pwr.o
#        F:\0中科君达\0项目\NB水表\IAP\APP\PROJECT\Debug\Obj\stm8l15x_rtc.o
#        F:\0中科君达\0项目\NB水表\IAP\APP\PROJECT\Debug\Obj\stm8l15x_syscfg.o
#        F:\0中科君达\0项目\NB水表\IAP\APP\PROJECT\Debug\Obj\stm8l15x_usart.o
#        F:\0中科君达\0项目\NB水表\IAP\APP\PROJECT\Debug\Obj\Sys_Timer.o
#        F:\0中科君达\0项目\NB水表\IAP\APP\PROJECT\Debug\Obj\Temperature.o
#        F:\0中科君达\0项目\NB水表\IAP\APP\PROJECT\Debug\Obj\uart.o --redirect
#        _Printf=_PrintfSmall --redirect _Scanf=_ScanfSmall -o
#        F:\0中科君达\0项目\NB水表\IAP\APP\PROJECT\Debug\Exe\project.out --map
#        F:\0中科君达\0项目\NB水表\IAP\APP\PROJECT\Debug\List\project.map
#        --config
#        F:\0中科君达\0项目\NB水表\IAP\APP\PROJECT\..\Linker\lnkstm8l151c8.icf
#        --config_def _CSTACK_SIZE=0x100 --config_def _HEAP_SIZE=0x100 --entry
#        __iar_program_start --debug_lib
#
###############################################################################

*******************************************************************************
*** RUNTIME MODEL ATTRIBUTES
***

__SystemLibrary            = DLib
__code_model               = medium_or_large
__core                     = stm8
__data_model               = medium
__dlib_file_descriptor     = 0
__dlib_full_locale_support = 0
__rt_version               = 4


*******************************************************************************
*** PLACEMENT SUMMARY
***

"A1":  place at start of [0x000000-0x0000ff] { rw section .vregs };
"A2":  place at end of [0x000000-0x000fff] { block CSTACK };
"P2":  place in [from 0x000000 to 0x000fff] {
          block HEAP, rw section __DLIB_PERTHREAD, rw section .far.bss,
          rw section .far.data, rw section .far.noinit,
          rw section .far_func.textrw, rw section .huge.bss,
          rw section .huge.data, rw section .huge.noinit,
          rw section .huge_func.textrw, rw section .iar.dynexit,
          rw section .near.bss, rw section .near.data, rw section .near.noinit,
          rw section .near_func.textrw };
"A3":  place at start of [0x00e000-0x017fff] { block INTVEC };
"P3":  place in [from 0x00e000 to 0x017fff] {
          ro section __DLIB_PERTHREAD_init, ro section .far.data_init,
          ro section .far_func.textrw_init, ro section .huge.data_init,
          ro section .huge_func.textrw_init, ro section .iar.init_table,
          ro section .init_array, ro section .near.data_init,
          ro section .near.rodata, ro section .near_func.text,
          ro section .near_func.textrw_init, ro section .tiny.data_init,
          ro section .tiny.rodata_init };
"P4":  place in [from 0x00e000 to 0x00ffff] |
                [from 0x010000 to 0x017fff] {
          ro section .far.rodata, ro section .far_func.text };
"P5":  place in [from 0x00e000 to 0x017fff] {
          ro section .huge.rodata, ro section .huge_func.text };

  Section          Kind      Address    Size  Object
  -------          ----      -------    ----  ------
"A1":                                   0x10
  .vregs           uninit   0x000000    0x10  vregs.o [4]
                          - 0x000010    0x10

"P2":                                  0x87f
  .near.bss        zero     0x000010   0x2d1  uart.o [1]
  .near.bss        zero     0x0002e1   0x2c7  BC95.o [1]
  .near.bss        zero     0x0005a8   0x211  uart.o [1]
  .near.bss        zero     0x0007b9    0xaa  Sys_Timer.o [1]
  .near.bss        zero     0x000863     0x7  Globaldata.o [1]
  .near.bss        zero     0x00086a     0x7  rtc.o [1]
  .near.bss        zero     0x000871     0x5  Pulse_Acquire.o [1]
  .near.bss        zero     0x000876     0x4  Globaldata.o [1]
  .near.bss        zero     0x00087a     0x4  rtc.o [1]
  .near.bss        zero     0x00087e     0x4  rtc.o [1]
  .near.bss        zero     0x000882     0x2  Globaldata.o [1]
  .near.bss        zero     0x000884     0x2  Globaldata.o [1]
  .near.bss        zero     0x000886     0x2  Globaldata.o [1]
  .near.bss        zero     0x000888     0x2  rtc.o [1]
  .near.bss        zero     0x00088a     0x1  Globaldata.o [1]
  .near.bss        zero     0x00088b     0x1  Globaldata.o [1]
  .near.bss        zero     0x00088c     0x1  Globaldata.o [1]
  .near.bss        zero     0x00088d     0x1  Globaldata.o [1]
  .near.bss        zero     0x00088e     0x1  Sys_Timer.o [1]
                          - 0x00088f   0x87f

"A2":                                  0x100
  CSTACK                    0x000f00   0x100  <Block>
    CSTACK         uninit   0x000f00   0x100  <Block tail>
                          - 0x001000   0x100

"A3":                                   0x80
  INTVEC                    0x00e000    0x80  <Block>
    .intvec        const    0x00e000    0x80  interrupt.o [4]
                          - 0x00e080    0x80

"P4":                                  0x708
  .far_func.text   ro code  0x00e080   0x296  float.o [4]
  .far_func.text   ro code  0x00e316   0x173  vreg_util.o [4]
  .far_func.text   ro code  0x00e489    0xc6  long.o [4]
  .far_func.text   ro code  0x00e54f    0x58  dc_util.o [4]
  .far_func.text   ro code  0x00e5a7    0x48  long_util.o [4]
  .far_func.text   ro code  0x00e5ef    0x44  strstr.o [4]
  .far_func.text   ro code  0x00e633    0x3a  short.o [4]
  .far_func.text   ro code  0x00e66d    0x2a  far_util.o [4]
  .far_func.text   ro code  0x00e697    0x26  memcpy.o [4]
  .far_func.text   ro code  0x00e6bd    0x1e  init.o [4]
  .far_func.text   ro code  0x00e6db    0x1e  init_small.o [4]
  .far_func.text   ro code  0x00e6f9    0x17  cstartup.o [4]
  .far_func.text   ro code  0x00e710    0x17  memset.o [4]
  .far_func.text   ro code  0x00e727    0x16  __dbg_xxexit.o [3]
  .far_func.text   ro code  0x00e73d    0x14  char.o [4]
  .far_func.text   ro code  0x00e751     0xd  move.o [4]
  .far_func.text   ro code  0x00e75e     0xb  abs.o [4]
  .far_func.text   ro code  0x00e769     0xa  far.o [4]
  .far_func.text   ro code  0x00e773     0x6  cexit.o [4]
  .far_func.text   ro code  0x00e779     0x4  interrupt.o [4]
  .far_func.text   ro code  0x00e77d     0x4  exit.o [4]
  .far_func.text   ro code  0x00e781     0x3  low_level_init.o [4]
  .far_func.text   ro code  0x00e784     0x3  unhandled_exception.o [4]
  .far_func.text   ro code  0x00e787     0x1  __dbg_break.o [3]
                          - 0x00e788   0x708

"P3":                                  0x408
  .near.rodata     const    0x00e788   0x14c  Temperature.o [1]
  .near.rodata     const    0x00e8d4    0xc8  BC95.o [1]
  .near.rodata     const    0x00e99c    0x80  BC95.o [1]
  .near.rodata     const    0x00ea1c    0x40  BC95.o [1]
  .iar.init_table  const    0x00ea5c     0x9  - Linker created -
  .near.rodata     const    0x00ea65    0x1f  BC95.o [1]
  .near.rodata     const    0x00ea84    0x1b  BC95.o [1]
  .near.rodata     const    0x00ea9f     0xc  BC95.o [1]
  .near.rodata     const    0x00eaab     0xc  BC95.o [1]
  .near.rodata     const    0x00eab7     0xc  BC95.o [1]
  .near.rodata     const    0x00eac3     0xc  BC95.o [1]
  .near.rodata     const    0x00eacf     0xc  BC95.o [1]
  .near.rodata     const    0x00eadb     0xb  BC95.o [1]
  .near.rodata     const    0x00eae6     0xb  BC95.o [1]
  .near.rodata     const    0x00eaf1     0xb  BC95.o [1]
  .near.rodata     const    0x00eafc     0xb  BC95.o [1]
  .near.rodata     const    0x00eb07     0xb  BC95.o [1]
  .near.rodata     const    0x00eb12     0xb  BC95.o [1]
  .near.rodata     const    0x00eb1d     0xb  BC95.o [1]
  .near.rodata     const    0x00eb28     0xa  BC95.o [1]
  .near.rodata     const    0x00eb32     0x9  BC95.o [1]
  .near.rodata     const    0x00eb3b     0x9  BC95.o [1]
  .near.rodata     const    0x00eb44     0x9  BC95.o [1]
  .near.rodata     const    0x00eb4d     0x9  BC95.o [1]
  .near.rodata     const    0x00eb56     0x9  BC95.o [1]
  .near.rodata     const    0x00eb5f     0x8  BC95.o [1]
  .near.rodata     const    0x00eb67     0x7  BC95.o [1]
  .near.rodata     const    0x00eb6e     0x6  BC95.o [1]
  .near.rodata     const    0x00eb74     0x6  BC95.o [1]
  .near.rodata     const    0x00eb7a     0x5  BC95.o [1]
  .near.rodata     const    0x00eb7f     0x5  BC95.o [1]
  .near.rodata     const    0x00eb84     0x5  stm8l15x_clk.o [1]
  .near.rodata     const    0x00eb89     0x4  BC95.o [1]
  .near.rodata     const    0x00eb8d     0x3  BC95.o [1]
                          - 0x00eb90   0x408

"P5":                                 0x469f
  .huge_func.text  ro code  0x00eb90   0xc27  BC95.o [1]
  .huge_func.text  ro code  0x00f7b7   0x868  BC95.o [1]
  .huge_func.text  ro code  0x01001f   0x7c6  BC95.o [1]
  .huge_func.text  ro code  0x0107e5   0x5a1  BC95.o [1]
  .huge_func.text  ro code  0x010d86   0x1b1  Sys_Timer.o [1]
  .huge_func.text  ro code  0x010f37   0x1a1  stm8l15x_itc.o [1]
  .huge_func.text  ro code  0x0110d8   0x157  stm8l15x_rtc.o [1]
  .huge_func.text  ro code  0x01122f   0x130  stm8l15x_exti.o [1]
  .huge_func.text  ro code  0x01135f   0x130  Sys_Timer.o [1]
  .huge_func.text  ro code  0x01148f    0xe2  Save.o [1]
  .huge_func.text  ro code  0x011571    0xde  stm8l15x_usart.o [1]
  .huge_func.text  ro code  0x01164f    0xdb  Temperature.o [1]
  .huge_func.text  ro code  0x01172a    0xc0  main.o [1]
  .huge_func.text  ro code  0x0117ea    0xbe  stm8l15x_rtc.o [1]
  .huge_func.text  ro code  0x0118a8    0xbc  mcu_init.o [1]
  .huge_func.text  ro code  0x011964    0xb0  stm8l15x_rtc.o [1]
  .huge_func.text  ro code  0x011a14    0xaf  stm8l15x_gpio.o [1]
  .huge_func.text  ro code  0x011ac3    0xae  Save.o [1]
  .huge_func.text  ro code  0x011b71    0xae  stm8l15x_usart.o [1]
  .huge_func.text  ro code  0x011c1f    0xa8  rtc.o [1]
  .huge_func.text  ro code  0x011cc7    0x9f  Pulse_Acquire.o [1]
  .huge_func.text  ro code  0x011d66    0x9e  stm8l15x_clk.o [1]
  .huge_func.text  ro code  0x011e04    0x9a  stm8l15x_clk.o [1]
  .huge_func.text  ro code  0x011e9e    0x96  BC95.o [1]
  .huge_func.text  ro code  0x011f34    0x96  uart.o [1]
  .huge_func.text  ro code  0x011fca    0x96  uart.o [1]
  .huge_func.text  ro code  0x012060    0x95  stm8l15x_usart.o [1]
  .huge_func.text  ro code  0x0120f5    0x94  stm8l15x_clk.o [1]
  .huge_func.text  ro code  0x012189    0x8d  uart.o [1]
  .huge_func.text  ro code  0x012216    0x70  IAP.o [1]
  .huge_func.text  ro code  0x012286    0x6c  main.o [1]
  .huge_func.text  ro code  0x0122f2    0x6a  mcu_init.o [1]
  .huge_func.text  ro code  0x01235c    0x6a  Pulse_Acquire.o [1]
  .huge_func.text  ro code  0x0123c6    0x6a  rtc.o [1]
  .huge_func.text  ro code  0x012430    0x63  Sys_Timer.o [1]
  .huge_func.text  ro code  0x012493    0x60  stm8l15x_rtc.o [1]
  .huge_func.text  ro code  0x0124f3    0x5f  stm8l15x_rtc.o [1]
  .huge_func.text  ro code  0x012552    0x5b  uart.o [1]
  .huge_func.text  ro code  0x0125ad    0x5b  uart.o [1]
  .huge_func.text  ro code  0x012608    0x5a  mcu_init.o [1]
  .huge_func.text  ro code  0x012662    0x59  stm8l15x_exti.o [1]
  .huge_func.text  ro code  0x0126bb    0x59  stm8l15x_flash.o [1]
  .huge_func.text  ro code  0x012714    0x58  stm8l15x_rtc.o [1]
  .huge_func.text  ro code  0x01276c    0x58  Sys_Timer.o [1]
  .huge_func.text  ro code  0x0127c4    0x55  stm8l15x_rtc.o [1]
  .huge_func.text  ro code  0x012819    0x51  stm8l15x_adc.o [1]
  .huge_func.text  ro code  0x01286a    0x4f  BC95.o [1]
  .huge_func.text  ro code  0x0128b9    0x4f  mcu_init.o [1]
  .huge_func.text  ro code  0x012908    0x4e  stm8l15x_adc.o [1]
  .huge_func.text  ro code  0x012956    0x46  Globaldata.o [1]
  .huge_func.text  ro code  0x01299c    0x45  stm8l15x_rtc.o [1]
  .huge_func.text  ro code  0x0129e1    0x3f  stm8l15x_exti.o [1]
  .huge_func.text  ro code  0x012a20    0x3e  stm8l15x_usart.o [1]
  .huge_func.text  ro code  0x012a5e    0x3c  rtc.o [1]
  .huge_func.text  ro code  0x012a9a    0x3b  stm8l15x_rtc.o [1]
  .huge_func.text  ro code  0x012ad5    0x38  Pulse_Acquire.o [1]
  .huge_func.text  ro code  0x012b0d    0x37  stm8l15x_rtc.o [1]
  .huge_func.text  ro code  0x012b44    0x36  main.o [1]
  .huge_func.text  ro code  0x012b7a    0x36  main.o [1]
  .huge_func.text  ro code  0x012bb0    0x36  stm8l15x_exti.o [1]
  .huge_func.text  ro code  0x012be6    0x32  uart.o [1]
  .huge_func.text  ro code  0x012c18    0x2f  stm8l15x_adc.o [1]
  .huge_func.text  ro code  0x012c47    0x2e  stm8l15x_rtc.o [1]
  .huge_func.text  ro code  0x012c75    0x2d  rtc.o [1]
  .huge_func.text  ro code  0x012ca2    0x2c  rtc.o [1]
  .huge_func.text  ro code  0x012cce    0x2c  stm8l15x_rtc.o [1]
  .huge_func.text  ro code  0x012cfa    0x2b  stm8l15x_usart.o [1]
  .huge_func.text  ro code  0x012d25    0x29  rtc.o [1]
  .huge_func.text  ro code  0x012d4e    0x28  BC95.o [1]
  .huge_func.text  ro code  0x012d76    0x28  stm8l15x_adc.o [1]
  .huge_func.text  ro code  0x012d9e    0x26  BC95.o [1]
  .huge_func.text  ro code  0x012dc4    0x24  BC95.o [1]
  .huge_func.text  ro code  0x012de8    0x24  IAP.o [1]
  .huge_func.text  ro code  0x012e0c    0x24  Save.o [1]
  .huge_func.text  ro code  0x012e30    0x23  Globaldata.o [1]
  .huge_func.text  ro code  0x012e53    0x23  stm8l15x_it.o [1]
  .huge_func.text  ro code  0x012e76    0x23  stm8l15x_rtc.o [1]
  .huge_func.text  ro code  0x012e99    0x22  stm8l15x_exti.o [1]
  .huge_func.text  ro code  0x012ebb    0x20  stm8l15x_rtc.o [1]
  .huge_func.text  ro code  0x012edb    0x1e  stm8l15x_adc.o [1]
  .huge_func.text  ro code  0x012ef9    0x1b  Globaldata.o [1]
  .huge_func.text  ro code  0x012f14    0x1b  stm8l15x_it.o [1]
  .huge_func.text  ro code  0x012f2f    0x1b  stm8l15x_it.o [1]
  .huge_func.text  ro code  0x012f4a    0x1b  stm8l15x_it.o [1]
  .huge_func.text  ro code  0x012f65    0x1b  stm8l15x_it.o [1]
  .huge_func.text  ro code  0x012f80    0x1b  stm8l15x_it.o [1]
  .huge_func.text  ro code  0x012f9b    0x1b  stm8l15x_it.o [1]
  .huge_func.text  ro code  0x012fb6    0x1b  stm8l15x_rtc.o [1]
  .huge_func.text  ro code  0x012fd1    0x1a  stm8l15x_clk.o [1]
  .huge_func.text  ro code  0x012feb    0x19  BC95.o [1]
  .huge_func.text  ro code  0x013004    0x19  stm8l15x_flash.o [1]
  .huge_func.text  ro code  0x01301d    0x19  stm8l15x_flash.o [1]
  .huge_func.text  ro code  0x013036    0x18  Save.o [1]
  .huge_func.text  ro code  0x01304e    0x16  BC95.o [1]
  .huge_func.text  ro code  0x013064    0x15  stm8l15x_rtc.o [1]
  .huge_func.text  ro code  0x013079    0x13  Save.o [1]
  .huge_func.text  ro code  0x01308c    0x13  Save.o [1]
  .huge_func.text  ro code  0x01309f    0x13  stm8l15x_clk.o [1]
  .huge_func.text  ro code  0x0130b2    0x12  Save.o [1]
  .huge_func.text  ro code  0x0130c4    0x11  stm8l15x_adc.o [1]
  .huge_func.text  ro code  0x0130d5    0x10  Save.o [1]
  .huge_func.text  ro code  0x0130e5     0xe  Save.o [1]
  .huge_func.text  ro code  0x0130f3     0xe  Save.o [1]
  .huge_func.text  ro code  0x013101     0xe  Save.o [1]
  .huge_func.text  ro code  0x01310f     0xe  Save.o [1]
  .huge_func.text  ro code  0x01311d     0xe  Save.o [1]
  .huge_func.text  ro code  0x01312b     0xe  stm8l15x_adc.o [1]
  .huge_func.text  ro code  0x013139     0xe  stm8l15x_clk.o [1]
  .huge_func.text  ro code  0x013147     0xe  stm8l15x_pwr.o [1]
  .huge_func.text  ro code  0x013155     0xe  stm8l15x_pwr.o [1]
  .huge_func.text  ro code  0x013163     0xd  BC95.o [1]
  .huge_func.text  ro code  0x013170     0xd  stm8l15x_adc.o [1]
  .huge_func.text  ro code  0x01317d     0xd  stm8l15x_rtc.o [1]
  .huge_func.text  ro code  0x01318a     0xc  mcu_init.o [1]
  .huge_func.text  ro code  0x013196     0xc  stm8l15x_flash.o [1]
  .huge_func.text  ro code  0x0131a2     0xb  IAP.o [1]
  .huge_func.text  ro code  0x0131ad     0xb  stm8l15x_flash.o [1]
  .huge_func.text  ro code  0x0131b8     0xa  BC95.o [1]
  .huge_func.text  ro code  0x0131c2     0xa  stm8l15x_clk.o [1]
  .huge_func.text  ro code  0x0131cc     0x9  stm8l15x_gpio.o [1]
  .huge_func.text  ro code  0x0131d5     0x8  stm8l15x_gpio.o [1]
  .huge_func.text  ro code  0x0131dd     0x8  stm8l15x_usart.o [1]
  .huge_func.text  ro code  0x0131e5     0x7  stm8l15x_gpio.o [1]
  .huge_func.text  ro code  0x0131ec     0x6  Save.o [1]
  .huge_func.text  ro code  0x0131f2     0x5  BC95.o [1]
  .huge_func.text  ro code  0x0131f7     0x5  stm8l15x_adc.o [1]
  .huge_func.text  ro code  0x0131fc     0x5  stm8l15x_flash.o [1]
  .huge_func.text  ro code  0x013201     0x5  stm8l15x_iwdg.o [1]
  .huge_func.text  ro code  0x013206     0x5  stm8l15x_usart.o [1]
  .huge_func.text  ro code  0x01320b     0x5  stm8l15x_usart.o [1]
  .huge_func.text  ro code  0x013210     0x4  stm8l15x_clk.o [1]
  .huge_func.text  ro code  0x013214     0x4  stm8l15x_clk.o [1]
  .huge_func.text  ro code  0x013218     0x1  stm8l15x_it.o [1]
  .huge_func.text  ro code  0x013219     0x1  stm8l15x_it.o [1]
  .huge_func.text  ro code  0x01321a     0x1  stm8l15x_it.o [1]
  .huge_func.text  ro code  0x01321b     0x1  stm8l15x_it.o [1]
  .huge_func.text  ro code  0x01321c     0x1  stm8l15x_it.o [1]
  .huge_func.text  ro code  0x01321d     0x1  stm8l15x_it.o [1]
  .huge_func.text  ro code  0x01321e     0x1  stm8l15x_it.o [1]
  .huge_func.text  ro code  0x01321f     0x1  stm8l15x_it.o [1]
  .huge_func.text  ro code  0x013220     0x1  stm8l15x_it.o [1]
  .huge_func.text  ro code  0x013221     0x1  stm8l15x_it.o [1]
  .huge_func.text  ro code  0x013222     0x1  stm8l15x_it.o [1]
  .huge_func.text  ro code  0x013223     0x1  stm8l15x_it.o [1]
  .huge_func.text  ro code  0x013224     0x1  stm8l15x_it.o [1]
  .huge_func.text  ro code  0x013225     0x1  stm8l15x_it.o [1]
  .huge_func.text  ro code  0x013226     0x1  stm8l15x_it.o [1]
  .huge_func.text  ro code  0x013227     0x1  stm8l15x_it.o [1]
  .huge_func.text  ro code  0x013228     0x1  stm8l15x_it.o [1]
  .huge_func.text  ro code  0x013229     0x1  stm8l15x_it.o [1]
  .huge_func.text  ro code  0x01322a     0x1  stm8l15x_it.o [1]
  .huge_func.text  ro code  0x01322b     0x1  stm8l15x_it.o [1]
  .huge_func.text  ro code  0x01322c     0x1  stm8l15x_it.o [1]
  .huge_func.text  ro code  0x01322d     0x1  stm8l15x_it.o [1]
  .huge_func.text  ro code  0x01322e     0x1  stm8l15x_it.o [1]
                          - 0x01322f  0x469f


*******************************************************************************
*** INIT TABLE
***

          Address   Size
          -------   ----
Zero (__iar_zero_init2)
    1 destination range, total size 0x87f:
          0x000010  0x87f



*******************************************************************************
*** MODULE SUMMARY
***

    Module                 ro code  ro data  rw data
    ------                 -------  -------  -------
F:\0中科君达\0项目\NB水表\IAP\APP\PROJECT\Debug\Obj: [1]
    BC95.o                   9 112      686      711
    Globaldata.o               132                21
    IAP.o                      159
    Pulse_Acquire.o            321                 5
    Save.o                     608
    Sys_Timer.o                924               171
    Temperature.o              219      332
    main.o                     408
    mcu_init.o                 475
    rtc.o                      464                17
    stm8l15x_adc.o             325
    stm8l15x_clk.o             537        5
    stm8l15x_exti.o            544
    stm8l15x_flash.o           167
    stm8l15x_gpio.o            199
    stm8l15x_it.o              220
    stm8l15x_itc.o             417
    stm8l15x_iwdg.o              5
    stm8l15x_pwr.o              28
    stm8l15x_rtc.o           1 474
    stm8l15x_usart.o           668
    uart.o                     673             1 250
    ------------------------------------------------
    Total:                  18 079    1 023    2 175

command line: [2]
    ------------------------------------------------
    Total:

dbgstm8mmd.a: [3]
    __dbg_break.o                1
    __dbg_xxexit.o              22
    ------------------------------------------------
    Total:                      23

dlstm8mmn.a: [4]
    abs.o                       11
    cexit.o                      6
    char.o                      20
    cstartup.o                  23
    dc_util.o                   88
    exit.o                       4
    far.o                       10
    far_util.o                  42
    float.o                    662
    init.o                      30
    init_small.o                30
    interrupt.o                  4      128
    long.o                     198
    long_util.o                 72
    low_level_init.o             3
    memcpy.o                    38
    memset.o                    23
    move.o                      13
    short.o                     58
    strstr.o                    68
    unhandled_exception.o        3
    vreg_util.o                371
    vregs.o                                       16
    ------------------------------------------------
    Total:                   1 777      128       16

    Linker created                        9      256
----------------------------------------------------
    Grand Total:            19 879    1 160    2 447


*******************************************************************************
*** ENTRY LIST
***

Entry                    Address   Size  Type      Object
-----                    -------   ----  ----      ------
.iar.init_table$$Base   0x00ea5c          --   Gb  - Linker created -
.iar.init_table$$Limit  0x00ea65          --   Gb  - Linker created -
?b0                     0x000000         Data  Gb  vregs.o [4]
?b1                     0x000001         Data  Gb  vregs.o [4]
?b10                    0x00000a         Data  Gb  vregs.o [4]
?b11                    0x00000b         Data  Gb  vregs.o [4]
?b12                    0x00000c         Data  Gb  vregs.o [4]
?b13                    0x00000d         Data  Gb  vregs.o [4]
?b14                    0x00000e         Data  Gb  vregs.o [4]
?b15                    0x00000f         Data  Gb  vregs.o [4]
?b2                     0x000002         Data  Gb  vregs.o [4]
?b3                     0x000003         Data  Gb  vregs.o [4]
?b4                     0x000004         Data  Gb  vregs.o [4]
?b5                     0x000005         Data  Gb  vregs.o [4]
?b6                     0x000006         Data  Gb  vregs.o [4]
?b7                     0x000007         Data  Gb  vregs.o [4]
?b8                     0x000008         Data  Gb  vregs.o [4]
?b9                     0x000009         Data  Gb  vregs.o [4]
?dc32_l0                0x00e54f         Code  Gb  dc_util.o [4]
?dc32_l1                0x00e57b         Code  Gb  dc_util.o [4]
?e0                     0x000001         Data  Gb  vregs.o [4]
?e1                     0x000005         Data  Gb  vregs.o [4]
?e2                     0x000009         Data  Gb  vregs.o [4]
?e3                     0x00000d         Data  Gb  vregs.o [4]
?epilogue_l2            0x00e3fc         Code  Gb  vreg_util.o [4]
?epilogue_l2_l3         0x00e3f8         Code  Gb  vreg_util.o [4]
?epilogue_l2_w6         0x00e401         Code  Gb  vreg_util.o [4]
?epilogue_w4            0x00e40a         Code  Gb  vreg_util.o [4]
?fcastf32u16_l0_x       0x00e1d5         Code  Gb  float.o [4]
?fcasts16f32_x_l0       0x00e1f3         Code  Gb  float.o [4]
?fdiv32_l0_dc32_l1      0x00e121         Code  Gb  float.o [4]
?fdiv32_l0_l0_l1        0x00e127         Code  Gb  float.o [4]
?fmul32_l0_l0_dc32      0x00e080         Code  Gb  float.o [4]
?fmul32_l0_l0_l1        0x00e086         Code  Gb  float.o [4]
?inc32_0x_0x            0x00e493         Code  Gb  long.o [4]
?inc32_l0_l0            0x00e489         Code  Gb  long.o [4]
?inc32_l1_l1            0x00e48e         Code  Gb  long.o [4]
?l0                     0x000000         Data  Gb  vregs.o [4]
?l1                     0x000004         Data  Gb  vregs.o [4]
?l2                     0x000008         Data  Gb  vregs.o [4]
?l3                     0x00000c         Data  Gb  vregs.o [4]
?load24_0x_e3           0x00e689         Code  Gb  far_util.o [4]
?load24_e0_0x           0x00e66d         Code  Gb  far_util.o [4]
?load24_e1_0x           0x00e67b         Code  Gb  far_util.o [4]
?load32_0x_l0           0x00e5d3         Code  Gb  long_util.o [4]
?load32_0x_l1           0x00e5e1         Code  Gb  long_util.o [4]
?load32_l0_0x           0x00e5b1         Code  Gb  long_util.o [4]
?load32_l0_xsp          0x00e5a7         Code  Gb  long_util.o [4]
?load32_l1_0x           0x00e5c7         Code  Gb  long_util.o [4]
?load32_l1_xsp          0x00e5bd         Code  Gb  long_util.o [4]
?mov_e0_e1              0x00e427         Code  Gb  vreg_util.o [4]
?mov_e0_e2              0x00e434         Code  Gb  vreg_util.o [4]
?mov_e0_e3              0x00e441         Code  Gb  vreg_util.o [4]
?mov_e1_e0              0x00e44e         Code  Gb  vreg_util.o [4]
?mov_e1_e3              0x00e45b         Code  Gb  vreg_util.o [4]
?mov_e2_e0              0x00e468         Code  Gb  vreg_util.o [4]
?mov_e3_e0              0x00e475         Code  Gb  vreg_util.o [4]
?mov_e3_e1              0x00e47f         Code  Gb  vreg_util.o [4]
?mov_l0_l1              0x00e424         Code  Gb  vreg_util.o [4]
?mov_l0_l2              0x00e431         Code  Gb  vreg_util.o [4]
?mov_l0_l3              0x00e43e         Code  Gb  vreg_util.o [4]
?mov_l1_l0              0x00e44b         Code  Gb  vreg_util.o [4]
?mov_l1_l3              0x00e458         Code  Gb  vreg_util.o [4]
?mov_l2_l0              0x00e465         Code  Gb  vreg_util.o [4]
?mov_l3_l0              0x00e472         Code  Gb  vreg_util.o [4]
?mov_w0_w1              0x00e40f         Code  Gb  vreg_util.o [4]
?mov_w1_w3              0x00e42a         Code  Gb  vreg_util.o [4]
?mov_w1_w5              0x00e437         Code  Gb  vreg_util.o [4]
?mov_w1_w6              0x00e416         Code  Gb  vreg_util.o [4]
?mov_w1_w7              0x00e444         Code  Gb  vreg_util.o [4]
?mov_w2_w1              0x00e41d         Code  Gb  vreg_util.o [4]
?mov_w3_w1              0x00e451         Code  Gb  vreg_util.o [4]
?mov_w3_w7              0x00e45e         Code  Gb  vreg_util.o [4]
?mov_w5_w1              0x00e46b         Code  Gb  vreg_util.o [4]
?mov_w7_w1              0x00e478         Code  Gb  vreg_util.o [4]
?mov_w7_w3              0x00e482         Code  Gb  vreg_util.o [4]
?move1616_v_x_y_a       0x00e751         Code  Gb  move.o [4]
?mul16_x_x_w0           0x00e633         Code  Gb  short.o [4]
?pop_e3                 0x00e36d         Code  Gb  vreg_util.o [4]
?pop_l0                 0x00e3c0         Code  Gb  vreg_util.o [4]
?pop_l1                 0x00e3cb         Code  Gb  vreg_util.o [4]
?pop_l2                 0x00e3d6         Code  Gb  vreg_util.o [4]
?pop_l3                 0x00e3e1         Code  Gb  vreg_util.o [4]
?pop_w4                 0x00e337         Code  Gb  vreg_util.o [4]
?pop_w6                 0x00e33e         Code  Gb  vreg_util.o [4]
?push_e3                0x00e351         Code  Gb  vreg_util.o [4]
?push_l0                0x00e38b         Code  Gb  vreg_util.o [4]
?push_l1                0x00e390         Code  Gb  vreg_util.o [4]
?push_l2                0x00e395         Code  Gb  vreg_util.o [4]
?push_l3                0x00e39a         Code  Gb  vreg_util.o [4]
?push_w4                0x00e316         Code  Gb  vreg_util.o [4]
?push_w6                0x00e31b         Code  Gb  vreg_util.o [4]
?sext16_x_a             0x00e666         Code  Gb  short.o [4]
?sext32_l0_x            0x00e544         Code  Gb  long.o [4]
?sll16_x_x_a            0x00e651         Code  Gb  short.o [4]
?smod8_a_b0_a           0x00e73d         Code  Gb  char.o [4]
?srl16_x_x_10           0x00e65b         Code  Gb  short.o [4]
?srl16_x_x_11           0x00e65a         Code  Gb  short.o [4]
?srl16_x_x_12           0x00e659         Code  Gb  short.o [4]
?srl16_x_x_4            0x00e661         Code  Gb  short.o [4]
?srl16_x_x_5            0x00e660         Code  Gb  short.o [4]
?srl16_x_x_6            0x00e65f         Code  Gb  short.o [4]
?srl16_x_x_7            0x00e65e         Code  Gb  short.o [4]
?srl16_x_x_8            0x00e65d         Code  Gb  short.o [4]
?srl16_x_x_9            0x00e65c         Code  Gb  short.o [4]
?srl32_0x_0x_a          0x00e536         Code  Gb  long.o [4]
?srl32_l0_l0_a          0x00e533         Code  Gb  long.o [4]
?ucmp24_c_0x_e0         0x00e769         Code  Gb  far.o [4]
?ucmp32_c_l0_0x         0x00e518         Code  Gb  long.o [4]
?ucmp32_c_l0_l1         0x00e528         Code  Gb  long.o [4]
?udiv32_l0_l0_dl        0x00e4a7         Code  Gb  long.o [4]
?udiv32_l0_l0_l1        0x00e4ab         Code  Gb  long.o [4]
?umod32_l1_l0_dl        0x00e4a1         Code  Gb  long.o [4]
?umod32_l1_l0_l1        0x00e4ab         Code  Gb  long.o [4]
?w0                     0x000000         Data  Gb  vregs.o [4]
?w1                     0x000002         Data  Gb  vregs.o [4]
?w2                     0x000004         Data  Gb  vregs.o [4]
?w3                     0x000006         Data  Gb  vregs.o [4]
?w4                     0x000008         Data  Gb  vregs.o [4]
?w5                     0x00000a         Data  Gb  vregs.o [4]
?w6                     0x00000c         Data  Gb  vregs.o [4]
?w7                     0x00000e         Data  Gb  vregs.o [4]
ACK                     0x011e9e   0x96  Code  Gb  BC95.o [1]
ADC1_COMP_IRQHandler    0x013227    0x1  Code  Gb  stm8l15x_it.o [1]
ADC_ChannelCmd          0x012908   0x4e  Code  Gb  stm8l15x_adc.o [1]
ADC_ClearFlag           0x013170    0xd  Code  Gb  stm8l15x_adc.o [1]
ADC_Cmd                 0x0130c4   0x11  Code  Gb  stm8l15x_adc.o [1]
ADC_GetConversionValue  0x012d76   0x28  Code  Gb  stm8l15x_adc.o [1]
ADC_GetFlagStatus       0x012edb   0x1e  Code  Gb  stm8l15x_adc.o [1]
ADC_Init                0x012c18   0x2f  Code  Gb  stm8l15x_adc.o [1]
ADC_SamplingTimeConfig  0x012819   0x51  Code  Gb  stm8l15x_adc.o [1]
ADC_SoftwareStartConv   0x0131f7    0x5  Code  Gb  stm8l15x_adc.o [1]
ADC_VrefintCmd          0x01312b    0xe  Code  Gb  stm8l15x_adc.o [1]
ASCLL_to_Int            0x012956   0x46  Code  Gb  Globaldata.o [1]
Alarm_Interrupt         0x012ca2   0x2c  Code  Gb  rtc.o [1]
BAT_Alarm_Vol           0x000884    0x2  Data  Gb  Globaldata.o [1]
BAT_Vol                 0x000882    0x2  Data  Gb  Globaldata.o [1]
BC95                    0x0002e1  0x2c7  Data  Gb  BC95.o [1]
BC95_Data_Send          0x012dc4   0x24  Code  Gb  BC95.o [1]
BC95_Delay_CallBalk     0x0131f2    0x5  Code  Gb  BC95.o [1]
BC95_Power_Off          0x0131b8    0xa  Code  Gb  BC95.o [1]
BC95_Power_On           0x01286a   0x4f  Code  Gb  BC95.o [1]
BC95_Process            0x01001f  0x7c6  Code  Gb  BC95.o [1]
BC95_Reset              0x012d4e   0x28  Code  Gb  BC95.o [1]
BC95_Start              0x013163    0xd  Code  Gb  BC95.o [1]
BC95_Start_Timeout_CallBalk
                        0x012d9e   0x26  Code  Gb  BC95.o [1]
BCD_to_Int              0x012e30   0x23  Code  Gb  Globaldata.o [1]
Bcd2ToByte              0x012fb6   0x1b  Code  Lc  stm8l15x_rtc.o [1]
ByteToBcd2              0x012ebb   0x20  Code  Lc  stm8l15x_rtc.o [1]
CLK_GetClockFreq        0x011d66   0x9e  Code  Gb  stm8l15x_clk.o [1]
CLK_GetFlagStatus       0x011e04   0x9a  Code  Gb  stm8l15x_clk.o [1]
CLK_HSICmd              0x013139    0xe  Code  Gb  stm8l15x_clk.o [1]
CLK_HaltConfig          0x012fd1   0x1a  Code  Gb  stm8l15x_clk.o [1]
CLK_LSEConfig           0x01309f   0x13  Code  Gb  stm8l15x_clk.o [1]
CLK_PeripheralClockConfig
                        0x0120f5   0x94  Code  Gb  stm8l15x_clk.o [1]
CLK_RTCClockConfig      0x0131c2    0xa  Code  Gb  stm8l15x_clk.o [1]
CLK_SYSCLKDivConfig     0x013214    0x4  Code  Gb  stm8l15x_clk.o [1]
CLK_SYSCLKSourceConfig  0x013210    0x4  Code  Gb  stm8l15x_clk.o [1]
CSTACK$$Base            0x000f00          --   Gb  - Linker created -
CSTACK$$Limit           0x001000          --   Gb  - Linker created -
Cal                     0x000871    0x5  Data  Gb  Pulse_Acquire.o [1]
Create_Timer            0x01135f  0x130  Code  Gb  Sys_Timer.o [1]
DMA1_CHANNEL0_1_IRQHandler
                        0x01321a    0x1  Code  Gb  stm8l15x_it.o [1]
DMA1_CHANNEL2_3_IRQHandler
                        0x01321b    0x1  Code  Gb  stm8l15x_it.o [1]
Delete_Timer            0x012430   0x63  Code  Gb  Sys_Timer.o [1]
Device_Status           0x00088a    0x1  Data  Gb  Globaldata.o [1]
EEPROM_ReadWord         0x012de8   0x24  Code  Gb  IAP.o [1]
EXTI0_IRQHandler        0x012f2f   0x1b  Code  Gb  stm8l15x_it.o [1]
EXTI1_IRQHandler        0x01321e    0x1  Code  Gb  stm8l15x_it.o [1]
EXTI2_IRQHandler        0x01321f    0x1  Code  Gb  stm8l15x_it.o [1]
EXTI3_IRQHandler        0x013220    0x1  Code  Gb  stm8l15x_it.o [1]
EXTI4_IRQHandler        0x013221    0x1  Code  Gb  stm8l15x_it.o [1]
EXTI5_IRQHandler        0x013222    0x1  Code  Gb  stm8l15x_it.o [1]
EXTI6_IRQHandler        0x013223    0x1  Code  Gb  stm8l15x_it.o [1]
EXTI7_IRQHandler        0x013224    0x1  Code  Gb  stm8l15x_it.o [1]
EXTIB_G_IRQHandler      0x01321d    0x1  Code  Gb  stm8l15x_it.o [1]
EXTID_H_IRQHandler      0x012f14   0x1b  Code  Gb  stm8l15x_it.o [1]
EXTIE_F_PVD_IRQHandler  0x01321c    0x1  Code  Gb  stm8l15x_it.o [1]
EXTI_ClearITPendingBit  0x012e99   0x22  Code  Gb  stm8l15x_exti.o [1]
EXTI_SelectPort         0x012bb0   0x36  Code  Gb  stm8l15x_exti.o [1]
EXTI_SetHalfPortSelection
                        0x0129e1   0x3f  Code  Gb  stm8l15x_exti.o [1]
EXTI_SetPinSensitivity  0x01122f  0x130  Code  Gb  stm8l15x_exti.o [1]
EXTI_SetPortSensitivity
                        0x012662   0x59  Code  Gb  stm8l15x_exti.o [1]
Exti0_Interrupt         0x012ad5   0x38  Code  Gb  Pulse_Acquire.o [1]
ExtiD_Interrupt         0x011cc7   0x9f  Code  Gb  Pulse_Acquire.o [1]
FLASH_GetFlagStatus     0x01301d   0x19  Code  Gb  stm8l15x_flash.o [1]
FLASH_IRQHandler        0x013219    0x1  Code  Gb  stm8l15x_it.o [1]
FLASH_Lock              0x0131ad    0xb  Code  Gb  stm8l15x_flash.o [1]
FLASH_ProgramByte       0x013196    0xc  Code  Gb  stm8l15x_flash.o [1]
FLASH_ProgramWord       0x0126bb   0x59  Code  Gb  stm8l15x_flash.o [1]
FLASH_ReadByte          0x0131fc    0x5  Code  Gb  stm8l15x_flash.o [1]
FLASH_Unlock            0x013004   0x19  Code  Gb  stm8l15x_flash.o [1]
GPIO_Configuration      0x0128b9   0x4f  Code  Gb  mcu_init.o [1]
GPIO_Init               0x011a14   0xaf  Code  Gb  stm8l15x_gpio.o [1]
GPIO_ReadInputDataBit   0x0131cc    0x9  Code  Gb  stm8l15x_gpio.o [1]
GPIO_ResetBits          0x0131d5    0x8  Code  Gb  stm8l15x_gpio.o [1]
GPIO_SetBits            0x0131e5    0x7  Code  Gb  stm8l15x_gpio.o [1]
Gather_Cycle_counter    0x00088d    0x1  Data  Gb  Globaldata.o [1]
GreenOFF                0x012b7a   0x36  Code  Gb  main.o [1]
GreenON                 0x012b44   0x36  Code  Gb  main.o [1]
I2C1_SPI2_IRQHandler    0x01322e    0x1  Code  Gb  stm8l15x_it.o [1]
INTVEC$$Base            0x00e000          --   Gb  - Linker created -
INTVEC$$Limit           0x00e080          --   Gb  - Linker created -
ITC_SetSoftwarePriority
                        0x010f37  0x1a1  Code  Gb  stm8l15x_itc.o [1]
IWDG_ReloadCounter      0x013201    0x5  Code  Gb  stm8l15x_iwdg.o [1]
Int_to_ASCLL            0x012ef9   0x1b  Code  Gb  Globaldata.o [1]
JumptoAPP               0x0131a2    0xb  Code  Gb  IAP.o [1]
LCD_AES_IRQHandler      0x013225    0x1  Code  Gb  stm8l15x_it.o [1]
Last_Vol                0x000888    0x2  Data  Gb  rtc.o [1]
Meter_Number            0x000863    0x7  Data  Gb  Globaldata.o [1]
PWR_FastWakeUpCmd       0x013147    0xe  Code  Gb  stm8l15x_pwr.o [1]
PWR_UltraLowPowerCmd    0x013155    0xe  Code  Gb  stm8l15x_pwr.o [1]
Pulse_Acquire_Config    0x01235c   0x6a  Code  Gb  Pulse_Acquire.o [1]
RCC_Configuration       0x01318a    0xc  Code  Gb  mcu_init.o [1]
RTC_AlarmCmd            0x0127c4   0x55  Code  Gb  stm8l15x_rtc.o [1]
RTC_AlarmStr            0x00086a    0x7  Data  Gb  rtc.o [1]
RTC_CSSLSE_IRQHandler   0x012e53   0x23  Code  Gb  stm8l15x_it.o [1]
RTC_ClearITPendingBit   0x01317d    0xd  Code  Gb  stm8l15x_rtc.o [1]
RTC_DateStr             0x00087e    0x4  Data  Gb  rtc.o [1]
RTC_EnterInitMode       0x012cce   0x2c  Code  Gb  stm8l15x_rtc.o [1]
RTC_GetDate             0x012493   0x60  Code  Gb  stm8l15x_rtc.o [1]
RTC_GetITStatus         0x012c47   0x2e  Code  Gb  stm8l15x_rtc.o [1]
RTC_GetTime             0x012714   0x58  Code  Gb  stm8l15x_rtc.o [1]
RTC_ITConfig            0x012a9a   0x3b  Code  Gb  stm8l15x_rtc.o [1]
RTC_Init                0x0124f3   0x5f  Code  Gb  stm8l15x_rtc.o [1]
RTC_SetAlarm            0x0110d8  0x157  Code  Gb  stm8l15x_rtc.o [1]
RTC_SetDate             0x0117ea   0xbe  Code  Gb  stm8l15x_rtc.o [1]
RTC_SetTime             0x011964   0xb0  Code  Gb  stm8l15x_rtc.o [1]
RTC_SetWakeUpCounter    0x013064   0x15  Code  Gb  stm8l15x_rtc.o [1]
RTC_TimeStr             0x00087a    0x4  Data  Gb  rtc.o [1]
RTC_WaitForSynchro      0x012b0d   0x37  Code  Gb  stm8l15x_rtc.o [1]
RTC_WakeUpClockConfig   0x012e76   0x23  Code  Gb  stm8l15x_rtc.o [1]
RTC_WakeUpCmd           0x01299c   0x45  Code  Gb  stm8l15x_rtc.o [1]
Read_ACUM_Flow          0x0130b2   0x12  Code  Gb  Save.o [1]
Read_BAT_Alarm_Value    0x013079   0x13  Code  Gb  Save.o [1]
Read_BC95_ErrorRecord   0x0131ec    0x6  Code  Gb  Save.o [1]
Read_Meter_Number       0x012e0c   0x24  Code  Gb  Save.o [1]
Read_Report_Cycle       0x01308c   0x13  Code  Gb  Save.o [1]
Read_Settle_Date        0x0130d5   0x10  Code  Gb  Save.o [1]
Read_Temp               0x01164f   0xdb  Code  Gb  Temperature.o [1]
Read_Voltage            0x0118a8   0xbc  Code  Gb  mcu_init.o [1]
Recv_Data_Process       0x0107e5  0x5a1  Code  Gb  BC95.o [1]
Region$$Table$$Base     0x00ea5c          --   Gb  - Linker created -
Region$$Table$$Limit    0x00ea65          --   Gb  - Linker created -
Report_All_Parameters   0x00eb90  0xc27  Code  Gb  BC95.o [1]
Report_Cycle            0x000886    0x2  Data  Gb  Globaldata.o [1]
Report_Cycle_counter    0x000876    0x4  Data  Gb  Globaldata.o [1]
Report_HC_Flow          0x00f7b7  0x868  Code  Gb  BC95.o [1]
Rtc_Config              0x0123c6   0x6a  Code  Gb  rtc.o [1]
SPI1_IRQHandler         0x01322b    0x1  Code  Gb  stm8l15x_it.o [1]
STM8_Interrupt_Vector_Table_Redirection
                        0x012216   0x70  Code  Gb  IAP.o [1]
SWITCH_CSS_BREAK_DAC_IRQHandler
                        0x013226    0x1  Code  Gb  stm8l15x_it.o [1]
SYSDivFactor            0x00eb84    0x5  Data  Gb  stm8l15x_clk.o [1]
Save_Add_Flow           0x013036   0x18  Code  Gb  Save.o [1]
Save_BAT_Alarm_Value    0x0130e5    0xe  Code  Gb  Save.o [1]
Save_BC95_ErrorRecord   0x01311d    0xe  Code  Gb  Save.o [1]
Save_Meter_Number       0x01310f    0xe  Code  Gb  Save.o [1]
Save_Report_Cycle       0x013101    0xe  Code  Gb  Save.o [1]
Save_SDCF_Flow          0x01148f   0xe2  Code  Gb  Save.o [1]
Save_Settle_Date        0x0130f3    0xe  Code  Gb  Save.o [1]
Send_Data_Process       0x012feb   0x19  Code  Gb  BC95.o [1]
Set_Alarm               0x012a5e   0x3c  Code  Gb  rtc.o [1]
Settle_Date             0x00088c    0x1  Data  Gb  Globaldata.o [1]
Sleep                   0x01172a   0xc0  Code  Gb  main.o [1]
SysTick_Handler         0x010d86  0x1b1  Code  Gb  Sys_Timer.o [1]
Sys_Timer               0x0007b9   0xaa  Data  Lc  Sys_Timer.o [1]
Sys_Timer_Process       0x01276c   0x58  Code  Gb  Sys_Timer.o [1]
TIM1_CC_IRQHandler      0x013229    0x1  Code  Gb  stm8l15x_it.o [1]
TIM1_UPD_OVF_TRG_COM_IRQHandler
                        0x013228    0x1  Code  Gb  stm8l15x_it.o [1]
TIM2_CC_USART2_RX_IRQHandler
                        0x012f65   0x1b  Code  Gb  stm8l15x_it.o [1]
TIM2_UPD_OVF_TRG_BRK_USART2_TX_IRQHandler
                        0x012f4a   0x1b  Code  Gb  stm8l15x_it.o [1]
TIM3_CC_USART3_RX_IRQHandler
                        0x012f9b   0x1b  Code  Gb  stm8l15x_it.o [1]
TIM3_UPD_OVF_TRG_BRK_USART3_TX_IRQHandler
                        0x012f80   0x1b  Code  Gb  stm8l15x_it.o [1]
TIM4_UPD_OVF_TRG_IRQHandler
                        0x01322a    0x1  Code  Gb  stm8l15x_it.o [1]
TRAP_IRQHandler         0x013218    0x1  Code  Gb  stm8l15x_it.o [1]
Temp                    0x00088b    0x1  Data  Gb  Globaldata.o [1]
Temp_Table              0x00e788  0x14c  Data  Gb  Temperature.o [1]
USART1_RX_TIM5_CC_IRQHandler
                        0x01322d    0x1  Code  Gb  stm8l15x_it.o [1]
USART1_TX_TIM5_UPD_OVF_TRG_BRK_IRQHandler
                        0x01322c    0x1  Code  Gb  stm8l15x_it.o [1]
USART2_Configuration    0x0122f2   0x6a  Code  Gb  mcu_init.o [1]
USART2_IRQHandler       0x011f34   0x96  Code  Gb  uart.o [1]
USART2_TX_IRQHandler    0x012552   0x5b  Code  Gb  uart.o [1]
USART3_Configuration    0x012608   0x5a  Code  Gb  mcu_init.o [1]
USART3_IRQHandler       0x011fca   0x96  Code  Gb  uart.o [1]
USART3_TX_IRQHandler    0x0125ad   0x5b  Code  Gb  uart.o [1]
USART_ClearITPendingBit
                        0x01320b    0x5  Code  Gb  stm8l15x_usart.o [1]
USART_Cmd               0x012cfa   0x2b  Code  Gb  stm8l15x_usart.o [1]
USART_DeInit            0x012a20   0x3e  Code  Gb  stm8l15x_usart.o [1]
USART_GetITStatus       0x011b71   0xae  Code  Gb  stm8l15x_usart.o [1]
USART_ITConfig          0x012060   0x95  Code  Gb  stm8l15x_usart.o [1]
USART_Init              0x011571   0xde  Code  Gb  stm8l15x_usart.o [1]
USART_ReceiveData8      0x013206    0x5  Code  Gb  stm8l15x_usart.o [1]
USART_SendData8         0x0131dd    0x8  Code  Gb  stm8l15x_usart.o [1]
Uart2                   0x000010  0x2d1  Data  Gb  uart.o [1]
Uart2_Receive           0x012be6   0x32  Code  Gb  uart.o [1]
Uart2_Send              0x012189   0x8d  Code  Gb  uart.o [1]
Uart3                   0x0005a8  0x211  Data  Gb  uart.o [1]
Wake_Interrupt          0x011c1f   0xa8  Code  Gb  rtc.o [1]
WriteRom                0x011ac3   0xae  Code  Gb  Save.o [1]
__DebugBreak            0x00e787    0x1  Code  Gb  __dbg_break.o [3]
__exit                  0x00e727   0x16  Code  Gb  __dbg_xxexit.o [3]
__iar_Strstr            0x00e5ef   0x44  Code  Gb  strstr.o [4]
__iar_data_init2        0x00e6bd   0x1e  Code  Gb  init.o [4]
__iar_program_start     0x00e6f9         Code  Gb  cstartup.o [4]
__iar_unhandled_exception
                        0x00e784         Code  Gb  unhandled_exception.o [4]
__iar_zero_init2        0x00e6db         Code  Gb  init_small.o [4]
__intvec                0x00e000         Data  Gb  interrupt.o [4]
__low_level_init        0x00e781    0x3  Code  Gb  low_level_init.o [4]
_exit                   0x00e773         Code  Gb  cexit.o [4]
_interrupt_1            0x013218         Code  Gb  stm8l15x_it.o [1]
_interrupt_10           0x012f2f         Code  Gb  stm8l15x_it.o [1]
_interrupt_11           0x01321e         Code  Gb  stm8l15x_it.o [1]
_interrupt_12           0x01321f         Code  Gb  stm8l15x_it.o [1]
_interrupt_13           0x013220         Code  Gb  stm8l15x_it.o [1]
_interrupt_14           0x013221         Code  Gb  stm8l15x_it.o [1]
_interrupt_15           0x013222         Code  Gb  stm8l15x_it.o [1]
_interrupt_16           0x013223         Code  Gb  stm8l15x_it.o [1]
_interrupt_17           0x013224         Code  Gb  stm8l15x_it.o [1]
_interrupt_18           0x013225         Code  Gb  stm8l15x_it.o [1]
_interrupt_19           0x013226         Code  Gb  stm8l15x_it.o [1]
_interrupt_20           0x013227         Code  Gb  stm8l15x_it.o [1]
_interrupt_21           0x012f4a         Code  Gb  stm8l15x_it.o [1]
_interrupt_22           0x012f65         Code  Gb  stm8l15x_it.o [1]
_interrupt_23           0x012f80         Code  Gb  stm8l15x_it.o [1]
_interrupt_24           0x012f9b         Code  Gb  stm8l15x_it.o [1]
_interrupt_25           0x013228         Code  Gb  stm8l15x_it.o [1]
_interrupt_26           0x013229         Code  Gb  stm8l15x_it.o [1]
_interrupt_27           0x01322a         Code  Gb  stm8l15x_it.o [1]
_interrupt_28           0x01322b         Code  Gb  stm8l15x_it.o [1]
_interrupt_29           0x01322c         Code  Gb  stm8l15x_it.o [1]
_interrupt_3            0x013219         Code  Gb  stm8l15x_it.o [1]
_interrupt_30           0x01322d         Code  Gb  stm8l15x_it.o [1]
_interrupt_31           0x01322e         Code  Gb  stm8l15x_it.o [1]
_interrupt_4            0x01321a         Code  Gb  stm8l15x_it.o [1]
_interrupt_5            0x01321b         Code  Gb  stm8l15x_it.o [1]
_interrupt_6            0x012e53         Code  Gb  stm8l15x_it.o [1]
_interrupt_7            0x01321c         Code  Gb  stm8l15x_it.o [1]
_interrupt_8            0x01321d         Code  Gb  stm8l15x_it.o [1]
_interrupt_9            0x012f14         Code  Gb  stm8l15x_it.o [1]
abs                     0x00e75e    0xb  Code  Gb  abs.o [4]
delay_ms                0x012d25   0x29  Code  Gb  rtc.o [1]
exit                    0x00e77d    0x4  Code  Gb  exit.o [4]
main                    0x012286   0x6c  Code  Gb  main.o [1]
memcpy                  0x00e697   0x26  Code  Gb  memcpy.o [4]
memset                  0x00e710   0x17  Code  Gb  memset.o [4]
rtc_interrupt           0x012c75   0x2d  Code  Gb  rtc.o [1]
strstr                  0x01304e   0x16  Code  Gb  BC95.o [1]


[1] = F:\0中科君达\0项目\NB水表\IAP\APP\PROJECT\Debug\Obj
[2] = command line
[3] = dbgstm8mmd.a
[4] = dlstm8mmn.a

  19 879 bytes of readonly  code memory
   1 160 bytes of readonly  data memory
   2 447 bytes of readwrite data memory

Errors: none
Warnings: none
