###############################################################################
#
# IAR ELF Linker V2.20.1.176 for STM8                     08/Oct/2018  10:38:04
# Copyright 2010-2015 IAR Systems AB.
#
#    Output file  =  
#        F:\0中科君达\0项目\NB水表\IAP\NB-IOT_IAP程序(BC95-B5)\APP\PROJECT\Debug\Exe\project.out
#    Map file     =  
#        F:\0中科君达\0项目\NB水表\IAP\NB-IOT_IAP程序(BC95-B5)\APP\PROJECT\Debug\List\project.map
#    Command line =  
#        "F:\0中科君达\0项目\NB水表\IAP\NB-IOT_IAP程序(BC95-B5)\APP\PROJECT\Debug\Obj\BC95.o"
#        "F:\0中科君达\0项目\NB水表\IAP\NB-IOT_IAP程序(BC95-B5)\APP\PROJECT\Debug\Obj\Globaldata.o"
#        "F:\0中科君达\0项目\NB水表\IAP\NB-IOT_IAP程序(BC95-B5)\APP\PROJECT\Debug\Obj\IAP.o"
#        "F:\0中科君达\0项目\NB水表\IAP\NB-IOT_IAP程序(BC95-B5)\APP\PROJECT\Debug\Obj\main.o"
#        "F:\0中科君达\0项目\NB水表\IAP\NB-IOT_IAP程序(BC95-B5)\APP\PROJECT\Debug\Obj\mcu_init.o"
#        "F:\0中科君达\0项目\NB水表\IAP\NB-IOT_IAP程序(BC95-B5)\APP\PROJECT\Debug\Obj\Pulse_Acquire.o"
#        "F:\0中科君达\0项目\NB水表\IAP\NB-IOT_IAP程序(BC95-B5)\APP\PROJECT\Debug\Obj\rtc.o"
#        "F:\0中科君达\0项目\NB水表\IAP\NB-IOT_IAP程序(BC95-B5)\APP\PROJECT\Debug\Obj\Save.o"
#        "F:\0中科君达\0项目\NB水表\IAP\NB-IOT_IAP程序(BC95-B5)\APP\PROJECT\Debug\Obj\stm8l15x_adc.o"
#        "F:\0中科君达\0项目\NB水表\IAP\NB-IOT_IAP程序(BC95-B5)\APP\PROJECT\Debug\Obj\stm8l15x_clk.o"
#        "F:\0中科君达\0项目\NB水表\IAP\NB-IOT_IAP程序(BC95-B5)\APP\PROJECT\Debug\Obj\stm8l15x_exti.o"
#        "F:\0中科君达\0项目\NB水表\IAP\NB-IOT_IAP程序(BC95-B5)\APP\PROJECT\Debug\Obj\stm8l15x_flash.o"
#        "F:\0中科君达\0项目\NB水表\IAP\NB-IOT_IAP程序(BC95-B5)\APP\PROJECT\Debug\Obj\stm8l15x_gpio.o"
#        "F:\0中科君达\0项目\NB水表\IAP\NB-IOT_IAP程序(BC95-B5)\APP\PROJECT\Debug\Obj\stm8l15x_it.o"
#        "F:\0中科君达\0项目\NB水表\IAP\NB-IOT_IAP程序(BC95-B5)\APP\PROJECT\Debug\Obj\stm8l15x_itc.o"
#        "F:\0中科君达\0项目\NB水表\IAP\NB-IOT_IAP程序(BC95-B5)\APP\PROJECT\Debug\Obj\stm8l15x_iwdg.o"
#        "F:\0中科君达\0项目\NB水表\IAP\NB-IOT_IAP程序(BC95-B5)\APP\PROJECT\Debug\Obj\stm8l15x_pwr.o"
#        "F:\0中科君达\0项目\NB水表\IAP\NB-IOT_IAP程序(BC95-B5)\APP\PROJECT\Debug\Obj\stm8l15x_rtc.o"
#        "F:\0中科君达\0项目\NB水表\IAP\NB-IOT_IAP程序(BC95-B5)\APP\PROJECT\Debug\Obj\stm8l15x_syscfg.o"
#        "F:\0中科君达\0项目\NB水表\IAP\NB-IOT_IAP程序(BC95-B5)\APP\PROJECT\Debug\Obj\stm8l15x_usart.o"
#        "F:\0中科君达\0项目\NB水表\IAP\NB-IOT_IAP程序(BC95-B5)\APP\PROJECT\Debug\Obj\Sys_Timer.o"
#        "F:\0中科君达\0项目\NB水表\IAP\NB-IOT_IAP程序(BC95-B5)\APP\PROJECT\Debug\Obj\Temperature.o"
#        "F:\0中科君达\0项目\NB水表\IAP\NB-IOT_IAP程序(BC95-B5)\APP\PROJECT\Debug\Obj\uart.o"
#        --redirect _Printf=_PrintfSmall --redirect _Scanf=_ScanfSmall -o
#        "F:\0中科君达\0项目\NB水表\IAP\NB-IOT_IAP程序(BC95-B5)\APP\PROJECT\Debug\Exe\project.out"
#        --map
#        "F:\0中科君达\0项目\NB水表\IAP\NB-IOT_IAP程序(BC95-B5)\APP\PROJECT\Debug\List\project.map"
#        --config
#        "F:\0中科君达\0项目\NB水表\IAP\NB-IOT_IAP程序(BC95-B5)\APP\PROJECT\..\Linker\lnkstm8l151c8.icf"
#        --config_def _CSTACK_SIZE=0x100 --config_def _HEAP_SIZE=0x100 --entry
#        __iar_program_start --debug_lib
#
###############################################################################

*******************************************************************************
*** RUNTIME MODEL ATTRIBUTES
***

__SystemLibrary            = DLib
__code_model               = medium_or_large
__core                     = stm8
__data_model               = medium
__dlib_file_descriptor     = 0
__dlib_full_locale_support = 0
__rt_version               = 4


*******************************************************************************
*** PLACEMENT SUMMARY
***

"A1":  place at start of [0x000000-0x0000ff] { rw section .vregs };
"A2":  place at end of [0x000000-0x000fff] { block CSTACK };
"P2":  place in [from 0x000000 to 0x000fff] {
          block HEAP, rw section __DLIB_PERTHREAD, rw section .far.bss,
          rw section .far.data, rw section .far.noinit,
          rw section .far_func.textrw, rw section .huge.bss,
          rw section .huge.data, rw section .huge.noinit,
          rw section .huge_func.textrw, rw section .iar.dynexit,
          rw section .near.bss, rw section .near.data, rw section .near.noinit,
          rw section .near_func.textrw };
"A3":  place at start of [0x00d000-0x017fff] { block INTVEC };
"P3":  place in [from 0x00d000 to 0x017fff] {
          ro section __DLIB_PERTHREAD_init, ro section .far.data_init,
          ro section .far_func.textrw_init, ro section .huge.data_init,
          ro section .huge_func.textrw_init, ro section .iar.init_table,
          ro section .init_array, ro section .near.data_init,
          ro section .near.rodata, ro section .near_func.text,
          ro section .near_func.textrw_init, ro section .tiny.data_init,
          ro section .tiny.rodata_init };
"P4":  place in [from 0x00d000 to 0x00ffff] |
                [from 0x010000 to 0x017fff] {
          ro section .far.rodata, ro section .far_func.text };
"P5":  place in [from 0x00d000 to 0x017fff] {
          ro section .huge.rodata, ro section .huge_func.text };

  Section            Kind      Address    Size  Object
  -------            ----      -------    ----  ------
"A1":                                     0x10
  .vregs             uninit   0x000000    0x10  vregs.o [4]
                            - 0x000010    0x10

"P2", part 1 of 2:                       0x200
  P2-1                        0x000010   0x200  <Init block>
    .near.data       inited   0x000010   0x200  Globaldata.o [1]
                            - 0x000210   0x200

"P2", part 2 of 2:                       0x434
  .near.bss          zero     0x000210   0x1d1  uart.o [1]
  .near.bss          zero     0x0003e1   0x12e  BC95.o [1]
  .near.bss          zero     0x00050f    0xaa  Sys_Timer.o [1]
  .near.bss          zero     0x0005b9    0x56  IAP.o [1]
  .near.bss          zero     0x00060f    0x22  Globaldata.o [1]
  .near.bss          zero     0x000631     0x7  Pulse_Acquire.o [1]
  .near.bss          zero     0x000638     0x4  Globaldata.o [1]
  .near.bss          zero     0x00063c     0x4  Globaldata.o [1]
  .near.bss          zero     0x000640     0x2  Globaldata.o [1]
  .near.bss          zero     0x000642     0x1  IAP.o [1]
  .near.bss          zero     0x000643     0x1  Sys_Timer.o [1]
                            - 0x000644   0x434

"A2":                                    0x100
  CSTACK                      0x000f00   0x100  <Block>
    CSTACK           uninit   0x000f00   0x100  <Block tail>
                            - 0x001000   0x100

"A3":                                     0x80
  INTVEC                      0x00d000    0x80  <Block>
    .intvec          const    0x00d000    0x80  interrupt.o [4]
                            - 0x00d080    0x80

"P4":                                    0x784
  .far_func.text     ro code  0x00d080   0x296  float.o [4]
  .far_func.text     ro code  0x00d316   0x181  vreg_util.o [4]
  .far_func.text     ro code  0x00d497    0xaf  long.o [4]
  .far_func.text     ro code  0x00d546    0x63  short.o [4]
  .far_func.text     ro code  0x00d5a9    0x58  dc_util.o [4]
  .far_func.text     ro code  0x00d601    0x48  long_util.o [4]
  .far_func.text     ro code  0x00d649    0x44  strstr.o [4]
  .far_func.text     ro code  0x00d68d    0x36  memcmp.o [4]
  .far_func.text     ro code  0x00d6c3    0x2a  far_util.o [4]
  .far_func.text     ro code  0x00d6ed    0x28  init_small.o [4]
  .far_func.text     ro code  0x00d715    0x26  memcpy.o [4]
  .far_func.text     ro code  0x00d73b    0x1e  init.o [4]
  .far_func.text     ro code  0x00d759    0x1e  init_small.o [4]
  .far_func.text     ro code  0x00d777    0x17  cstartup.o [4]
  .far_func.text     ro code  0x00d78e    0x17  memset.o [4]
  .far_func.text     ro code  0x00d7a5    0x16  __dbg_xxexit.o [3]
  .far_func.text     ro code  0x00d7bb    0x12  strlen.o [4]
  .far_func.text     ro code  0x00d7cd     0xd  move.o [4]
  .far_func.text     ro code  0x00d7da     0xb  abs.o [4]
  .far_func.text     ro code  0x00d7e5     0xa  far.o [4]
  .far_func.text     ro code  0x00d7ef     0x6  cexit.o [4]
  .far_func.text     ro code  0x00d7f5     0x4  interrupt.o [4]
  .far_func.text     ro code  0x00d7f9     0x4  exit.o [4]
  .far_func.text     ro code  0x00d7fd     0x3  low_level_init.o [4]
  .far_func.text     ro code  0x00d800     0x3  unhandled_exception.o [4]
  .far_func.text     ro code  0x00d803     0x1  __dbg_break.o [3]
                            - 0x00d804   0x784

"P3":                                    0x73e
  Initializer bytes  const    0x00d804   0x200  <for P2-1>
  .near.rodata       const    0x00da04   0x14c  Temperature.o [1]
  .near.rodata       const    0x00db50    0xc8  BC95.o [1]
  .near.rodata       const    0x00dc18    0x80  BC95.o [1]
  .near.rodata       const    0x00dc98    0x40  BC95.o [1]
  .near.rodata       const    0x00dcd8    0x40  IAP.o [1]
  .near.rodata       const    0x00dd18    0x28  BC95.o [1]
  .iar.init_table    const    0x00dd40    0x14  - Linker created -
  .near.rodata       const    0x00dd54    0x1f  BC95.o [1]
  .near.rodata       const    0x00dd73    0x1c  BC95.o [1]
  .near.rodata       const    0x00dd8f    0x1b  BC95.o [1]
  .near.rodata       const    0x00ddaa    0x1a  IAP.o [1]
  .near.rodata       const    0x00ddc4    0x11  BC95.o [1]
  .near.rodata       const    0x00ddd5    0x11  BC95.o [1]
  .near.rodata       const    0x00dde6    0x11  BC95.o [1]
  .near.rodata       const    0x00ddf7     0xc  BC95.o [1]
  .near.rodata       const    0x00de03     0xc  BC95.o [1]
  .near.rodata       const    0x00de0f     0xc  BC95.o [1]
  .near.rodata       const    0x00de1b     0xc  BC95.o [1]
  .near.rodata       const    0x00de27     0xc  BC95.o [1]
  .near.rodata       const    0x00de33     0xc  BC95.o [1]
  .near.rodata       const    0x00de3f     0xc  BC95.o [1]
  .near.rodata       const    0x00de4b     0xc  BC95.o [1]
  .near.rodata       const    0x00de57     0xc  main.o [1]
  .near.rodata       const    0x00de63     0xb  BC95.o [1]
  .near.rodata       const    0x00de6e     0xb  BC95.o [1]
  .near.rodata       const    0x00de79     0xb  BC95.o [1]
  .near.rodata       const    0x00de84     0xb  BC95.o [1]
  .near.rodata       const    0x00de8f     0xb  BC95.o [1]
  .near.rodata       const    0x00de9a     0xb  BC95.o [1]
  .near.rodata       const    0x00dea5     0xb  IAP.o [1]
  .near.rodata       const    0x00deb0     0xb  main.o [1]
  .near.rodata       const    0x00debb     0x9  BC95.o [1]
  .near.rodata       const    0x00dec4     0x9  BC95.o [1]
  .near.rodata       const    0x00decd     0x9  BC95.o [1]
  .near.rodata       const    0x00ded6     0x9  BC95.o [1]
  .near.rodata       const    0x00dedf     0x9  BC95.o [1]
  .near.rodata       const    0x00dee8     0x9  main.o [1]
  .near.rodata       const    0x00def1     0x9  Save.o [1]
  .near.rodata       const    0x00defa     0x9  Save.o [1]
  .near.rodata       const    0x00df03     0x8  BC95.o [1]
  .near.rodata       const    0x00df0b     0x7  BC95.o [1]
  .near.rodata       const    0x00df12     0x7  BC95.o [1]
  .near.rodata       const    0x00df19     0x7  BC95.o [1]
  .near.rodata       const    0x00df20     0x6  BC95.o [1]
  .near.rodata       const    0x00df26     0x6  BC95.o [1]
  .near.rodata       const    0x00df2c     0x5  BC95.o [1]
  .near.rodata       const    0x00df31     0x5  BC95.o [1]
  .near.rodata       const    0x00df36     0x5  stm8l15x_clk.o [1]
  .near.rodata       const    0x00df3b     0x4  BC95.o [1]
  .near.rodata       const    0x00df3f     0x3  BC95.o [1]
                            - 0x00df42   0x73e

"P5":                                   0x51a3
  .huge_func.text    ro code  0x00df42   0xbe6  BC95.o [1]
  .huge_func.text    ro code  0x00eb28   0x8c3  BC95.o [1]
  .huge_func.text    ro code  0x00f3eb   0x868  BC95.o [1]
  .huge_func.text    ro code  0x00fc53   0x67a  BC95.o [1]
  .huge_func.text    ro code  0x0102cd   0x215  rtc.o [1]
  .huge_func.text    ro code  0x0104e2   0x1c0  BC95.o [1]
  .huge_func.text    ro code  0x0106a2   0x1b1  Sys_Timer.o [1]
  .huge_func.text    ro code  0x010853   0x1a1  stm8l15x_itc.o [1]
  .huge_func.text    ro code  0x0109f4   0x15a  rtc.o [1]
  .huge_func.text    ro code  0x010b4e   0x157  stm8l15x_rtc.o [1]
  .huge_func.text    ro code  0x010ca5   0x143  IAP.o [1]
  .huge_func.text    ro code  0x010de8   0x130  stm8l15x_exti.o [1]
  .huge_func.text    ro code  0x010f18   0x130  Sys_Timer.o [1]
  .huge_func.text    ro code  0x011048   0x114  IAP.o [1]
  .huge_func.text    ro code  0x01115c   0x10c  Save.o [1]
  .huge_func.text    ro code  0x011268    0xff  Pulse_Acquire.o [1]
  .huge_func.text    ro code  0x011367    0xf0  Temperature.o [1]
  .huge_func.text    ro code  0x011457    0xe2  Save.o [1]
  .huge_func.text    ro code  0x011539    0xde  stm8l15x_usart.o [1]
  .huge_func.text    ro code  0x011617    0xc3  Save.o [1]
  .huge_func.text    ro code  0x0116da    0xbe  stm8l15x_rtc.o [1]
  .huge_func.text    ro code  0x011798    0xb4  mcu_init.o [1]
  .huge_func.text    ro code  0x01184c    0xb0  stm8l15x_rtc.o [1]
  .huge_func.text    ro code  0x0118fc    0xaf  stm8l15x_gpio.o [1]
  .huge_func.text    ro code  0x0119ab    0xae  Save.o [1]
  .huge_func.text    ro code  0x011a59    0xae  stm8l15x_usart.o [1]
  .huge_func.text    ro code  0x011b07    0x9e  stm8l15x_clk.o [1]
  .huge_func.text    ro code  0x011ba5    0x9a  BC95.o [1]
  .huge_func.text    ro code  0x011c3f    0x9a  stm8l15x_clk.o [1]
  .huge_func.text    ro code  0x011cd9    0x96  BC95.o [1]
  .huge_func.text    ro code  0x011d6f    0x96  uart.o [1]
  .huge_func.text    ro code  0x011e05    0x95  stm8l15x_usart.o [1]
  .huge_func.text    ro code  0x011e9a    0x94  stm8l15x_clk.o [1]
  .huge_func.text    ro code  0x011f2e    0x8d  uart.o [1]
  .huge_func.text    ro code  0x011fbb    0x8b  mcu_init.o [1]
  .huge_func.text    ro code  0x012046    0x7d  Save.o [1]
  .huge_func.text    ro code  0x0120c3    0x77  main.o [1]
  .huge_func.text    ro code  0x01213a    0x71  Globaldata.o [1]
  .huge_func.text    ro code  0x0121ab    0x70  IAP.o [1]
  .huge_func.text    ro code  0x01221b    0x6a  mcu_init.o [1]
  .huge_func.text    ro code  0x012285    0x6a  Pulse_Acquire.o [1]
  .huge_func.text    ro code  0x0122ef    0x6a  rtc.o [1]
  .huge_func.text    ro code  0x012359    0x63  Sys_Timer.o [1]
  .huge_func.text    ro code  0x0123bc    0x60  stm8l15x_rtc.o [1]
  .huge_func.text    ro code  0x01241c    0x5f  stm8l15x_rtc.o [1]
  .huge_func.text    ro code  0x01247b    0x5b  uart.o [1]
  .huge_func.text    ro code  0x0124d6    0x59  stm8l15x_exti.o [1]
  .huge_func.text    ro code  0x01252f    0x59  stm8l15x_flash.o [1]
  .huge_func.text    ro code  0x012588    0x58  stm8l15x_rtc.o [1]
  .huge_func.text    ro code  0x0125e0    0x58  Sys_Timer.o [1]
  .huge_func.text    ro code  0x012638    0x55  stm8l15x_rtc.o [1]
  .huge_func.text    ro code  0x01268d    0x51  stm8l15x_adc.o [1]
  .huge_func.text    ro code  0x0126de    0x4f  mcu_init.o [1]
  .huge_func.text    ro code  0x01272d    0x4e  stm8l15x_adc.o [1]
  .huge_func.text    ro code  0x01277b    0x4b  Globaldata.o [1]
  .huge_func.text    ro code  0x0127c6    0x46  Globaldata.o [1]
  .huge_func.text    ro code  0x01280c    0x45  stm8l15x_rtc.o [1]
  .huge_func.text    ro code  0x012851    0x42  Save.o [1]
  .huge_func.text    ro code  0x012893    0x3f  rtc.o [1]
  .huge_func.text    ro code  0x0128d2    0x3f  stm8l15x_exti.o [1]
  .huge_func.text    ro code  0x012911    0x3e  stm8l15x_usart.o [1]
  .huge_func.text    ro code  0x01294f    0x3c  main.o [1]
  .huge_func.text    ro code  0x01298b    0x3b  BC95.o [1]
  .huge_func.text    ro code  0x0129c6    0x3b  Save.o [1]
  .huge_func.text    ro code  0x012a01    0x3b  stm8l15x_rtc.o [1]
  .huge_func.text    ro code  0x012a3c    0x38  Pulse_Acquire.o [1]
  .huge_func.text    ro code  0x012a74    0x37  stm8l15x_rtc.o [1]
  .huge_func.text    ro code  0x012aab    0x36  stm8l15x_exti.o [1]
  .huge_func.text    ro code  0x012ae1    0x32  uart.o [1]
  .huge_func.text    ro code  0x012b13    0x2f  Save.o [1]
  .huge_func.text    ro code  0x012b42    0x2f  stm8l15x_adc.o [1]
  .huge_func.text    ro code  0x012b71    0x2e  stm8l15x_rtc.o [1]
  .huge_func.text    ro code  0x012b9f    0x2c  IAP.o [1]
  .huge_func.text    ro code  0x012bcb    0x2c  stm8l15x_rtc.o [1]
  .huge_func.text    ro code  0x012bf7    0x2b  rtc.o [1]
  .huge_func.text    ro code  0x012c22    0x2b  stm8l15x_usart.o [1]
  .huge_func.text    ro code  0x012c4d    0x28  BC95.o [1]
  .huge_func.text    ro code  0x012c75    0x28  stm8l15x_adc.o [1]
  .huge_func.text    ro code  0x012c9d    0x26  BC95.o [1]
  .huge_func.text    ro code  0x012cc3    0x24  BC95.o [1]
  .huge_func.text    ro code  0x012ce7    0x24  IAP.o [1]
  .huge_func.text    ro code  0x012d0b    0x23  stm8l15x_rtc.o [1]
  .huge_func.text    ro code  0x012d2e    0x22  Pulse_Acquire.o [1]
  .huge_func.text    ro code  0x012d50    0x22  stm8l15x_exti.o [1]
  .huge_func.text    ro code  0x012d72    0x21  BC95.o [1]
  .huge_func.text    ro code  0x012d93    0x21  IAP.o [1]
  .huge_func.text    ro code  0x012db4    0x20  main.o [1]
  .huge_func.text    ro code  0x012dd4    0x20  stm8l15x_rtc.o [1]
  .huge_func.text    ro code  0x012df4    0x1f  stm8l15x_it.o [1]
  .huge_func.text    ro code  0x012e13    0x1e  stm8l15x_adc.o [1]
  .huge_func.text    ro code  0x012e31    0x1b  Globaldata.o [1]
  .huge_func.text    ro code  0x012e4c    0x1b  main.o [1]
  .huge_func.text    ro code  0x012e67    0x1b  stm8l15x_it.o [1]
  .huge_func.text    ro code  0x012e82    0x1b  stm8l15x_it.o [1]
  .huge_func.text    ro code  0x012e9d    0x1b  stm8l15x_it.o [1]
  .huge_func.text    ro code  0x012eb8    0x1b  stm8l15x_it.o [1]
  .huge_func.text    ro code  0x012ed3    0x1b  stm8l15x_rtc.o [1]
  .huge_func.text    ro code  0x012eee    0x19  stm8l15x_flash.o [1]
  .huge_func.text    ro code  0x012f07    0x19  stm8l15x_flash.o [1]
  .huge_func.text    ro code  0x012f20    0x18  Save.o [1]
  .huge_func.text    ro code  0x012f38    0x18  Save.o [1]
  .huge_func.text    ro code  0x012f50    0x17  Save.o [1]
  .huge_func.text    ro code  0x012f67    0x16  main.o [1]
  .huge_func.text    ro code  0x012f7d    0x15  stm8l15x_rtc.o [1]
  .huge_func.text    ro code  0x012f92    0x13  stm8l15x_clk.o [1]
  .huge_func.text    ro code  0x012fa5    0x12  Save.o [1]
  .huge_func.text    ro code  0x012fb7    0x11  stm8l15x_adc.o [1]
  .huge_func.text    ro code  0x012fc8     0xe  Save.o [1]
  .huge_func.text    ro code  0x012fd6     0xe  Save.o [1]
  .huge_func.text    ro code  0x012fe4     0xe  Save.o [1]
  .huge_func.text    ro code  0x012ff2     0xe  stm8l15x_adc.o [1]
  .huge_func.text    ro code  0x013000     0xe  stm8l15x_pwr.o [1]
  .huge_func.text    ro code  0x01300e     0xd  stm8l15x_adc.o [1]
  .huge_func.text    ro code  0x01301b     0xd  stm8l15x_rtc.o [1]
  .huge_func.text    ro code  0x013028     0xc  mcu_init.o [1]
  .huge_func.text    ro code  0x013034     0xc  stm8l15x_flash.o [1]
  .huge_func.text    ro code  0x013040     0xb  IAP.o [1]
  .huge_func.text    ro code  0x01304b     0xb  stm8l15x_flash.o [1]
  .huge_func.text    ro code  0x013056     0xa  stm8l15x_clk.o [1]
  .huge_func.text    ro code  0x013060     0x9  IAP.o [1]
  .huge_func.text    ro code  0x013069     0x9  stm8l15x_gpio.o [1]
  .huge_func.text    ro code  0x013072     0x8  stm8l15x_gpio.o [1]
  .huge_func.text    ro code  0x01307a     0x8  stm8l15x_usart.o [1]
  .huge_func.text    ro code  0x013082     0x7  stm8l15x_gpio.o [1]
  .huge_func.text    ro code  0x013089     0x6  Save.o [1]
  .huge_func.text    ro code  0x01308f     0x6  Save.o [1]
  .huge_func.text    ro code  0x013095     0x5  BC95.o [1]
  .huge_func.text    ro code  0x01309a     0x5  stm8l15x_adc.o [1]
  .huge_func.text    ro code  0x01309f     0x5  stm8l15x_flash.o [1]
  .huge_func.text    ro code  0x0130a4     0x5  stm8l15x_iwdg.o [1]
  .huge_func.text    ro code  0x0130a9     0x5  stm8l15x_iwdg.o [1]
  .huge_func.text    ro code  0x0130ae     0x5  stm8l15x_usart.o [1]
  .huge_func.text    ro code  0x0130b3     0x5  stm8l15x_usart.o [1]
  .huge_func.text    ro code  0x0130b8     0x4  stm8l15x_clk.o [1]
  .huge_func.text    ro code  0x0130bc     0x4  stm8l15x_clk.o [1]
  .huge_func.text    ro code  0x0130c0     0x4  stm8l15x_iwdg.o [1]
  .huge_func.text    ro code  0x0130c4     0x4  stm8l15x_iwdg.o [1]
  .huge_func.text    ro code  0x0130c8     0x4  stm8l15x_iwdg.o [1]
  .huge_func.text    ro code  0x0130cc     0x1  stm8l15x_it.o [1]
  .huge_func.text    ro code  0x0130cd     0x1  stm8l15x_it.o [1]
  .huge_func.text    ro code  0x0130ce     0x1  stm8l15x_it.o [1]
  .huge_func.text    ro code  0x0130cf     0x1  stm8l15x_it.o [1]
  .huge_func.text    ro code  0x0130d0     0x1  stm8l15x_it.o [1]
  .huge_func.text    ro code  0x0130d1     0x1  stm8l15x_it.o [1]
  .huge_func.text    ro code  0x0130d2     0x1  stm8l15x_it.o [1]
  .huge_func.text    ro code  0x0130d3     0x1  stm8l15x_it.o [1]
  .huge_func.text    ro code  0x0130d4     0x1  stm8l15x_it.o [1]
  .huge_func.text    ro code  0x0130d5     0x1  stm8l15x_it.o [1]
  .huge_func.text    ro code  0x0130d6     0x1  stm8l15x_it.o [1]
  .huge_func.text    ro code  0x0130d7     0x1  stm8l15x_it.o [1]
  .huge_func.text    ro code  0x0130d8     0x1  stm8l15x_it.o [1]
  .huge_func.text    ro code  0x0130d9     0x1  stm8l15x_it.o [1]
  .huge_func.text    ro code  0x0130da     0x1  stm8l15x_it.o [1]
  .huge_func.text    ro code  0x0130db     0x1  stm8l15x_it.o [1]
  .huge_func.text    ro code  0x0130dc     0x1  stm8l15x_it.o [1]
  .huge_func.text    ro code  0x0130dd     0x1  stm8l15x_it.o [1]
  .huge_func.text    ro code  0x0130de     0x1  stm8l15x_it.o [1]
  .huge_func.text    ro code  0x0130df     0x1  stm8l15x_it.o [1]
  .huge_func.text    ro code  0x0130e0     0x1  stm8l15x_it.o [1]
  .huge_func.text    ro code  0x0130e1     0x1  stm8l15x_it.o [1]
  .huge_func.text    ro code  0x0130e2     0x1  stm8l15x_it.o [1]
  .huge_func.text    ro code  0x0130e3     0x1  stm8l15x_it.o [1]
  .huge_func.text    ro code  0x0130e4     0x1  stm8l15x_it.o [1]
                            - 0x0130e5  0x51a3


*******************************************************************************
*** INIT TABLE
***

          Address   Size
          -------   ----
Zero (__iar_zero_init2)
    1 destination range, total size 0x434:
          0x000210  0x434

Copy (__iar_copy_init2)
    1 source range, total size 0x200:
          0x00d804  0x200
    1 destination range, total size 0x200:
          0x000010  0x200



*******************************************************************************
*** MODULE SUMMARY
***

    Module                 ro code  ro data  rw data
    ------                 -------  -------  -------
F:\0中科君达\0项目\NB水表\IAP\NB-IOT_IAP程序(BC95-B5)\APP\PROJECT\Debug\Obj: [1]
    BC95.o                  10 062      834      302
    Globaldata.o               285      512      556
    IAP.o                      844      101       87
    Pulse_Acquire.o            451                 7
    Save.o                   1 303       18
    Sys_Timer.o                924               171
    Temperature.o              240      332
    main.o                     260       32
    mcu_init.o                 516
    rtc.o                    1 091
    stm8l15x_adc.o             325
    stm8l15x_clk.o             497        5
    stm8l15x_exti.o            544
    stm8l15x_flash.o           167
    stm8l15x_gpio.o            199
    stm8l15x_it.o              164
    stm8l15x_itc.o             417
    stm8l15x_iwdg.o             22
    stm8l15x_pwr.o              14
    stm8l15x_rtc.o           1 474
    stm8l15x_usart.o           668
    uart.o                     432               465
    ------------------------------------------------
    Total:                  20 899    1 834    1 588

command line: [2]
    ------------------------------------------------
    Total:

dbgstm8mmd.a: [3]
    __dbg_break.o                1
    __dbg_xxexit.o              22
    ------------------------------------------------
    Total:                      23

dlstm8mmn.a: [4]
    abs.o                       11
    cexit.o                      6
    cstartup.o                  23
    dc_util.o                   88
    exit.o                       4
    far.o                       10
    far_util.o                  42
    float.o                    662
    init.o                      30
    init_small.o                70
    interrupt.o                  4      128
    long.o                     175
    long_util.o                 72
    low_level_init.o             3
    memcmp.o                    54
    memcpy.o                    38
    memset.o                    23
    move.o                      13
    short.o                     99
    strlen.o                    18
    strstr.o                    68
    unhandled_exception.o        3
    vreg_util.o                385
    vregs.o                                       16
    ------------------------------------------------
    Total:                   1 901      128       16

    Linker created                       20      256
----------------------------------------------------
    Grand Total:            22 823    1 982    1 860


*******************************************************************************
*** ENTRY LIST
***

Entry                    Address   Size  Type      Object
-----                    -------   ----  ----      ------
.iar.init_table$$Base   0x00dd40          --   Gb  - Linker created -
.iar.init_table$$Limit  0x00dd54          --   Gb  - Linker created -
?b0                     0x000000         Data  Gb  vregs.o [4]
?b1                     0x000001         Data  Gb  vregs.o [4]
?b10                    0x00000a         Data  Gb  vregs.o [4]
?b11                    0x00000b         Data  Gb  vregs.o [4]
?b12                    0x00000c         Data  Gb  vregs.o [4]
?b13                    0x00000d         Data  Gb  vregs.o [4]
?b14                    0x00000e         Data  Gb  vregs.o [4]
?b15                    0x00000f         Data  Gb  vregs.o [4]
?b2                     0x000002         Data  Gb  vregs.o [4]
?b3                     0x000003         Data  Gb  vregs.o [4]
?b4                     0x000004         Data  Gb  vregs.o [4]
?b5                     0x000005         Data  Gb  vregs.o [4]
?b6                     0x000006         Data  Gb  vregs.o [4]
?b7                     0x000007         Data  Gb  vregs.o [4]
?b8                     0x000008         Data  Gb  vregs.o [4]
?b9                     0x000009         Data  Gb  vregs.o [4]
?dc32_l0                0x00d5a9         Code  Gb  dc_util.o [4]
?dc32_l1                0x00d5d5         Code  Gb  dc_util.o [4]
?e0                     0x000001         Data  Gb  vregs.o [4]
?e1                     0x000005         Data  Gb  vregs.o [4]
?e2                     0x000009         Data  Gb  vregs.o [4]
?e3                     0x00000d         Data  Gb  vregs.o [4]
?epilogue_l2            0x00d3fc         Code  Gb  vreg_util.o [4]
?epilogue_l2_l3         0x00d3f8         Code  Gb  vreg_util.o [4]
?epilogue_l2_w6         0x00d401         Code  Gb  vreg_util.o [4]
?epilogue_w4            0x00d40a         Code  Gb  vreg_util.o [4]
?fcastf32u16_l0_x       0x00d1d5         Code  Gb  float.o [4]
?fcasts16f32_x_l0       0x00d1f3         Code  Gb  float.o [4]
?fdiv32_l0_dc32_l1      0x00d121         Code  Gb  float.o [4]
?fdiv32_l0_l0_l1        0x00d127         Code  Gb  float.o [4]
?fmul32_l0_l0_dc32      0x00d080         Code  Gb  float.o [4]
?fmul32_l0_l0_l1        0x00d086         Code  Gb  float.o [4]
?inc32_0x_0x            0x00d4a1         Code  Gb  long.o [4]
?inc32_l0_l0            0x00d497         Code  Gb  long.o [4]
?inc32_l1_l1            0x00d49c         Code  Gb  long.o [4]
?l0                     0x000000         Data  Gb  vregs.o [4]
?l1                     0x000004         Data  Gb  vregs.o [4]
?l2                     0x000008         Data  Gb  vregs.o [4]
?l3                     0x00000c         Data  Gb  vregs.o [4]
?load24_0x_e3           0x00d6df         Code  Gb  far_util.o [4]
?load24_e0_0x           0x00d6c3         Code  Gb  far_util.o [4]
?load24_e1_0x           0x00d6d1         Code  Gb  far_util.o [4]
?load32_0x_l0           0x00d62d         Code  Gb  long_util.o [4]
?load32_0x_l1           0x00d63b         Code  Gb  long_util.o [4]
?load32_l0_0x           0x00d60b         Code  Gb  long_util.o [4]
?load32_l0_xsp          0x00d601         Code  Gb  long_util.o [4]
?load32_l1_0x           0x00d621         Code  Gb  long_util.o [4]
?load32_l1_xsp          0x00d617         Code  Gb  long_util.o [4]
?mov_e0_e1              0x00d435         Code  Gb  vreg_util.o [4]
?mov_e0_e2              0x00d442         Code  Gb  vreg_util.o [4]
?mov_e0_e3              0x00d44f         Code  Gb  vreg_util.o [4]
?mov_e1_e0              0x00d45c         Code  Gb  vreg_util.o [4]
?mov_e1_e3              0x00d469         Code  Gb  vreg_util.o [4]
?mov_e2_e0              0x00d476         Code  Gb  vreg_util.o [4]
?mov_e3_e0              0x00d483         Code  Gb  vreg_util.o [4]
?mov_e3_e1              0x00d48d         Code  Gb  vreg_util.o [4]
?mov_l0_l1              0x00d432         Code  Gb  vreg_util.o [4]
?mov_l0_l2              0x00d43f         Code  Gb  vreg_util.o [4]
?mov_l0_l3              0x00d44c         Code  Gb  vreg_util.o [4]
?mov_l1_l0              0x00d459         Code  Gb  vreg_util.o [4]
?mov_l1_l3              0x00d466         Code  Gb  vreg_util.o [4]
?mov_l2_l0              0x00d473         Code  Gb  vreg_util.o [4]
?mov_l3_l0              0x00d480         Code  Gb  vreg_util.o [4]
?mov_w0_w1              0x00d40f         Code  Gb  vreg_util.o [4]
?mov_w0_w5              0x00d416         Code  Gb  vreg_util.o [4]
?mov_w1_w3              0x00d438         Code  Gb  vreg_util.o [4]
?mov_w1_w5              0x00d445         Code  Gb  vreg_util.o [4]
?mov_w1_w6              0x00d41d         Code  Gb  vreg_util.o [4]
?mov_w1_w7              0x00d452         Code  Gb  vreg_util.o [4]
?mov_w2_w1              0x00d424         Code  Gb  vreg_util.o [4]
?mov_w3_w1              0x00d45f         Code  Gb  vreg_util.o [4]
?mov_w3_w7              0x00d46c         Code  Gb  vreg_util.o [4]
?mov_w4_w6              0x00d42b         Code  Gb  vreg_util.o [4]
?mov_w5_w1              0x00d479         Code  Gb  vreg_util.o [4]
?mov_w7_w1              0x00d486         Code  Gb  vreg_util.o [4]
?mov_w7_w3              0x00d490         Code  Gb  vreg_util.o [4]
?move1616_v_x_y_a       0x00d7cd         Code  Gb  move.o [4]
?mul16_x_x_w0           0x00d546         Code  Gb  short.o [4]
?pop_e3                 0x00d36d         Code  Gb  vreg_util.o [4]
?pop_l0                 0x00d3c0         Code  Gb  vreg_util.o [4]
?pop_l1                 0x00d3cb         Code  Gb  vreg_util.o [4]
?pop_l2                 0x00d3d6         Code  Gb  vreg_util.o [4]
?pop_l3                 0x00d3e1         Code  Gb  vreg_util.o [4]
?pop_w4                 0x00d337         Code  Gb  vreg_util.o [4]
?pop_w6                 0x00d33e         Code  Gb  vreg_util.o [4]
?push_e3                0x00d351         Code  Gb  vreg_util.o [4]
?push_l0                0x00d38b         Code  Gb  vreg_util.o [4]
?push_l1                0x00d390         Code  Gb  vreg_util.o [4]
?push_l2                0x00d395         Code  Gb  vreg_util.o [4]
?push_l3                0x00d39a         Code  Gb  vreg_util.o [4]
?push_w4                0x00d316         Code  Gb  vreg_util.o [4]
?push_w6                0x00d31b         Code  Gb  vreg_util.o [4]
?sdiv16_x_x_y           0x00d564         Code  Gb  short.o [4]
?sext16_x_a             0x00d5a2         Code  Gb  short.o [4]
?sext32_l0_x            0x00d53b         Code  Gb  long.o [4]
?sll16_x_x_a            0x00d58d         Code  Gb  short.o [4]
?smod16_y_x_y           0x00d57d         Code  Gb  short.o [4]
?srl16_x_x_10           0x00d597         Code  Gb  short.o [4]
?srl16_x_x_11           0x00d596         Code  Gb  short.o [4]
?srl16_x_x_12           0x00d595         Code  Gb  short.o [4]
?srl16_x_x_4            0x00d59d         Code  Gb  short.o [4]
?srl16_x_x_5            0x00d59c         Code  Gb  short.o [4]
?srl16_x_x_6            0x00d59b         Code  Gb  short.o [4]
?srl16_x_x_7            0x00d59a         Code  Gb  short.o [4]
?srl16_x_x_8            0x00d599         Code  Gb  short.o [4]
?srl16_x_x_9            0x00d598         Code  Gb  short.o [4]
?ucmp24_c_0x_e0         0x00d7e5         Code  Gb  far.o [4]
?ucmp32_c_l0_0x         0x00d520         Code  Gb  long.o [4]
?ucmp32_c_l0_l1         0x00d530         Code  Gb  long.o [4]
?udiv32_l0_l0_dl        0x00d4af         Code  Gb  long.o [4]
?udiv32_l0_l0_l1        0x00d4b3         Code  Gb  long.o [4]
?umod32_l1_l0_l1        0x00d4b3         Code  Gb  long.o [4]
?w0                     0x000000         Data  Gb  vregs.o [4]
?w1                     0x000002         Data  Gb  vregs.o [4]
?w2                     0x000004         Data  Gb  vregs.o [4]
?w3                     0x000006         Data  Gb  vregs.o [4]
?w4                     0x000008         Data  Gb  vregs.o [4]
?w5                     0x00000a         Data  Gb  vregs.o [4]
?w6                     0x00000c         Data  Gb  vregs.o [4]
?w7                     0x00000e         Data  Gb  vregs.o [4]
ACK                     0x011cd9   0x96  Code  Gb  BC95.o [1]
ADC1_COMP_IRQHandler    0x0130db    0x1  Code  Gb  stm8l15x_it.o [1]
ADC_ChannelCmd          0x01272d   0x4e  Code  Gb  stm8l15x_adc.o [1]
ADC_ClearFlag           0x01300e    0xd  Code  Gb  stm8l15x_adc.o [1]
ADC_Cmd                 0x012fb7   0x11  Code  Gb  stm8l15x_adc.o [1]
ADC_GetConversionValue  0x012c75   0x28  Code  Gb  stm8l15x_adc.o [1]
ADC_GetFlagStatus       0x012e13   0x1e  Code  Gb  stm8l15x_adc.o [1]
ADC_Init                0x012b42   0x2f  Code  Gb  stm8l15x_adc.o [1]
ADC_SamplingTimeConfig  0x01268d   0x51  Code  Gb  stm8l15x_adc.o [1]
ADC_SoftwareStartConv   0x01309a    0x5  Code  Gb  stm8l15x_adc.o [1]
ADC_VrefintCmd          0x012ff2    0xe  Code  Gb  stm8l15x_adc.o [1]
APPValid                0x000642    0x1  Data  Gb  IAP.o [1]
ASCLL_to_Int            0x0127c6   0x46  Code  Gb  Globaldata.o [1]
Alarm_Interrupt         0x012bf7   0x2b  Code  Gb  rtc.o [1]
BC95                    0x0003e1  0x12e  Data  Gb  BC95.o [1]
BC95_Data_Send          0x012cc3   0x24  Code  Gb  BC95.o [1]
BC95_Delay_CallBack     0x013095    0x5  Code  Gb  BC95.o [1]
BC95_Power_On           0x01298b   0x3b  Code  Gb  BC95.o [1]
BC95_Process            0x00eb28  0x8c3  Code  Gb  BC95.o [1]
BC95_Recv_Timeout_CallBack
                        0x012c9d   0x26  Code  Gb  BC95.o [1]
BC95_Reset              0x012c4d   0x28  Code  Gb  BC95.o [1]
BC95_Start              0x012d72   0x21  Code  Gb  BC95.o [1]
Bcd2ToByte              0x012ed3   0x1b  Code  Lc  stm8l15x_rtc.o [1]
ByteToBcd2              0x012dd4   0x20  Code  Lc  stm8l15x_rtc.o [1]
CLK_GetClockFreq        0x011b07   0x9e  Code  Gb  stm8l15x_clk.o [1]
CLK_GetFlagStatus       0x011c3f   0x9a  Code  Gb  stm8l15x_clk.o [1]
CLK_LSEConfig           0x012f92   0x13  Code  Gb  stm8l15x_clk.o [1]
CLK_PeripheralClockConfig
                        0x011e9a   0x94  Code  Gb  stm8l15x_clk.o [1]
CLK_RTCClockConfig      0x013056    0xa  Code  Gb  stm8l15x_clk.o [1]
CLK_SYSCLKDivConfig     0x0130bc    0x4  Code  Gb  stm8l15x_clk.o [1]
CLK_SYSCLKSourceConfig  0x0130b8    0x4  Code  Gb  stm8l15x_clk.o [1]
CRC16                   0x01277b   0x4b  Code  Gb  Globaldata.o [1]
CSTACK$$Base            0x000f00          --   Gb  - Linker created -
CSTACK$$Limit           0x001000          --   Gb  - Linker created -
Cal                     0x000631    0x7  Data  Gb  Pulse_Acquire.o [1]
Check_Version           0x01294f   0x3c  Code  Gb  main.o [1]
Clear_Single_History_Data
                        0x0129c6   0x3b  Code  Gb  Save.o [1]
Create_Timer            0x010f18  0x130  Code  Gb  Sys_Timer.o [1]
DMA1_CHANNEL0_1_IRQHandler
                        0x0130ce    0x1  Code  Gb  stm8l15x_it.o [1]
DMA1_CHANNEL2_3_IRQHandler
                        0x0130cf    0x1  Code  Gb  stm8l15x_it.o [1]
Delete_Timer            0x012359   0x63  Code  Gb  Sys_Timer.o [1]
EEPROM_ReadWord         0x012ce7   0x24  Code  Gb  IAP.o [1]
EXTI0_IRQHandler        0x012e82   0x1b  Code  Gb  stm8l15x_it.o [1]
EXTI1_IRQHandler        0x0130d2    0x1  Code  Gb  stm8l15x_it.o [1]
EXTI2_IRQHandler        0x0130d3    0x1  Code  Gb  stm8l15x_it.o [1]
EXTI3_IRQHandler        0x0130d4    0x1  Code  Gb  stm8l15x_it.o [1]
EXTI4_IRQHandler        0x0130d5    0x1  Code  Gb  stm8l15x_it.o [1]
EXTI5_IRQHandler        0x0130d6    0x1  Code  Gb  stm8l15x_it.o [1]
EXTI6_IRQHandler        0x0130d7    0x1  Code  Gb  stm8l15x_it.o [1]
EXTI7_IRQHandler        0x0130d8    0x1  Code  Gb  stm8l15x_it.o [1]
EXTIB_G_IRQHandler      0x0130d1    0x1  Code  Gb  stm8l15x_it.o [1]
EXTID_H_IRQHandler      0x012e67   0x1b  Code  Gb  stm8l15x_it.o [1]
EXTIE_F_PVD_IRQHandler  0x0130d0    0x1  Code  Gb  stm8l15x_it.o [1]
EXTI_ClearITPendingBit  0x012d50   0x22  Code  Gb  stm8l15x_exti.o [1]
EXTI_SelectPort         0x012aab   0x36  Code  Gb  stm8l15x_exti.o [1]
EXTI_SetHalfPortSelection
                        0x0128d2   0x3f  Code  Gb  stm8l15x_exti.o [1]
EXTI_SetPinSensitivity  0x010de8  0x130  Code  Gb  stm8l15x_exti.o [1]
EXTI_SetPortSensitivity
                        0x0124d6   0x59  Code  Gb  stm8l15x_exti.o [1]
Exti0_Interrupt         0x012d2e   0x22  Code  Gb  Pulse_Acquire.o [1]
ExtiD_Interrupt         0x011268   0xff  Code  Gb  Pulse_Acquire.o [1]
FLASH_GetFlagStatus     0x012f07   0x19  Code  Gb  stm8l15x_flash.o [1]
FLASH_IRQHandler        0x0130cd    0x1  Code  Gb  stm8l15x_it.o [1]
FLASH_Lock              0x01304b    0xb  Code  Gb  stm8l15x_flash.o [1]
FLASH_ProgramByte       0x013034    0xc  Code  Gb  stm8l15x_flash.o [1]
FLASH_ProgramWord       0x01252f   0x59  Code  Gb  stm8l15x_flash.o [1]
FLASH_ReadByte          0x01309f    0x5  Code  Gb  stm8l15x_flash.o [1]
FLASH_Unlock            0x012eee   0x19  Code  Gb  stm8l15x_flash.o [1]
GMT_to_BT               0x0102cd  0x215  Code  Gb  rtc.o [1]
GPIO_Configuration      0x0126de   0x4f  Code  Gb  mcu_init.o [1]
GPIO_Init               0x0118fc   0xaf  Code  Gb  stm8l15x_gpio.o [1]
GPIO_ReadInputDataBit   0x013069    0x9  Code  Gb  stm8l15x_gpio.o [1]
GPIO_ResetBits          0x013072    0x8  Code  Gb  stm8l15x_gpio.o [1]
GPIO_SetBits            0x013082    0x7  Code  Gb  stm8l15x_gpio.o [1]
HistoryData             0x000640    0x2  Data  Gb  Globaldata.o [1]
I2C1_SPI2_IRQHandler    0x0130e4    0x1  Code  Gb  stm8l15x_it.o [1]
INTVEC$$Base            0x00d000          --   Gb  - Linker created -
INTVEC$$Limit           0x00d080          --   Gb  - Linker created -
ITC_SetSoftwarePriority
                        0x010853  0x1a1  Code  Gb  stm8l15x_itc.o [1]
IWDG_Enable             0x0130a9    0x5  Code  Gb  stm8l15x_iwdg.o [1]
IWDG_INIT               0x012e4c   0x1b  Code  Gb  main.o [1]
IWDG_ReloadCounter      0x0130a4    0x5  Code  Gb  stm8l15x_iwdg.o [1]
IWDG_SetPrescaler       0x0130c4    0x4  Code  Gb  stm8l15x_iwdg.o [1]
IWDG_SetReload          0x0130c8    0x4  Code  Gb  stm8l15x_iwdg.o [1]
IWDG_WriteAccessCmd     0x0130c0    0x4  Code  Gb  stm8l15x_iwdg.o [1]
Int_to_ASCLL            0x012e31   0x1b  Code  Gb  Globaldata.o [1]
JumptoBLD               0x013040    0xb  Code  Gb  IAP.o [1]
LCD_AES_IRQHandler      0x0130d9    0x1  Code  Gb  stm8l15x_it.o [1]
MCU_DeInit              0x011fbb   0x8b  Code  Gb  mcu_init.o [1]
Magnetic_Interference_Detection
                        0x012a3c   0x38  Code  Gb  Pulse_Acquire.o [1]
MeterParameter          0x00060f   0x22  Data  Gb  Globaldata.o [1]
PWR_UltraLowPowerCmd    0x013000    0xe  Code  Gb  stm8l15x_pwr.o [1]
Pulse_Acquire_Config    0x012285   0x6a  Code  Gb  Pulse_Acquire.o [1]
RCC_Configuration       0x013028    0xc  Code  Gb  mcu_init.o [1]
RTC_AlarmCmd            0x012638   0x55  Code  Gb  stm8l15x_rtc.o [1]
RTC_CSSLSE_IRQHandler   0x012df4   0x1f  Code  Gb  stm8l15x_it.o [1]
RTC_ClearITPendingBit   0x01301b    0xd  Code  Gb  stm8l15x_rtc.o [1]
RTC_DateStr             0x00063c    0x4  Data  Gb  Globaldata.o [1]
RTC_EnterInitMode       0x012bcb   0x2c  Code  Gb  stm8l15x_rtc.o [1]
RTC_GetDate             0x0123bc   0x60  Code  Gb  stm8l15x_rtc.o [1]
RTC_GetITStatus         0x012b71   0x2e  Code  Gb  stm8l15x_rtc.o [1]
RTC_GetTime             0x012588   0x58  Code  Gb  stm8l15x_rtc.o [1]
RTC_ITConfig            0x012a01   0x3b  Code  Gb  stm8l15x_rtc.o [1]
RTC_Init                0x01241c   0x5f  Code  Gb  stm8l15x_rtc.o [1]
RTC_SetAlarm            0x010b4e  0x157  Code  Gb  stm8l15x_rtc.o [1]
RTC_SetDate             0x0116da   0xbe  Code  Gb  stm8l15x_rtc.o [1]
RTC_SetTime             0x01184c   0xb0  Code  Gb  stm8l15x_rtc.o [1]
RTC_SetWakeUpCounter    0x012f7d   0x15  Code  Gb  stm8l15x_rtc.o [1]
RTC_TimeStr             0x000638    0x4  Data  Gb  Globaldata.o [1]
RTC_WaitForSynchro      0x012a74   0x37  Code  Gb  stm8l15x_rtc.o [1]
RTC_WakeUpClockConfig   0x012d0b   0x23  Code  Gb  stm8l15x_rtc.o [1]
RTC_WakeUpCmd           0x01280c   0x45  Code  Gb  stm8l15x_rtc.o [1]
Read_ACUM_Flow          0x012fa5   0x12  Code  Gb  Save.o [1]
Read_BC95_ErrorRecord   0x013089    0x6  Code  Gb  Save.o [1]
Read_History_Data       0x011617   0xc3  Code  Gb  Save.o [1]
Read_History_Save_Index
                        0x01308f    0x6  Code  Gb  Save.o [1]
Read_Meter_Parameter    0x012046   0x7d  Code  Gb  Save.o [1]
Read_Temp               0x011367   0xf0  Code  Gb  Temperature.o [1]
Read_Upgrade_Info       0x012f50   0x17  Code  Gb  Save.o [1]
Read_Version            0x012b13   0x2f  Code  Gb  Save.o [1]
Read_Voltage            0x011798   0xb4  Code  Gb  mcu_init.o [1]
Recv_Data_Process       0x00fc53  0x67a  Code  Gb  BC95.o [1]
Region$$Table$$Base     0x00dd40          --   Gb  - Linker created -
Region$$Table$$Limit    0x00dd54          --   Gb  - Linker created -
Report_All_Parameters   0x00df42  0xbe6  Code  Gb  BC95.o [1]
Report_HC_Flow          0x00f3eb  0x868  Code  Gb  BC95.o [1]
Report_History_Data     0x0104e2  0x1c0  Code  Gb  BC95.o [1]
Rtc_Config              0x0122ef   0x6a  Code  Gb  rtc.o [1]
Run_BLD                 0x013060    0x9  Code  Gb  IAP.o [1]
SPI1_IRQHandler         0x0130e1    0x1  Code  Gb  stm8l15x_it.o [1]
STM8_Interrupt_Vector_Table_Redirection
                        0x0121ab   0x70  Code  Gb  IAP.o [1]
SWITCH_CSS_BREAK_DAC_IRQHandler
                        0x0130da    0x1  Code  Gb  stm8l15x_it.o [1]
SYSDivFactor            0x00df36    0x5  Data  Gb  stm8l15x_clk.o [1]
Save_APP_Valid          0x012fd6    0xe  Code  Gb  Save.o [1]
Save_Add_Flow           0x012f38   0x18  Code  Gb  Save.o [1]
Save_BC95_ErrorRecord   0x012fc8    0xe  Code  Gb  Save.o [1]
Save_History_Data       0x01115c  0x10c  Code  Gb  Save.o [1]
Save_Meter_Parameter    0x012851   0x42  Code  Gb  Save.o [1]
Save_SDCF_Flow          0x011457   0xe2  Code  Gb  Save.o [1]
Save_Upgrade_Info       0x012fe4    0xe  Code  Gb  Save.o [1]
Save_Version            0x012f20   0x18  Code  Gb  Save.o [1]
SendUpgradeMessage24    0x011048  0x114  Code  Gb  IAP.o [1]
Send_Data_Process       0x011ba5   0x9a  Code  Gb  BC95.o [1]
Set_Alarm               0x012893   0x3f  Code  Gb  rtc.o [1]
Sleep                   0x012db4   0x20  Code  Gb  main.o [1]
SysTick_Handler         0x0106a2  0x1b1  Code  Gb  Sys_Timer.o [1]
Sys_Timer               0x00050f   0xaa  Data  Lc  Sys_Timer.o [1]
Sys_Timer_Process       0x0125e0   0x58  Code  Gb  Sys_Timer.o [1]
TIM1_CC_IRQHandler      0x0130df    0x1  Code  Gb  stm8l15x_it.o [1]
TIM1_UPD_OVF_TRG_COM_IRQHandler
                        0x0130de    0x1  Code  Gb  stm8l15x_it.o [1]
TIM2_CC_USART2_RX_IRQHandler
                        0x012eb8   0x1b  Code  Gb  stm8l15x_it.o [1]
TIM2_UPD_OVF_TRG_BRK_USART2_TX_IRQHandler
                        0x012e9d   0x1b  Code  Gb  stm8l15x_it.o [1]
TIM3_CC_USART3_RX_IRQHandler
                        0x0130dd    0x1  Code  Gb  stm8l15x_it.o [1]
TIM3_UPD_OVF_TRG_BRK_USART3_TX_IRQHandler
                        0x0130dc    0x1  Code  Gb  stm8l15x_it.o [1]
TIM4_UPD_OVF_TRG_IRQHandler
                        0x0130e0    0x1  Code  Gb  stm8l15x_it.o [1]
TRAP_IRQHandler         0x0130cc    0x1  Code  Gb  stm8l15x_it.o [1]
Temp_Table              0x00da04  0x14c  Data  Gb  Temperature.o [1]
USART1_RX_TIM5_CC_IRQHandler
                        0x0130e3    0x1  Code  Gb  stm8l15x_it.o [1]
USART1_TX_TIM5_UPD_OVF_TRG_BRK_IRQHandler
                        0x0130e2    0x1  Code  Gb  stm8l15x_it.o [1]
USART2_Configuration    0x01221b   0x6a  Code  Gb  mcu_init.o [1]
USART2_IRQHandler       0x011d6f   0x96  Code  Gb  uart.o [1]
USART2_TX_IRQHandler    0x01247b   0x5b  Code  Gb  uart.o [1]
USART_ClearITPendingBit
                        0x0130b3    0x5  Code  Gb  stm8l15x_usart.o [1]
USART_Cmd               0x012c22   0x2b  Code  Gb  stm8l15x_usart.o [1]
USART_DeInit            0x012911   0x3e  Code  Gb  stm8l15x_usart.o [1]
USART_GetITStatus       0x011a59   0xae  Code  Gb  stm8l15x_usart.o [1]
USART_ITConfig          0x011e05   0x95  Code  Gb  stm8l15x_usart.o [1]
USART_Init              0x011539   0xde  Code  Gb  stm8l15x_usart.o [1]
USART_ReceiveData8      0x0130ae    0x5  Code  Gb  stm8l15x_usart.o [1]
USART_SendData8         0x01307a    0x8  Code  Gb  stm8l15x_usart.o [1]
Uart2                   0x000210  0x1d1  Data  Gb  uart.o [1]
Uart2_Receive           0x012ae1   0x32  Code  Gb  uart.o [1]
Uart2_Send              0x011f2e   0x8d  Code  Gb  uart.o [1]
Upgrade                 0x0005b9   0x56  Data  Gb  IAP.o [1]
Upgrade_Recv_Process    0x010ca5  0x143  Code  Gb  IAP.o [1]
Upgrade_Send_Process    0x012b9f   0x2c  Code  Gb  IAP.o [1]
Upgrade_TimeOut_CallBack
                        0x012d93   0x21  Code  Gb  IAP.o [1]
Wake_Interrupt          0x0109f4  0x15a  Code  Gb  rtc.o [1]
WriteRom                0x0119ab   0xae  Code  Gb  Save.o [1]
__DebugBreak            0x00d803    0x1  Code  Gb  __dbg_break.o [3]
__exit                  0x00d7a5   0x16  Code  Gb  __dbg_xxexit.o [3]
__iar_Strstr            0x00d649   0x44  Code  Gb  strstr.o [4]
__iar_copy_init2        0x00d6ed         Code  Gb  init_small.o [4]
__iar_data_init2        0x00d73b   0x1e  Code  Gb  init.o [4]
__iar_program_start     0x00d777         Code  Gb  cstartup.o [4]
__iar_unhandled_exception
                        0x00d800         Code  Gb  unhandled_exception.o [4]
__iar_zero_init2        0x00d759         Code  Gb  init_small.o [4]
__intvec                0x00d000         Data  Gb  interrupt.o [4]
__low_level_init        0x00d7fd    0x3  Code  Gb  low_level_init.o [4]
_exit                   0x00d7ef         Code  Gb  cexit.o [4]
_interrupt_1            0x0130cc         Code  Gb  stm8l15x_it.o [1]
_interrupt_10           0x012e82         Code  Gb  stm8l15x_it.o [1]
_interrupt_11           0x0130d2         Code  Gb  stm8l15x_it.o [1]
_interrupt_12           0x0130d3         Code  Gb  stm8l15x_it.o [1]
_interrupt_13           0x0130d4         Code  Gb  stm8l15x_it.o [1]
_interrupt_14           0x0130d5         Code  Gb  stm8l15x_it.o [1]
_interrupt_15           0x0130d6         Code  Gb  stm8l15x_it.o [1]
_interrupt_16           0x0130d7         Code  Gb  stm8l15x_it.o [1]
_interrupt_17           0x0130d8         Code  Gb  stm8l15x_it.o [1]
_interrupt_18           0x0130d9         Code  Gb  stm8l15x_it.o [1]
_interrupt_19           0x0130da         Code  Gb  stm8l15x_it.o [1]
_interrupt_20           0x0130db         Code  Gb  stm8l15x_it.o [1]
_interrupt_21           0x012e9d         Code  Gb  stm8l15x_it.o [1]
_interrupt_22           0x012eb8         Code  Gb  stm8l15x_it.o [1]
_interrupt_23           0x0130dc         Code  Gb  stm8l15x_it.o [1]
_interrupt_24           0x0130dd         Code  Gb  stm8l15x_it.o [1]
_interrupt_25           0x0130de         Code  Gb  stm8l15x_it.o [1]
_interrupt_26           0x0130df         Code  Gb  stm8l15x_it.o [1]
_interrupt_27           0x0130e0         Code  Gb  stm8l15x_it.o [1]
_interrupt_28           0x0130e1         Code  Gb  stm8l15x_it.o [1]
_interrupt_29           0x0130e2         Code  Gb  stm8l15x_it.o [1]
_interrupt_3            0x0130cd         Code  Gb  stm8l15x_it.o [1]
_interrupt_30           0x0130e3         Code  Gb  stm8l15x_it.o [1]
_interrupt_31           0x0130e4         Code  Gb  stm8l15x_it.o [1]
_interrupt_4            0x0130ce         Code  Gb  stm8l15x_it.o [1]
_interrupt_5            0x0130cf         Code  Gb  stm8l15x_it.o [1]
_interrupt_6            0x012df4         Code  Gb  stm8l15x_it.o [1]
_interrupt_7            0x0130d0         Code  Gb  stm8l15x_it.o [1]
_interrupt_8            0x0130d1         Code  Gb  stm8l15x_it.o [1]
_interrupt_9            0x012e67         Code  Gb  stm8l15x_it.o [1]
abs                     0x00d7da    0xb  Code  Gb  abs.o [4]
crc16_table             0x000010  0x200  Data  Lc  Globaldata.o [1]
exit                    0x00d7f9    0x4  Code  Gb  exit.o [4]
main                    0x0120c3   0x77  Code  Gb  main.o [1]
memcmp                  0x00d68d   0x36  Code  Gb  memcmp.o [4]
memcpy                  0x00d715   0x26  Code  Gb  memcpy.o [4]
memset                  0x00d78e   0x17  Code  Gb  memset.o [4]
strlen                  0x00d7bb   0x12  Code  Gb  strlen.o [4]
strnstr                 0x01213a   0x71  Code  Gb  Globaldata.o [1]
strstr                  0x012f67   0x16  Code  Gb  main.o [1]


[1] = F:\0中科君达\0项目\NB水表\IAP\NB-IOT_IAP程序(BC95-B5)\APP\PROJECT\Debug\Obj
[2] = command line
[3] = dbgstm8mmd.a
[4] = dlstm8mmn.a

  22 823 bytes of readonly  code memory
   1 982 bytes of readonly  data memory
   1 860 bytes of readwrite data memory

Errors: none
Warnings: none
